51.255.71.128 - - [22/Jul/2017:05:25:12 -0400] "GET /ru/news/66-support_ru/users-guide/545-working-with-calls-views.html HTTP/1.1" 200 7712 "-" "Mozilla/5.0 (compatible; AhrefsBot/5.2; +http://ahrefs.com/robot/)"
62.212.73.211 - - [22/Jul/2017:05:28:42 -0400] "GET /robots.txt HTTP/1.1" 200 757 "-" "Mozilla/5.0 (compatible; MJ12bot/v1.4.8; http://mj12bot.com/)"
62.212.73.211 - - [22/Jul/2017:05:28:45 -0400] "GET / HTTP/1.1" 301 546 "-" "Mozilla/5.0 (compatible; MJ12bot/v1.4.8; http://mj12bot.com/)"
62.212.73.211 - - [22/Jul/2017:05:28:48 -0400] "GET /en/ HTTP/1.1" 200 29679 "-" "Mozilla/5.0 (compatible; MJ12bot/v1.4.8; http://mj12bot.com/)"
62.212.73.211 - - [22/Jul/2017:05:28:51 -0400] "GET /en/ HTTP/1.1" 200 7485 "-" "Mozilla/5.0 (compatible; MJ12bot/v1.4.8; http://mj12bot.com/)"
62.212.73.211 - - [22/Jul/2017:05:28:58 -0400] "GET /robots.txt HTTP/1.1" 200 757 "-" "Mozilla/5.0 (compatible; MJ12bot/v1.4.8; http://mj12bot.com/)"
62.212.73.211 - - [22/Jul/2017:05:29:01 -0400] "GET / HTTP/1.1" 301 550 "-" "Mozilla/5.0 (compatible; MJ12bot/v1.4.8; http://mj12bot.com/)"
62.212.73.211 - - [22/Jul/2017:05:29:04 -0400] "GET /en/ HTTP/1.1" 200 29521 "-" "Mozilla/5.0 (compatible; MJ12bot/v1.4.8; http://mj12bot.com/)"
207.46.13.64 - - [22/Jul/2017:05:33:52 -0400] "GET /uk/56-products_uk/features-uk/180-ts-structure-uk.html HTTP/1.1" 200 8259 "-" "Mozilla/5.0 (compatible; bingbot/2.0; +http://www.bing.com/bingbot.htm)"
164.132.161.57 - - [22/Jul/2017:05:38:16 -0400] "GET /uk/support/knowledge-base/20-reports.feed?type=rss HTTP/1.1" 302 566 "-" "Mozilla/5.0 (compatible; AhrefsBot/5.2; +http://ahrefs.com/robot/)"
75.101.162.240 - - [22/Jul/2017:05:39:32 -0400] "GET /robots.txt HTTP/1.1" 200 701 "-" "Mozilla/5.0 (compatible; DotBot/1.1; http://www.opensiteexplorer.org/dotbot, help@moz.com)"
46.229.164.101 - - [22/Jul/2017:05:49:51 -0400] "GET /robots.txt HTTP/1.1" 200 508 "-" "Mozilla/5.0 (compatible; SemrushBot/1.2~bl; +http://www.semrush.com/bot.html)"
123.125.71.60 - - [22/Jul/2017:05:50:13 -0400] "GET / HTTP/1.1" 301 569 "-" "Mozilla/5.0 (compatible; Baiduspider/2.0; +http://www.baidu.com/search/spider.html)"
123.125.71.85 - - [22/Jul/2017:05:50:14 -0400] "GET /en/ HTTP/1.1" 200 7476 "-" "Mozilla/5.0 (compatible; Baiduspider/2.0; +http://www.baidu.com/search/spider.html)"
164.132.161.35 - - [22/Jul/2017:05:56:59 -0400] "GET /uk/support/kb/63-support_uk/ts-and-equipment/345-restriction-feature-for-cucm.html HTTP/1.1" 200 14009 "-" "Mozilla/5.0 (compatible; AhrefsBot/5.2; +http://ahrefs.com/robot/)"
180.76.15.135 - - [22/Jul/2017:05:58:03 -0400] "GET /en/59-support_en/admin-guide/261-netflow-collector-settings.html HTTP/1.1" 200 6838 "-" "Mozilla/5.0 (compatible; Baiduspider/2.0; +http://www.baidu.com/search/spider.html)"
185.154.13.6 - - [22/Jul/2017:05:59:58 -0400] "HEAD / HTTP/1.1" 301 587 "https://themeget.ru/product/food-truck-restaurant" "Mozilla/6.0 (compatible; MSIE2.00; Windows 2004)"
178.159.39.237 - - [22/Jul/2017:05:59:58 -0400] "HEAD / HTTP/1.1" 301 587 "https://xn--80aejhvi0at.xn--90ais/algoritmremonta.html" "Mozilla/3.0 (compatible; MSIE2.00; Windows 2005)"
77.220.213.173 - - [22/Jul/2017:05:59:58 -0400] "HEAD / HTTP/1.1" 301 587 "http://www.natco-russia.ru/news/lechenie-gepatita-s-v-2017-m-cena-na-sofosbuvir-kupit-sofosbuvir/" "Mozilla/3.0 (compatible; MSIE6.00; Windows 2002)"
185.209.20.147 - - [22/Jul/2017:05:59:58 -0400] "HEAD / HTTP/1.1" 301 587 "https://www.spokiy.com/kontakty.html" "Mozilla/7.0 (compatible; MSIE3.00; Windows 2005)"
164.132.161.96 - - [22/Jul/2017:05:59:59 -0400] "GET /en/forum/4-Tariscope-3x/218-%D0%9D%D0%BE%D0%BC%D0%B5%D1%80%D0%B0-%D0%B8-%D0%BA%D0%BE%D0%B4%D1%8B/post.html?do=reply HTTP/1.1" 302 566 "-" "Mozilla/5.0 (compatible; AhrefsBot/5.2; +http://ahrefs.com/robot/)"
178.159.39.237 - - [22/Jul/2017:06:00:02 -0400] "HEAD /en/ HTTP/1.1" 200 366 "https://xn--80aejhvi0at.xn--90ais/algoritmremonta.html" "Mozilla/3.0 (compatible; MSIE2.00; Windows 2005)"
185.154.13.6 - - [22/Jul/2017:06:00:02 -0400] "HEAD /en/ HTTP/1.1" 200 366 "https://themeget.ru/product/food-truck-restaurant" "Mozilla/6.0 (compatible; MSIE2.00; Windows 2004)"
77.220.213.173 - - [22/Jul/2017:06:00:02 -0400] "HEAD /en/ HTTP/1.1" 200 366 "http://www.natco-russia.ru/news/lechenie-gepatita-s-v-2017-m-cena-na-sofosbuvir-kupit-sofosbuvir/" "Mozilla/3.0 (compatible; MSIE6.00; Windows 2002)"
185.209.20.147 - - [22/Jul/2017:06:00:03 -0400] "HEAD /en/ HTTP/1.1" 200 366 "https://www.spokiy.com/kontakty.html" "Mozilla/7.0 (compatible; MSIE3.00; Windows 2005)"
51.255.65.40 - - [22/Jul/2017:06:01:36 -0400] "GET /en/support/kb/59-support_en/admin-guide/263-cdr-avaya-bcm-norstar.html HTTP/1.1" 200 5594 "-" "Mozilla/5.0 (compatible; AhrefsBot/5.2; +http://ahrefs.com/robot/)"
164.132.161.68 - - [22/Jul/2017:06:04:05 -0400] "GET /ru/61-support_ru/tariscope-pbxs/342-cucm-cdr-processing.html HTTP/1.1" 200 19985 "-" "Mozilla/5.0 (compatible; AhrefsBot/5.2; +http://ahrefs.com/robot/)"
75.101.162.240 - - [22/Jul/2017:06:05:20 -0400] "GET /ru/ts-ent-ru.html HTTP/1.1" 200 41328 "-" "Mozilla/5.0 (compatible; DotBot/1.1; http://www.opensiteexplorer.org/dotbot, help@moz.com)"
164.132.161.7 - - [22/Jul/2017:06:08:52 -0400] "GET /ru/64-support_ru/administrator-s-guide/460-prefixes.html HTTP/1.1" 200 8318 "-" "Mozilla/5.0 (compatible; AhrefsBot/5.2; +http://ahrefs.com/robot/)"
66.249.65.120 - - [22/Jul/2017:06:18:18 -0400] "GET /uk/products/tariscope-enterprise.html HTTP/1.1" 200 9949 "-" "Mozilla/5.0 (compatible; Googlebot/2.1; +http://www.google.com/bot.html)"
164.132.161.76 - - [22/Jul/2017:06:19:48 -0400] "GET /ru/forum/4-Tariscope-3x/218-%D0%9D%D0%BE%D0%BC%D0%B5%D1%80%D0%B0-%D0%B8-%D0%BA%D0%BE%D0%B4%D1%8B/post.html?do=reply HTTP/1.1" 302 566 "-" "Mozilla/5.0 (compatible; AhrefsBot/5.2; +http://ahrefs.com/robot/)"
66.249.65.120 - - [22/Jul/2017:06:22:30 -0400] "GET /uk/support/kb.html HTTP/1.1" 200 6286 "-" "Mozilla/5.0 (compatible; Googlebot/2.1; +http://www.google.com/bot.html)"
217.182.132.18 - - [22/Jul/2017:06:27:10 -0400] "GET /en/news/261---tariscope-35.html HTTP/1.1" 200 6924 "-" "Mozilla/5.0 (compatible; AhrefsBot/5.2; +http://ahrefs.com/robot/)"
165.227.138.4 - - [22/Jul/2017:06:28:08 -0400] "GET / HTTP/1.1" 302 520 "https://www.google.de/" "Mozilla/5.0 (Linux; Android 5.0.2; Lenovo S90-A Build/LRX22G) AppleWebKit/537.36 (KHTML, like Gecko) Chrome/59.0.3071.125 Mobile Safari/537.36"
165.227.138.4 - - [22/Jul/2017:06:28:08 -0400] "GET /ru/ HTTP/1.1" 200 8310 "https://www.google.de/" "Mozilla/5.0 (Linux; Android 5.0.2; Lenovo S90-A Build/LRX22G) AppleWebKit/537.36 (KHTML, like Gecko) Chrome/59.0.3071.125 Mobile Safari/537.36"
165.227.138.4 - - [22/Jul/2017:06:28:09 -0400] "GET /templates/it_zen/assets/css/animations.css HTTP/1.1" 200 4047 "http://www.tariscope.com/ru/" "Mozilla/5.0 (Linux; Android 5.0.2; Lenovo S90-A Build/LRX22G) AppleWebKit/537.36 (KHTML, like Gecko) Chrome/59.0.3071.125 Mobile Safari/537.36"
165.227.138.4 - - [22/Jul/2017:06:28:09 -0400] "GET /templates/it_zen/assets/less/template_responsive.css HTTP/1.1" 200 5677 "http://www.tariscope.com/ru/" "Mozilla/5.0 (Linux; Android 5.0.2; Lenovo S90-A Build/LRX22G) AppleWebKit/537.36 (KHTML, like Gecko) Chrome/59.0.3071.125 Mobile Safari/537.36"
165.227.138.4 - - [22/Jul/2017:06:28:09 -0400] "GET /media/mod_languages/css/template.css HTTP/1.1" 200 508 "http://www.tariscope.com/ru/" "Mozilla/5.0 (Linux; Android 5.0.2; Lenovo S90-A Build/LRX22G) AppleWebKit/537.36 (KHTML, like Gecko) Chrome/59.0.3071.125 Mobile Safari/537.36"
165.227.138.4 - - [22/Jul/2017:06:28:09 -0400] "GET /templates/it_zen/assets/less/styles/style1.css HTTP/1.1" 200 3298 "http://www.tariscope.com/ru/" "Mozilla/5.0 (Linux; Android 5.0.2; Lenovo S90-A Build/LRX22G) AppleWebKit/537.36 (KHTML, like Gecko) Chrome/59.0.3071.125 Mobile Safari/537.36"
165.227.138.4 - - [22/Jul/2017:06:28:09 -0400] "GET /modules/mod_slideshowck/themes/default/css/camera.css HTTP/1.1" 200 3602 "http://www.tariscope.com/ru/" "Mozilla/5.0 (Linux; Android 5.0.2; Lenovo S90-A Build/LRX22G) AppleWebKit/537.36 (KHTML, like Gecko) Chrome/59.0.3071.125 Mobile Safari/537.36"
165.227.138.4 - - [22/Jul/2017:06:28:09 -0400] "GET /templates/it_zen/assets/css/custom.css HTTP/1.1" 200 523 "http://www.tariscope.com/ru/" "Mozilla/5.0 (Linux; Android 5.0.2; Lenovo S90-A Build/LRX22G) AppleWebKit/537.36 (KHTML, like Gecko) Chrome/59.0.3071.125 Mobile Safari/537.36"
165.227.138.4 - - [22/Jul/2017:06:28:09 -0400] "GET /templates/it_zen/assets/less/template.css HTTP/1.1" 200 38472 "http://www.tariscope.com/ru/" "Mozilla/5.0 (Linux; Android 5.0.2; Lenovo S90-A Build/LRX22G) AppleWebKit/537.36 (KHTML, like Gecko) Chrome/59.0.3071.125 Mobile Safari/537.36"
165.227.138.4 - - [22/Jul/2017:06:28:09 -0400] "GET /media/jui/js/jquery-noconflict.js?5c3c712deec8f5e07670dabc552ece4f HTTP/1.1" 200 316 "http://www.tariscope.com/ru/" "Mozilla/5.0 (Linux; Android 5.0.2; Lenovo S90-A Build/LRX22G) AppleWebKit/537.36 (KHTML, like Gecko) Chrome/59.0.3071.125 Mobile Safari/537.36"
165.227.138.4 - - [22/Jul/2017:06:28:09 -0400] "GET /media/jui/js/bootstrap.min.js?5c3c712deec8f5e07670dabc552ece4f HTTP/1.1" 200 8052 "http://www.tariscope.com/ru/" "Mozilla/5.0 (Linux; Android 5.0.2; Lenovo S90-A Build/LRX22G) AppleWebKit/537.36 (KHTML, like Gecko) Chrome/59.0.3071.125 Mobile Safari/537.36"
165.227.138.4 - - [22/Jul/2017:06:28:09 -0400] "GET /media/system/js/caption.js?5c3c712deec8f5e07670dabc552ece4f HTTP/1.1" 200 685 "http://www.tariscope.com/ru/" "Mozilla/5.0 (Linux; Android 5.0.2; Lenovo S90-A Build/LRX22G) AppleWebKit/537.36 (KHTML, like Gecko) Chrome/59.0.3071.125 Mobile Safari/537.36"
165.227.138.4 - - [22/Jul/2017:06:28:09 -0400] "GET /media/jui/js/jquery-migrate.min.js?5c3c712deec8f5e07670dabc552ece4f HTTP/1.1" 200 4365 "http://www.tariscope.com/ru/" "Mozilla/5.0 (Linux; Android 5.0.2; Lenovo S90-A Build/LRX22G) AppleWebKit/537.36 (KHTML, like Gecko) Chrome/59.0.3071.125 Mobile Safari/537.36"
165.227.138.4 - - [22/Jul/2017:06:28:10 -0400] "GET /templates/it_zen/assets/js/template.js HTTP/1.1" 200 2981 "http://www.tariscope.com/ru/" "Mozilla/5.0 (Linux; Android 5.0.2; Lenovo S90-A Build/LRX22G) AppleWebKit/537.36 (KHTML, like Gecko) Chrome/59.0.3071.125 Mobile Safari/537.36"
165.227.138.4 - - [22/Jul/2017:06:28:09 -0400] "GET /media/jui/js/jquery.min.js?5c3c712deec8f5e07670dabc552ece4f HTTP/1.1" 200 34113 "http://www.tariscope.com/ru/" "Mozilla/5.0 (Linux; Android 5.0.2; Lenovo S90-A Build/LRX22G) AppleWebKit/537.36 (KHTML, like Gecko) Chrome/59.0.3071.125 Mobile Safari/537.36"
165.227.138.4 - - [22/Jul/2017:06:28:10 -0400] "GET /media/system/js/html5fallback.js HTTP/1.1" 200 2695 "http://www.tariscope.com/ru/" "Mozilla/5.0 (Linux; Android 5.0.2; Lenovo S90-A Build/LRX22G) AppleWebKit/537.36 (KHTML, like Gecko) Chrome/59.0.3071.125 Mobile Safari/537.36"
165.227.138.4 - - [22/Jul/2017:06:28:10 -0400] "GET /modules/mod_slideshowck/assets/jquery.easing.1.3.js HTTP/1.1" 200 1150 "http://www.tariscope.com/ru/" "Mozilla/5.0 (Linux; Android 5.0.2; Lenovo S90-A Build/LRX22G) AppleWebKit/537.36 (KHTML, like Gecko) Chrome/59.0.3071.125 Mobile Safari/537.36"
165.227.138.4 - - [22/Jul/2017:06:28:10 -0400] "GET /modules/mod_slideshowck/assets/camera.min.js HTTP/1.1" 200 9943 "http://www.tariscope.com/ru/" "Mozilla/5.0 (Linux; Android 5.0.2; Lenovo S90-A Build/LRX22G) AppleWebKit/537.36 (KHTML, like Gecko) Chrome/59.0.3071.125 Mobile Safari/537.36"
165.227.138.4 - - [22/Jul/2017:06:28:10 -0400] "GET /templates/it_zen/assets/js/jquery.pageslide.min.js HTTP/1.1" 200 1190 "http://www.tariscope.com/ru/" "Mozilla/5.0 (Linux; Android 5.0.2; Lenovo S90-A Build/LRX22G) AppleWebKit/537.36 (KHTML, like Gecko) Chrome/59.0.3071.125 Mobile Safari/537.36"
165.227.138.4 - - [22/Jul/2017:06:28:10 -0400] "GET /templates/it_zen/assets/js/css3-animate-it.min.js HTTP/1.1" 200 1545 "http://www.tariscope.com/ru/" "Mozilla/5.0 (Linux; Android 5.0.2; Lenovo S90-A Build/LRX22G) AppleWebKit/537.36 (KHTML, like Gecko) Chrome/59.0.3071.125 Mobile Safari/537.36"
165.227.138.4 - - [22/Jul/2017:06:28:10 -0400] "GET /media/mod_languages/images/uk.gif HTTP/1.1" 200 334 "http://www.tariscope.com/ru/" "Mozilla/5.0 (Linux; Android 5.0.2; Lenovo S90-A Build/LRX22G) AppleWebKit/537.36 (KHTML, like Gecko) Chrome/59.0.3071.125 Mobile Safari/537.36"
165.227.138.4 - - [22/Jul/2017:06:28:10 -0400] "GET /media/mod_languages/images/de.gif HTTP/1.1" 200 344 "http://www.tariscope.com/ru/" "Mozilla/5.0 (Linux; Android 5.0.2; Lenovo S90-A Build/LRX22G) AppleWebKit/537.36 (KHTML, like Gecko) Chrome/59.0.3071.125 Mobile Safari/537.36"
165.227.138.4 - - [22/Jul/2017:06:28:10 -0400] "GET /media/mod_languages/images/en.gif HTTP/1.1" 200 1312 "http://www.tariscope.com/ru/" "Mozilla/5.0 (Linux; Android 5.0.2; Lenovo S90-A Build/LRX22G) AppleWebKit/537.36 (KHTML, like Gecko) Chrome/59.0.3071.125 Mobile Safari/537.36"
165.227.138.4 - - [22/Jul/2017:06:28:10 -0400] "GET /media/mod_languages/images/ru.gif HTTP/1.1" 200 376 "http://www.tariscope.com/ru/" "Mozilla/5.0 (Linux; Android 5.0.2; Lenovo S90-A Build/LRX22G) AppleWebKit/537.36 (KHTML, like Gecko) Chrome/59.0.3071.125 Mobile Safari/537.36"
165.227.138.4 - - [22/Jul/2017:06:28:10 -0400] "GET /images/information/mini_logo.png HTTP/1.1" 200 8085 "http://www.tariscope.com/ru/" "Mozilla/5.0 (Linux; Android 5.0.2; Lenovo S90-A Build/LRX22G) AppleWebKit/537.36 (KHTML, like Gecko) Chrome/59.0.3071.125 Mobile Safari/537.36"
165.227.138.4 - - [22/Jul/2017:06:28:10 -0400] "GET /images/Icons/personal_area_icon.png HTTP/1.1" 200 21281 "http://www.tariscope.com/ru/" "Mozilla/5.0 (Linux; Android 5.0.2; Lenovo S90-A Build/LRX22G) AppleWebKit/537.36 (KHTML, like Gecko) Chrome/59.0.3071.125 Mobile Safari/537.36"
165.227.138.4 - - [22/Jul/2017:06:28:10 -0400] "GET /images/Icons/filter_blue.png HTTP/1.1" 200 21000 "http://www.tariscope.com/ru/" "Mozilla/5.0 (Linux; Android 5.0.2; Lenovo S90-A Build/LRX22G) AppleWebKit/537.36 (KHTML, like Gecko) Chrome/59.0.3071.125 Mobile Safari/537.36"
165.227.138.4 - - [22/Jul/2017:06:28:10 -0400] "GET /images/Icons/restriction3_icon.png HTTP/1.1" 200 20502 "http://www.tariscope.com/ru/" "Mozilla/5.0 (Linux; Android 5.0.2; Lenovo S90-A Build/LRX22G) AppleWebKit/537.36 (KHTML, like Gecko) Chrome/59.0.3071.125 Mobile Safari/537.36"
165.227.138.4 - - [22/Jul/2017:06:28:11 -0400] "GET /images/office1.jpg HTTP/1.1" 200 32524 "http://www.tariscope.com/ru/" "Mozilla/5.0 (Linux; Android 5.0.2; Lenovo S90-A Build/LRX22G) AppleWebKit/537.36 (KHTML, like Gecko) Chrome/59.0.3071.125 Mobile Safari/537.36"
165.227.138.4 - - [22/Jul/2017:06:28:10 -0400] "GET /images/Icons/equipment_icon.png HTTP/1.1" 200 23037 "http://www.tariscope.com/ru/" "Mozilla/5.0 (Linux; Android 5.0.2; Lenovo S90-A Build/LRX22G) AppleWebKit/537.36 (KHTML, like Gecko) Chrome/59.0.3071.125 Mobile Safari/537.36"
165.227.138.4 - - [22/Jul/2017:06:28:12 -0400] "GET /templates/it_zen/assets/images/slideshow_arrows.png HTTP/1.1" 200 1958 "http://www.tariscope.com/templates/it_zen/assets/less/template.css" "Mozilla/5.0 (Linux; Android 5.0.2; Lenovo S90-A Build/LRX22G) AppleWebKit/537.36 (KHTML, like Gecko) Chrome/59.0.3071.125 Mobile Safari/537.36"
165.227.138.4 - - [22/Jul/2017:06:28:11 -0400] "GET /images/information/reports239.jpg HTTP/1.1" 200 38552 "http://www.tariscope.com/ru/" "Mozilla/5.0 (Linux; Android 5.0.2; Lenovo S90-A Build/LRX22G) AppleWebKit/537.36 (KHTML, like Gecko) Chrome/59.0.3071.125 Mobile Safari/537.36"
165.227.138.4 - - [22/Jul/2017:06:28:11 -0400] "GET /images/telecom.png HTTP/1.1" 200 29480 "http://www.tariscope.com/ru/" "Mozilla/5.0 (Linux; Android 5.0.2; Lenovo S90-A Build/LRX22G) AppleWebKit/537.36 (KHTML, like Gecko) Chrome/59.0.3071.125 Mobile Safari/537.36"
66.249.73.206 - - [22/Jul/2017:06:28:27 -0400] "GET /en/60-support_en/user-s-guide/357-call-view-fields.html HTTP/1.1" 200 9630 "-" "Mozilla/5.0 (compatible; Googlebot/2.1; +http://www.google.com/bot.html)"
2.93.30.2 - - [22/Jul/2017:06:28:47 -0400] "GET /en/forum/ HTTP/1.0" 302 585 "http://new.tariscope.com/en/forum/" "Mozilla/5.0 (Windows NT 6.3; Win64; x64) AppleWebKit/537.36 (KHTML, like Gecko) Chrome/58.0.3029.81 Safari/537.36"
2.93.30.2 - - [22/Jul/2017:06:28:47 -0400] "GET /en/forum/index.php?option=com_content&view=article&id=165&catid=55&lang=en&Itemid=230 HTTP/1.0" 200 19973 "http://new.tariscope.com/index.php?option=com_content&view=article&id=165&catid=55&lang=en&Itemid=230" "Mozilla/5.0 (Windows NT 6.3; Win64; x64) AppleWebKit/537.36 (KHTML, like Gecko) Chrome/58.0.3029.81 Safari/537.36"
207.46.13.64 - - [22/Jul/2017:06:30:06 -0400] "GET /en/download/download-documentation/category/3-doc-tariscope-4-0-en.html?download=20:ts_4x_user_guide HTTP/1.1" 303 551 "-" "Mozilla/5.0 (iPhone; CPU iPhone OS 7_0 like Mac OS X) AppleWebKit/537.51.1 (KHTML, like Gecko) Version/7.0 Mobile/11A465 Safari/9537.53 (compatible; bingbot/2.0; +http://www.bing.com/bingbot.htm)"
85.172.106.207 - - [22/Jul/2017:06:31:05 -0400] "GET /en/forum/ HTTP/1.0" 302 585 "http://new.tariscope.com/en/forum/" "Mozilla/5.0 (Windows NT 6.1; Win64; x64) AppleWebKit/537.36 (KHTML, like Gecko) Chrome/58.0.3029.110 Safari/537.36"
85.172.106.207 - - [22/Jul/2017:06:31:05 -0400] "GET /en/forum/index.php?option=com_content&view=article&id=165&catid=55&lang=en&Itemid=230 HTTP/1.0" 200 19781 "http://new.tariscope.com/index.php?option=com_content&view=article&id=165&catid=55&lang=en&Itemid=230" "Mozilla/5.0 (Windows NT 6.1; Win64; x64) AppleWebKit/537.36 (KHTML, like Gecko) Chrome/58.0.3029.110 Safari/537.36"
85.172.106.207 - - [22/Jul/2017:06:31:09 -0400] "GET /create-an-account.html HTTP/1.0" 301 500 "http://new.tariscope.com/create-an-account.html" "Mozilla/5.0 (Windows NT 6.1; Win64; x64) AppleWebKit/537.36 (KHTML, like Gecko) Chrome/58.0.3029.110 Safari/537.36"
85.172.106.207 - - [22/Jul/2017:06:31:09 -0400] "GET /en/create-an-account.html HTTP/1.0" 302 494 "http://new.tariscope.com/en/create-an-account.html" "Mozilla/5.0 (Windows NT 6.1; Win64; x64) AppleWebKit/537.36 (KHTML, like Gecko) Chrome/58.0.3029.110 Safari/537.36"
85.172.106.207 - - [22/Jul/2017:06:31:13 -0400] "GET /en/index.php?option=com_content&view=article&id=165&catid=55&lang=en&Itemid=230 HTTP/1.0" 200 19528 "http://new.tariscope.com/index.php?option=com_content&view=article&id=165&catid=55&lang=en&Itemid=230" "Mozilla/5.0 (Windows NT 6.1; Win64; x64) AppleWebKit/537.36 (KHTML, like Gecko) Chrome/58.0.3029.110 Safari/537.36"
193.124.179.180 - - [22/Jul/2017:06:35:43 -0400] "HEAD / HTTP/1.1" 301 587 "http://pro-penosteklo.ru/" "Mozilla/7.0 (compatible; MSIE2.00; Windows 2003)"
185.125.219.134 - - [22/Jul/2017:06:35:44 -0400] "HEAD / HTTP/1.1" 301 550 "http://mosapple24.ru/news/kak-razblokirovat-mac-cherez-touch-id/" "Mozilla/2.0 (compatible; MSIE3.00; Windows 2004)"
193.124.190.64 - - [22/Jul/2017:06:35:44 -0400] "HEAD / HTTP/1.1" 301 587 "http://monoplast.by/products/betonnye-peremychki" "Mozilla/6.0 (compatible; MSIE6.00; Windows 2005)"
185.5.249.185 - - [22/Jul/2017:06:35:44 -0400] "HEAD / HTTP/1.1" 301 550 "https://4kam.by/catalog/dekorativnyj-kirpich" "Mozilla/2.0 (compatible; MSIE3.00; Windows 2003)"
194.87.236.223 - - [22/Jul/2017:06:35:44 -0400] "HEAD / HTTP/1.1" 301 587 "https://777studio.ru/project/sozdanie-logotipov/" "Mozilla/7.0 (compatible; MSIE6.00; Windows 2005)"
185.125.219.134 - - [22/Jul/2017:06:35:44 -0400] "HEAD /en/ HTTP/1.1" 200 330 "http://mosapple24.ru/news/kak-razblokirovat-mac-cherez-touch-id/" "Mozilla/2.0 (compatible; MSIE3.00; Windows 2004)"
193.124.131.168 - - [22/Jul/2017:06:35:45 -0400] "HEAD / HTTP/1.1" 301 587 "https://www.dna-sklad.ru/Katalog/ukreplenie-sosudov-i-ven.htm" "Mozilla/3.0 (compatible; MSIE5.00; Windows 2006)"
185.5.249.185 - - [22/Jul/2017:06:35:45 -0400] "HEAD /en/ HTTP/1.1" 200 330 "https://4kam.by/catalog/dekorativnyj-kirpich" "Mozilla/2.0 (compatible; MSIE3.00; Windows 2003)"
194.67.210.77 - - [22/Jul/2017:06:35:45 -0400] "HEAD / HTTP/1.1" 301 587 "http://www.rusplex.ru/shop/vse-dlia-lestnitsy/podstupenok-srashchennyi-bez-zavala-20kh200kh12/" "Mozilla/4.0 (compatible; MSIE7.00; Windows 2009)"
193.124.179.180 - - [22/Jul/2017:06:35:48 -0400] "HEAD /en/ HTTP/1.1" 200 366 "http://pro-penosteklo.ru/" "Mozilla/7.0 (compatible; MSIE2.00; Windows 2003)"
193.124.190.64 - - [22/Jul/2017:06:35:48 -0400] "HEAD /en/ HTTP/1.1" 200 366 "http://monoplast.by/products/betonnye-peremychki" "Mozilla/6.0 (compatible; MSIE6.00; Windows 2005)"
194.87.236.223 - - [22/Jul/2017:06:35:49 -0400] "HEAD /en/ HTTP/1.1" 200 366 "https://777studio.ru/project/sozdanie-logotipov/" "Mozilla/7.0 (compatible; MSIE6.00; Windows 2005)"
193.124.131.168 - - [22/Jul/2017:06:35:49 -0400] "HEAD /en/ HTTP/1.1" 200 366 "https://www.dna-sklad.ru/Katalog/ukreplenie-sosudov-i-ven.htm" "Mozilla/3.0 (compatible; MSIE5.00; Windows 2006)"
194.67.210.77 - - [22/Jul/2017:06:35:50 -0400] "HEAD /en/ HTTP/1.1" 200 366 "http://www.rusplex.ru/shop/vse-dlia-lestnitsy/podstupenok-srashchennyi-bez-zavala-20kh200kh12/" "Mozilla/4.0 (compatible; MSIE7.00; Windows 2009)"
217.182.132.190 - - [22/Jul/2017:06:38:03 -0400] "GET /ru/forum/4-Tariscope-Enterprise--Provider/217-%D0%9F%D0%BE%D0%BB%D1%8F-%D0%BF%D1%80%D0%B5%D0%B4%D1%81%D1%82%D0%B0%D0%B2%D0%BB%D0%B5%D0%BD%D0%B8%D1%8F-%D0%B2%D1%8B%D0%B7%D0%BE%D0%B2%D0%BE%D0%B2.html HTTP/1.1" 302 566 "-" "Mozilla/5.0 (compatible; AhrefsBot/5.2; +http://ahrefs.com/robot/)"
217.182.132.74 - - [22/Jul/2017:06:41:39 -0400] "GET /en/support/knowledge-base/16-equipment-configure/128-call-termination-cause-codes.html HTTP/1.1" 301 558 "-" "Mozilla/5.0 (compatible; AhrefsBot/5.2; +http://ahrefs.com/robot/)"
51.255.65.67 - - [22/Jul/2017:06:47:00 -0400] "GET /ru/r-news-ru.feed?type=rss HTTP/1.1" 200 3110 "-" "Mozilla/5.0 (compatible; AhrefsBot/5.2; +http://ahrefs.com/robot/)"
40.77.167.36 - - [22/Jul/2017:06:47:30 -0400] "GET /ru/61-support_ru/tariscope-pbxs/532-features-tariscope-for-3cx.html HTTP/1.1" 200 16151 "-" "Mozilla/5.0 (compatible; bingbot/2.0; +http://www.bing.com/bingbot.htm)"
164.132.161.32 - - [22/Jul/2017:06:49:39 -0400] "GET /ru/component/content/article/22--tariscope-35/283-134-cdr-asterisk.html HTTP/1.1" 302 566 "-" "Mozilla/5.0 (compatible; AhrefsBot/5.2; +http://ahrefs.com/robot/)"
195.133.147.6 - - [22/Jul/2017:06:50:19 -0400] "HEAD / HTTP/1.1" 301 587 "http://kalibr-sochi.ru/kruzhki-tarelki-magnity-s-foto-i-logotipom/" "Mozilla/4.0 (compatible; MSIE6.00; Windows 2004)"
195.133.147.6 - - [22/Jul/2017:06:50:23 -0400] "HEAD /en/ HTTP/1.1" 200 366 "http://kalibr-sochi.ru/kruzhki-tarelki-magnity-s-foto-i-logotipom/" "Mozilla/4.0 (compatible; MSIE6.00; Windows 2004)"
75.101.162.240 - - [22/Jul/2017:06:56:42 -0400] "GET /robots.txt HTTP/1.1" 200 701 "-" "Mozilla/5.0 (compatible; DotBot/1.1; http://www.opensiteexplorer.org/dotbot, help@moz.com)"
75.101.162.240 - - [22/Jul/2017:06:56:42 -0400] "GET /robots.txt HTTP/1.1" 200 701 "-" "Mozilla/5.0 (compatible; DotBot/1.1; http://www.opensiteexplorer.org/dotbot, help@moz.com)"
123.125.71.85 - - [22/Jul/2017:06:56:54 -0400] "GET /en/products/tariscope-enterprise.html HTTP/1.1" 200 8756 "-" "Mozilla/5.0 (compatible; Baiduspider/2.0; +http://www.baidu.com/search/spider.html)"
46.119.112.177 - - [22/Jul/2017:06:58:37 -0400] "GET /ru/53-products_ru/features_ru/ HTTP/1.1" 200 14600 "http://perm-profnastil.ru/" "Mozilla/4.0 (compatible; MSIE 6.0; Windows NT 5.1; .NET CLR 1.1.4322)"
46.119.112.177 - - [22/Jul/2017:06:58:38 -0400] "GET /ru/53-products_ru/features_ru/ HTTP/1.1" 200 53409 "http://perm-profnastil.ru/" "Mozilla/4.0 (compatible; MSIE 6.0; Windows NT 5.1; .NET CLR 1.1.4322)"
217.182.132.79 - - [22/Jul/2017:07:06:06 -0400] "GET /en/forum/4-Tariscope-Enterprise--Provider/272-Re-%D0%A3%D0%B2%D0%B5%D0%B4%D0%BE%D0%BC%D0%BB%D0%B5%D0%BD%D0%B8%D1%8F-%D0%B8-%D0%BF%D0%BE%D1%87%D1%82%D0%B0-%D0%B2-Tariscope/index.php?option=com_content&view=article&id=165&catid=55&lang=en&Itemid=230 HTTP/1.1" 200 5485 "-" "Mozilla/5.0 (compatible; AhrefsBot/5.2; +http://ahrefs.com/robot/)"
5.101.78.76 - - [22/Jul/2017:07:09:27 -0400] "HEAD / HTTP/1.1" 301 587 "http://www.parfumevent.com/parfyumernyj-bar-1" "Mozilla/4.0 (compatible; MSIE3.00; Windows 2002)"
188.227.18.37 - - [22/Jul/2017:07:09:27 -0400] "HEAD / HTTP/1.1" 301 587 "https://www.perfectlashes71.ru/" "Mozilla/3.0 (compatible; MSIE5.00; Windows 2003)"
5.101.78.76 - - [22/Jul/2017:07:09:31 -0400] "HEAD /en/ HTTP/1.1" 200 366 "http://www.parfumevent.com/parfyumernyj-bar-1" "Mozilla/4.0 (compatible; MSIE3.00; Windows 2002)"
188.227.18.37 - - [22/Jul/2017:07:09:31 -0400] "HEAD /en/ HTTP/1.1" 200 366 "https://www.perfectlashes71.ru/" "Mozilla/3.0 (compatible; MSIE5.00; Windows 2003)"
51.255.65.14 - - [22/Jul/2017:07:23:55 -0400] "GET /ru/forum/4-Tariscope-3x/234-Re-%D0%9F%D0%BE%D0%BB%D1%8F-%D0%BF%D1%80%D0%B5%D0%B4%D1%81%D1%82%D0%B0%D0%B2%D0%BB%D0%B5%D0%BD%D0%B8%D1%8F-%D0%B8-flow-version5/index.php?option=com_content&view=article&id=165&catid=55&lang=en&Itemid=230 HTTP/1.1" 200 5491 "-" "Mozilla/5.0 (compatible; AhrefsBot/5.2; +http://ahrefs.com/robot/)"
217.182.132.52 - - [22/Jul/2017:07:24:47 -0400] "GET /ru/support/kb/64-support_ru/administrator-s-guide/491-sftp-client.html HTTP/1.1" 200 6861 "-" "Mozilla/5.0 (compatible; AhrefsBot/5.2; +http://ahrefs.com/robot/)"
75.101.162.240 - - [22/Jul/2017:07:25:41 -0400] "GET /uk/r-customers-uk.html HTTP/1.1" 200 28601 "-" "Mozilla/5.0 (compatible; DotBot/1.1; http://www.opensiteexplorer.org/dotbot, help@moz.com)"
68.180.228.244 - - [22/Jul/2017:07:28:48 -0400] "GET /robots.txt HTTP/1.1" 200 701 "-" "Mozilla/5.0 (compatible; Yahoo! Slurp; http://help.yahoo.com/help/us/ysearch/slurp)"
68.180.228.244 - - [22/Jul/2017:07:28:49 -0400] "GET /en/58-support_en/ts-equipment-en/530-tariscope-config-for-3cx.html HTTP/1.1" 200 12262 "-" "Mozilla/5.0 (compatible; Yahoo! Slurp; http://help.yahoo.com/help/us/ysearch/slurp)"
51.255.65.3 - - [22/Jul/2017:07:31:50 -0400] "GET /ru/forum/4-Tariscope-3x/318-Re-%D0%9F%D0%B5%D1%80%D0%B5%D1%85%D0%BE%D0%B4-%D1%81-Enterprise-%D0%BD%D0%B0-Provider.html HTTP/1.1" 302 566 "-" "Mozilla/5.0 (compatible; AhrefsBot/5.2; +http://ahrefs.com/robot/)"
137.74.207.119 - - [22/Jul/2017:07:35:28 -0400] "GET /en/support/kb/59-support_en/admin-guide/245-cdr-coral-flexicom.html HTTP/1.1" 200 5485 "-" "Mozilla/5.0 (compatible; AhrefsBot/5.2; +http://ahrefs.com/robot/)"
195.133.145.199 - - [22/Jul/2017:07:36:47 -0400] "HEAD / HTTP/1.1" 301 587 "http://blog-live.ru/dlya-muzhchin/stil/kak-muzhchine-byt-stilnym-i-modnym.html" "Mozilla/7.0 (compatible; MSIE4.00; Windows 2002)"
195.133.145.199 - - [22/Jul/2017:07:36:52 -0400] "HEAD /en/ HTTP/1.1" 200 366 "http://blog-live.ru/dlya-muzhchin/stil/kak-muzhchine-byt-stilnym-i-modnym.html" "Mozilla/7.0 (compatible; MSIE4.00; Windows 2002)"
68.180.228.244 - - [22/Jul/2017:07:37:51 -0400] "GET /en/solutions.html HTTP/1.1" 200 6387 "-" "Mozilla/5.0 (compatible; Yahoo! Slurp; http://help.yahoo.com/help/us/ysearch/slurp)"
77.88.5.45 - - [22/Jul/2017:07:39:27 -0400] "GET /robots.txt HTTP/1.1" 200 757 "-" "Mozilla/5.0 (compatible; YandexBot/3.0; +http://yandex.com/bots)"
104.131.170.5 - - [22/Jul/2017:07:39:29 -0400] "GET /images/stories/tariscope/screenshots/en.accounts.png HTTP/1.0" 301 621 "-" "-"
104.131.170.5 - - [22/Jul/2017:07:39:29 -0400] "GET /en/images/stories/tariscope/screenshots/en.accounts.png HTTP/1.0" 302 585 "-" "-"
104.131.170.5 - - [22/Jul/2017:07:39:29 -0400] "GET /en/images/stories/tariscope/screenshots//index.php?option=com_content&view=article&id=165&catid=55&lang=en&Itemid=230 HTTP/1.0" 200 20096 "-" "-"
77.88.5.45 - - [22/Jul/2017:07:39:30 -0400] "GET /ru/support/kb/64-support_ru/administrator-s-guide/422-call-manager-express.html HTTP/1.1" 200 6981 "-" "Mozilla/5.0 (compatible; YandexBot/3.0; +http://yandex.com/bots)"
68.180.228.244 - - [22/Jul/2017:07:39:32 -0400] "GET /en/ts-ent.html HTTP/1.1" 200 8742 "-" "Mozilla/5.0 (compatible; Yahoo! Slurp; http://help.yahoo.com/help/us/ysearch/slurp)"
217.182.132.96 - - [22/Jul/2017:07:41:01 -0400] "GET /en/forum/4-Tariscope-Enterprise--Provider/268-Re-%D0%A3%D0%B2%D0%B5%D0%B4%D0%BE%D0%BC%D0%BB%D0%B5%D0%BD%D0%B8%D1%8F-%D0%B8-%D0%BF%D0%BE%D1%87%D1%82%D0%B0-%D0%B2-Tariscope/post.html?do=quote HTTP/1.1" 302 566 "-" "Mozilla/5.0 (compatible; AhrefsBot/5.2; +http://ahrefs.com/robot/)"
40.77.167.122 - - [22/Jul/2017:07:41:35 -0400] "GET / HTTP/1.1" 301 606 "-" "Mozilla/5.0 (compatible; bingbot/2.0; +http://www.bing.com/bingbot.htm)"
68.180.228.244 - - [22/Jul/2017:07:43:14 -0400] "GET /en/download-documentation.html HTTP/1.1" 200 6147 "-" "Mozilla/5.0 (compatible; Yahoo! Slurp; http://help.yahoo.com/help/us/ysearch/slurp)"
77.88.5.45 - - [22/Jul/2017:07:47:47 -0400] "GET / HTTP/1.1" 302 520 "-" "Mozilla/5.0 (compatible; YandexBot/3.0; +http://yandex.com/bots)"
77.88.5.45 - - [22/Jul/2017:07:47:47 -0400] "GET /robots.txt HTTP/1.1" 200 757 "-" "Mozilla/5.0 (compatible; YandexBot/3.0; +http://yandex.com/bots)"
77.88.5.45 - - [22/Jul/2017:07:47:51 -0400] "GET / HTTP/1.1" 302 515 "-" "Mozilla/5.0 (compatible; YandexBot/3.0; +http://yandex.com/bots)"
77.88.5.45 - - [22/Jul/2017:07:47:50 -0400] "GET /ru/ HTTP/1.1" 200 8401 "-" "Mozilla/5.0 (compatible; YandexBot/3.0; +http://yandex.com/bots)"
77.88.5.88 - - [22/Jul/2017:07:47:55 -0400] "GET /ru/ HTTP/1.1" 200 8328 "-" "Mozilla/5.0 (compatible; YandexBot/3.0; +http://yandex.com/bots)"
51.255.65.58 - - [22/Jul/2017:07:48:12 -0400] "GET /ru/company/customers.html HTTP/1.1" 200 8014 "-" "Mozilla/5.0 (compatible; AhrefsBot/5.2; +http://ahrefs.com/robot/)"
163.172.107.12 - - [22/Jul/2017:07:50:27 -0400] "GET /modules/mod_ariimageslidersa/mod_ariimageslidersa.php HTTP/1.1" 301 622 "http://www.tariscope.com/modules/mod_ariimageslidersa/mod_ariimageslidersa.php" "Mozilla/5.0 (Windows NT 6.1; WOW64) AppleWebKit/537.36 (KHTML, like Gecko) Chrome/42.0.2311.152 Safari/537.36"
163.172.107.12 - - [22/Jul/2017:07:50:28 -0400] "GET /en/modules/mod_ariimageslidersa/mod_ariimageslidersa.php HTTP/1.1" 302 585 "http://www.tariscope.com/modules/mod_ariimageslidersa/mod_ariimageslidersa.php" "Mozilla/5.0 (Windows NT 6.1; WOW64) AppleWebKit/537.36 (KHTML, like Gecko) Chrome/42.0.2311.152 Safari/537.36"
163.172.107.12 - - [22/Jul/2017:07:50:28 -0400] "GET /en/modules/mod_ariimageslidersa/index.php?option=com_content&view=article&id=165&catid=55&lang=en&Itemid=230 HTTP/1.1" 200 5383 "http://www.tariscope.com/modules/mod_ariimageslidersa/mod_ariimageslidersa.php" "Mozilla/5.0 (Windows NT 6.1; WOW64) AppleWebKit/537.36 (KHTML, like Gecko) Chrome/42.0.2311.152 Safari/537.36"
54.173.35.129 - - [22/Jul/2017:07:53:23 -0400] "GET /robots.txt HTTP/1.0" 200 720 "-" "ia_archiver"
54.173.35.129 - - [22/Jul/2017:07:53:23 -0400] "GET /ru/products/tariscope-provider.html HTTP/1.0" 200 39283 "-" "ia_archiver"
69.30.211.2 - - [22/Jul/2017:07:54:32 -0400] "GET /robots.txt HTTP/1.1" 200 757 "-" "Mozilla/5.0 (compatible; MJ12bot/v1.4.7; http://mj12bot.com/)"
69.30.211.2 - - [22/Jul/2017:07:54:37 -0400] "GET /uk/news/51-%D0%BE%D1%86%D1%96%D0%BD%D0%BA%D0%B0-%D1%8F%D0%BA%D0%BE%D1%81%D1%82%D1%96-voip-%D0%B2%D0%B8%D0%BA%D0%BB%D0%B8%D0%BA%D1%96%D0%B2-%D0%B4%D0%BB%D1%8F-cucm,-%D0%B2%D0%B8%D0%BA%D0%BE%D1%80%D0%B8%D1%81%D1%82%D0%BE%D0%B2%D1%83%D1%8E%D1%87%D0%B8-tariscope.html HTTP/1.1" 200 26743 "-" "Mozilla/5.0 (compatible; MJ12bot/v1.4.7; http://mj12bot.com/)"
69.30.211.2 - - [22/Jul/2017:07:54:41 -0400] "GET /uk/news/53-%D1%83-%D0%BD%D0%B0%D1%81-%D0%BD%D0%BE%D0%B2%D0%B0-%D0%B0%D0%B4%D1%80%D0%B5%D1%81%D0%B0.html HTTP/1.1" 200 6588 "-" "Mozilla/5.0 (compatible; MJ12bot/v1.4.7; http://mj12bot.com/)"
69.30.211.2 - - [22/Jul/2017:07:54:49 -0400] "GET /robots.txt HTTP/1.1" 200 757 "-" "Mozilla/5.0 (compatible; MJ12bot/v1.4.7; http://mj12bot.com/)"
69.30.211.2 - - [22/Jul/2017:07:54:53 -0400] "GET /en/component/search/?searchword=%D0%90%D0%B4%D0%BC%D0%B8%D0%BD%D0%B8%D1%81%D1%82%D1%80%D0%B8%D1%80%D0%BE%D0%B2%D0%B0%D0%BD%D0%B8%D0%B5%20Tariscope&submit=Search&searchphrase=any&ordering=newest HTTP/1.1" 200 32781 "-" "Mozilla/5.0 (compatible; MJ12bot/v1.4.7; http://mj12bot.com/)"
69.30.211.2 - - [22/Jul/2017:07:55:03 -0400] "GET /en/component/search/?searchword=%D0%B3%D0%BE%D1%81%D1%82%D0%B8%D0%BD%D0%B8%D1%87%D0%BD%D1%8B%D0%B5%20%D1%81%D0%B8%D1%81%D1%82%D0%B5%D0%BC%D1%8B&submit=Search&searchphrase=any&ordering=newest HTTP/1.1" 200 5259 "-" "Mozilla/5.0 (compatible; MJ12bot/v1.4.7; http://mj12bot.com/)"
69.30.211.2 - - [22/Jul/2017:07:55:07 -0400] "GET /en/component/search/?searchword=%D0%B3%D1%80%D0%B0%D1%84%D0%B8%D0%BA%20%D0%B7%D0%B0%D1%82%D1%80%D0%B0%D1%82&submit=Search&searchphrase=any&ordering=newest HTTP/1.1" 200 5235 "-" "Mozilla/5.0 (compatible; MJ12bot/v1.4.7; http://mj12bot.com/)"
69.30.211.2 - - [22/Jul/2017:07:55:13 -0400] "GET /en/component/search/?searchword=%D0%B3%D1%80%D1%83%D0%BF%D0%BF%D0%B0%20%D0%B0%D0%B1%D0%BE%D0%BD%D0%B5%D0%BD%D1%82%D0%BE%D0%B2&submit=Search&searchphrase=any&ordering=newest HTTP/1.1" 200 5249 "-" "Mozilla/5.0 (compatible; MJ12bot/v1.4.7; http://mj12bot.com/)"
69.30.211.2 - - [22/Jul/2017:07:55:17 -0400] "GET /en/component/search/?searchword=%D0%B3%D1%80%D1%83%D0%BF%D0%BF%D0%B0%20%D0%BB%D0%B8%D0%BD%D0%B8%D0%B9&submit=Search&searchphrase=any&ordering=newest HTTP/1.1" 200 5235 "-" "Mozilla/5.0 (compatible; MJ12bot/v1.4.7; http://mj12bot.com/)"
69.30.211.2 - - [22/Jul/2017:07:55:20 -0400] "GET /en/component/search/?searchword=%D0%B4%D0%B8%D0%B7%D0%B0%D0%B9%D0%BD%D0%B5%D1%80%20%D1%84%D0%BE%D1%80%D0%BC%20%D0%BE%D1%82%D1%87%D0%B5%D1%82%D0%BE%D0%B2&submit=Search&searchphrase=any&ordering=newest HTTP/1.1" 200 5277 "-" "Mozilla/5.0 (compatible; MJ12bot/v1.4.7; http://mj12bot.com/)"
69.30.211.2 - - [22/Jul/2017:07:55:24 -0400] "GET /en/component/search/?searchword=%D0%B4%D0%BB%D0%B8%D1%82%D0%B5%D0%BB%D1%8C%D0%BD%D0%BE%D1%81%D1%82%D1%8C%20%D0%B2%D1%8B%D0%B7%D0%BE%D0%B2%D0%B0&submit=Search&searchphrase=any&ordering=newest HTTP/1.1" 200 5270 "-" "Mozilla/5.0 (compatible; MJ12bot/v1.4.7; http://mj12bot.com/)"
69.30.211.2 - - [22/Jul/2017:07:55:28 -0400] "GET /en/component/search/?searchword=%D0%BA%D0%BE%D0%B4%D1%8B%20%D0%B7%D0%B0%D0%B2%D0%B5%D1%80%D1%88%D0%B5%D0%BD%D0%B8%D1%8F&submit=Search&searchphrase=any&ordering=newest HTTP/1.1" 200 5248 "-" "Mozilla/5.0 (compatible; MJ12bot/v1.4.7; http://mj12bot.com/)"
69.30.211.2 - - [22/Jul/2017:07:55:33 -0400] "GET /en/component/search/?searchword=%D0%BA%D0%BE%D0%B4%D1%8B%20%D0%B7%D0%B0%D0%B2%D0%B5%D1%80%D1%88%D0%B5%D0%BD%D0%B8%D1%8F%20%D0%B2%D1%8B%D0%B7%D0%BE%D0%B2%D0%BE%D0%B2&submit=Search&searchphrase=any&ordering=newest HTTP/1.1" 200 5282 "-" "Mozilla/5.0 (compatible; MJ12bot/v1.4.7; http://mj12bot.com/)"
69.30.211.2 - - [22/Jul/2017:07:55:38 -0400] "GET /en/component/search/?searchword=%D0%BA%D0%BE%D0%B4%20%D0%B0%D0%B2%D1%82%D0%BE%D1%80%D0%B8%D0%B7%D0%B0%D1%86%D0%B8%D0%B8&submit=Search&searchphrase=any&ordering=newest HTTP/1.1" 200 5238 "-" "Mozilla/5.0 (compatible; MJ12bot/v1.4.7; http://mj12bot.com/)"
69.30.211.2 - - [22/Jul/2017:07:55:45 -0400] "GET /en/component/search/?searchword=%D0%BA%D0%BE%D0%B4%20%D0%B3%D0%BE%D1%80%D0%BE%D0%B4%D0%B0&submit=Search&searchphrase=any&ordering=newest HTTP/1.1" 200 5219 "-" "Mozilla/5.0 (compatible; MJ12bot/v1.4.7; http://mj12bot.com/)"
69.30.211.2 - - [22/Jul/2017:07:55:57 -0400] "GET /en/component/search/?searchword=%D0%BA%D0%BE%D0%B4%20%D0%B4%D0%BE%D1%81%D1%82%D1%83%D0%BF%D0%B0&submit=Search&searchphrase=any&ordering=newest HTTP/1.1" 200 5225 "-" "Mozilla/5.0 (compatible; MJ12bot/v1.4.7; http://mj12bot.com/)"
69.30.211.2 - - [22/Jul/2017:07:56:04 -0400] "GET /en/component/search/?searchword=%D0%BA%D1%80%D1%83%D0%B3%D0%BE%D0%B2%D0%B0%D1%8F%20%D0%B4%D0%B8%D0%B0%D0%B3%D1%80%D0%B0%D0%BC%D0%BC%D0%B0&submit=Search&searchphrase=any&ordering=newest HTTP/1.1" 200 5257 "-" "Mozilla/5.0 (compatible; MJ12bot/v1.4.7; http://mj12bot.com/)"
69.30.211.2 - - [22/Jul/2017:07:56:07 -0400] "GET /en/component/search/?searchword=%D0%BA%D1%83%D1%80%D1%81%D1%8B%20%D0%B2%D0%B0%D0%BB%D1%8E%D1%82&submit=Search&searchphrase=any&ordering=newest HTTP/1.1" 200 5231 "-" "Mozilla/5.0 (compatible; MJ12bot/v1.4.7; http://mj12bot.com/)"
69.30.211.2 - - [22/Jul/2017:07:56:15 -0400] "GET /en/component/search/?searchword=%D0%BB%D0%B8%D0%BD%D0%B8%D1%8F%20%D0%BA%D0%B0%D0%BD%D0%B0%D0%BB&submit=Search&searchphrase=any&ordering=newest HTTP/1.1" 200 5222 "-" "Mozilla/5.0 (compatible; MJ12bot/v1.4.7; http://mj12bot.com/)"
69.30.211.2 - - [22/Jul/2017:07:56:21 -0400] "GET /en/component/search/?searchword=%D0%BB%D0%B8%D1%86%D0%B5%D0%B2%D0%BE%D0%B9%20%D1%81%D1%87%D0%B5%D1%82&submit=Search&searchphrase=any&ordering=newest HTTP/1.1" 200 5243 "-" "Mozilla/5.0 (compatible; MJ12bot/v1.4.7; http://mj12bot.com/)"
69.30.211.2 - - [22/Jul/2017:07:56:25 -0400] "GET /en/component/search/?searchword=%D0%BB%D0%B8%D1%86%D0%B5%D0%BD%D0%B7%D0%B8%D0%BE%D0%BD%D0%BD%D0%BE%D0%B5%20%D1%81%D0%BE%D0%B3%D0%BB%D0%B0%D1%88%D0%B5%D0%BD%D0%B8%D0%B5&submit=Search&searchphrase=any&ordering=newest HTTP/1.1" 200 5278 "-" "Mozilla/5.0 (compatible; MJ12bot/v1.4.7; http://mj12bot.com/)"
69.30.211.2 - - [22/Jul/2017:07:56:29 -0400] "GET /en/component/search/?searchword=%D0%BB%D0%B8%D1%87%D0%BD%D1%8B%D0%B9%20%D0%BA%D0%B0%D0%B1%D0%B8%D0%BD%D0%B5%D1%82%20%D0%B0%D0%B1%D0%BE%D0%BD%D0%B5%D0%BD%D1%82%D0%B0&submit=Search&searchphrase=any&ordering=newest HTTP/1.1" 200 5268 "-" "Mozilla/5.0 (compatible; MJ12bot/v1.4.7; http://mj12bot.com/)"
69.30.211.2 - - [22/Jul/2017:07:56:33 -0400] "GET /en/component/search/?searchword=%D0%BB%D0%BE%D0%BA%D0%B0%D0%BB%D1%8C%D0%BD%D0%B0%D1%8F%20%D0%BF%D0%B0%D0%BF%D0%BA%D0%B0&submit=Search&searchphrase=any&ordering=newest HTTP/1.1" 200 5237 "-" "Mozilla/5.0 (compatible; MJ12bot/v1.4.7; http://mj12bot.com/)"
69.30.211.2 - - [22/Jul/2017:07:56:37 -0400] "GET /en/component/search/?searchword=%D0%BC%D0%BE%D0%BD%D0%B8%D1%82%D0%BE%D1%80%D0%B8%D0%BD%D0%B3%20%D0%B1%D0%B8%D0%BB%D0%BB%D0%B8%D0%BD%D0%B3%D0%B0&submit=Search&searchphrase=any&ordering=newest HTTP/1.1" 200 5247 "-" "Mozilla/5.0 (compatible; MJ12bot/v1.4.7; http://mj12bot.com/)"
69.30.211.2 - - [22/Jul/2017:07:56:42 -0400] "GET /en/component/search/?searchword=%D0%BD%D0%B0%D0%B1%D0%B0%D1%80%D0%BD%D0%BD%D1%8B%D0%B9%20%D0%BD%D0%BE%D0%BC%D0%B5%D1%80&submit=Search&searchphrase=any&ordering=newest HTTP/1.1" 200 5237 "-" "Mozilla/5.0 (compatible; MJ12bot/v1.4.7; http://mj12bot.com/)"
69.30.211.2 - - [22/Jul/2017:07:56:46 -0400] "GET /en/component/search/?searchword=%D0%BD%D0%B0%D0%B1%D1%80%D0%B0%D0%BD%D0%BD%D1%8B%D0%B9%20%D0%BD%D0%BE%D0%BC%D0%B5%D1%80&submit=Search&searchphrase=any&ordering=newest HTTP/1.1" 200 5240 "-" "Mozilla/5.0 (compatible; MJ12bot/v1.4.7; http://mj12bot.com/)"
69.30.211.2 - - [22/Jul/2017:07:56:51 -0400] "GET /en/component/search/?searchword=%D0%BD%D0%B0%D0%B8%D0%B1%D0%BE%D0%BB%D0%B5%D0%B5%20%D0%B4%D0%BE%D1%80%D0%BE%D0%B3%D0%BE%D0%B9%20%D0%B2%D1%8B%D0%B7%D0%BE%D0%B2&submit=Search&searchphrase=any&ordering=newest HTTP/1.1" 200 5275 "-" "Mozilla/5.0 (compatible; MJ12bot/v1.4.7; http://mj12bot.com/)"
69.30.211.2 - - [22/Jul/2017:07:56:55 -0400] "GET /en/component/search/?searchword=%D0%BD%D0%B0%D0%BB%D0%BE%D0%B3%D0%BE%D0%B2%D0%B0%D1%8F%20%D0%BD%D0%B0%D0%BA%D0%BB%D0%B0%D0%B4%D0%BD%D0%B0%D1%8F&submit=Search&searchphrase=any&ordering=newest HTTP/1.1" 200 5254 "-" "Mozilla/5.0 (compatible; MJ12bot/v1.4.7; http://mj12bot.com/)"
69.30.211.2 - - [22/Jul/2017:07:57:00 -0400] "GET /en/component/search/?searchword=%D0%BD%D0%B0%D0%BF%D1%80%D0%B0%D0%B2%D0%BB%D0%B5%D0%BD%D0%B8%D1%8F%20%D0%B2%D1%8B%D0%B7%D0%BE%D0%B2%D0%BE%D0%B2&submit=Search&searchphrase=any&ordering=newest HTTP/1.1" 200 5267 "-" "Mozilla/5.0 (compatible; MJ12bot/v1.4.7; http://mj12bot.com/)"
69.30.211.2 - - [22/Jul/2017:07:57:04 -0400] "GET /en/component/search/?searchword=%D0%BD%D0%B0%D1%81%D0%B5%D0%BB%D0%B5%D0%BD%D0%BD%D1%8B%D0%B9%20%D0%BF%D1%83%D0%BD%D0%BA%D1%82&submit=Search&searchphrase=any&ordering=newest HTTP/1.1" 200 5254 "-" "Mozilla/5.0 (compatible; MJ12bot/v1.4.7; http://mj12bot.com/)"
69.30.211.2 - - [22/Jul/2017:07:57:07 -0400] "GET /en/component/search/?searchword=%D0%BD%D0%B5%D0%B0%D0%B2%D1%82%D0%BE%D1%80%D0%B8%D0%B7%D0%B8%D1%80%D0%BE%D0%B2%D0%B0%D0%BD%D0%BD%D1%8B%D0%B9%20%D0%B4%D0%BE%D1%81%D1%82%D1%83%D0%BF&submit=Search&searchphrase=any&ordering=newest HTTP/1.1" 200 5293 "-" "Mozilla/5.0 (compatible; MJ12bot/v1.4.7; http://mj12bot.com/)"
69.30.211.2 - - [22/Jul/2017:07:57:13 -0400] "GET /en/component/search/?searchword=%D0%BD%D0%BE%D0%B2%D1%8B%D0%B9%20%D1%84%D0%BE%D1%80%D0%BC%D0%B0%D1%82&submit=Search&searchphrase=any&ordering=newest HTTP/1.1" 200 5241 "-" "Mozilla/5.0 (compatible; MJ12bot/v1.4.7; http://mj12bot.com/)"
69.30.211.2 - - [22/Jul/2017:07:57:16 -0400] "GET /en/component/search/?searchword=%D0%BD%D0%BE%D0%BC%D0%B5%D1%80%D0%BD%D0%BE%D0%B9%20%D0%BF%D0%BB%D0%B0%D0%BD&submit=Search&searchphrase=any&ordering=newest HTTP/1.1" 200 5239 "-" "Mozilla/5.0 (compatible; MJ12bot/v1.4.7; http://mj12bot.com/)"
69.30.211.2 - - [22/Jul/2017:07:57:20 -0400] "GET /en/component/search/?searchword=%D0%BD%D0%BE%D0%BC%D0%B5%D1%80%D0%BE%D0%B9%20%D0%BF%D0%BB%D0%B0%D0%BD&submit=Search&searchphrase=any&ordering=newest HTTP/1.1" 200 5242 "-" "Mozilla/5.0 (compatible; MJ12bot/v1.4.7; http://mj12bot.com/)"
69.30.211.2 - - [22/Jul/2017:07:57:25 -0400] "GET /en/component/search/?searchword=%D0%BD%D0%BE%D0%BC%D0%B5%D1%80%20%D0%BF%D0%BE%D1%80%D1%82%D0%B0&submit=Search&searchphrase=any&ordering=newest HTTP/1.1" 200 5229 "-" "Mozilla/5.0 (compatible; MJ12bot/v1.4.7; http://mj12bot.com/)"
69.30.211.2 - - [22/Jul/2017:07:57:28 -0400] "GET /en/component/search/?searchword=%D0%BE%D0%B1%D1%89%D0%B8%D0%B5%20%D0%BF%D0%B0%D1%80%D0%B0%D0%BC%D0%B5%D1%82%D1%80%D1%8B&submit=Search&searchphrase=any&ordering=newest HTTP/1.1" 200 5251 "-" "Mozilla/5.0 (compatible; MJ12bot/v1.4.7; http://mj12bot.com/)"
68.180.228.244 - - [22/Jul/2017:07:57:32 -0400] "GET /en/59-support_en/admin-guide/296-tcp-client.html HTTP/1.1" 200 6744 "-" "Mozilla/5.0 (compatible; Yahoo! Slurp; http://help.yahoo.com/help/us/ysearch/slurp)"
69.30.211.2 - - [22/Jul/2017:07:57:32 -0400] "GET /en/component/search/?searchword=%D0%BE%D0%BA%D1%80%D1%83%D0%B3%D0%BB%D0%B5%D0%BD%D0%B8%D0%B5%20%D0%B4%D0%BB%D0%B8%D1%82%D0%B5%D0%BB%D1%8C%D0%BD%D0%BE%D1%81%D1%82%D0%B8&submit=Search&searchphrase=any&ordering=newest HTTP/1.1" 200 5281 "-" "Mozilla/5.0 (compatible; MJ12bot/v1.4.7; http://mj12bot.com/)"
69.30.211.2 - - [22/Jul/2017:07:57:36 -0400] "GET /en/component/search/?searchword=%D0%BE%D0%BA%D1%80%D1%83%D0%B3%D0%BB%D0%B5%D0%BD%D0%B8%D0%B5%20%D1%81%D1%82%D0%BE%D0%B8%D0%BC%D0%BE%D1%81%D1%82%D0%B8&submit=Search&searchphrase=any&ordering=newest HTTP/1.1" 200 5267 "-" "Mozilla/5.0 (compatible; MJ12bot/v1.4.7; http://mj12bot.com/)"
69.30.211.2 - - [22/Jul/2017:07:57:40 -0400] "GET /en/component/search/?searchword=%D0%BE%D0%BF%D0%B5%D1%80%D0%B0%D1%82%D0%BE%D1%80%D1%8B%20%D1%81%D0%B2%D1%8F%D0%B7%D0%B8&submit=Search&searchphrase=any&ordering=newest HTTP/1.1" 200 5230 "-" "Mozilla/5.0 (compatible; MJ12bot/v1.4.7; http://mj12bot.com/)"
69.30.211.2 - - [22/Jul/2017:07:57:43 -0400] "GET /en/component/search/?searchword=%D0%BE%D0%BF%D0%B5%D1%80%D0%B0%D1%82%D0%BE%D1%80%20%D0%BC%D0%BE%D0%B1%D0%B8%D0%BB%D1%8C%D0%BD%D0%BE%D0%B9%20%D1%81%D0%B2%D1%8F%D0%B7%D0%B8&submit=Search&searchphrase=any&ordering=newest HTTP/1.1" 200 5267 "-" "Mozilla/5.0 (compatible; MJ12bot/v1.4.7; http://mj12bot.com/)"
69.30.211.2 - - [22/Jul/2017:07:57:47 -0400] "GET /en/component/search/?searchword=%D0%BE%D0%BF%D0%B5%D1%80%D0%B0%D1%82%D0%BE%D1%80%20%D1%81%D0%B2%D1%8F%D0%B7%D0%B8&submit=Search&searchphrase=any&ordering=newest HTTP/1.1" 200 5227 "-" "Mozilla/5.0 (compatible; MJ12bot/v1.4.7; http://mj12bot.com/)"
69.30.211.2 - - [22/Jul/2017:07:57:51 -0400] "GET /en/component/search/?searchword=%D0%BE%D0%BF%D1%82%D0%B8%D0%BC%D0%B8%D0%B7%D0%B0%D1%86%D0%B8%D1%8F%20%D0%B7%D0%B0%D1%82%D1%80%D0%B0%D1%82&submit=Search&searchphrase=any&ordering=newest HTTP/1.1" 200 5257 "-" "Mozilla/5.0 (compatible; MJ12bot/v1.4.7; http://mj12bot.com/)"
69.30.211.2 - - [22/Jul/2017:07:57:55 -0400] "GET /en/component/search/?searchword=%D0%BE%D1%81%D0%BD%D0%BE%D0%B2%D0%BD%D0%B0%D1%8F%20%D0%B2%D0%B0%D0%BB%D1%8E%D1%82%D0%B0&submit=Search&searchphrase=any&ordering=newest HTTP/1.1" 200 5239 "-" "Mozilla/5.0 (compatible; MJ12bot/v1.4.7; http://mj12bot.com/)"
69.30.211.2 - - [22/Jul/2017:07:58:03 -0400] "GET /en/component/search/?searchword=%D0%BE%D1%82%D0%BE%D0%B1%D1%80%D0%B0%D0%B7%D0%B8%D1%82%D1%8C%20%D0%BF%D0%BE%D0%BB%D0%B5&submit=Search&searchphrase=any&ordering=newest HTTP/1.1" 200 5245 "-" "Mozilla/5.0 (compatible; MJ12bot/v1.4.7; http://mj12bot.com/)"
69.30.211.2 - - [22/Jul/2017:07:58:08 -0400] "GET /en/component/search/?searchword=%D0%BF%D0%B5%D1%80%D0%B8%D0%BE%D0%B4%D0%B8%D1%87%D0%B5%D1%81%D0%BA%D0%B8%D0%B5%20%D1%83%D1%81%D0%BB%D1%83%D0%B3%D0%B8&submit=Search&searchphrase=any&ordering=newest HTTP/1.1" 200 5269 "-" "Mozilla/5.0 (compatible; MJ12bot/v1.4.7; http://mj12bot.com/)"
69.30.211.2 - - [22/Jul/2017:07:58:12 -0400] "GET /en/component/search/?searchword=%D0%BF%D0%B5%D1%80%D0%B8%D0%BE%D0%B4%20%D0%B2%D1%80%D0%B5%D0%BC%D0%B5%D0%BD%D0%B8&submit=Search&searchphrase=any&ordering=newest HTTP/1.1" 200 5242 "-" "Mozilla/5.0 (compatible; MJ12bot/v1.4.7; http://mj12bot.com/)"
164.132.161.29 - - [22/Jul/2017:07:58:19 -0400] "GET /uk/forum/4-Tariscope-3x/156-Re-Tariscope-and-3CX/post.html?do=reply HTTP/1.1" 302 566 "-" "Mozilla/5.0 (compatible; AhrefsBot/5.2; +http://ahrefs.com/robot/)"
69.30.211.2 - - [22/Jul/2017:07:58:19 -0400] "GET /en/component/search/?searchword=%D0%BF%D0%B5%D1%80%D1%81%D0%BE%D0%BD%D0%B0%D0%BB%D1%8C%D0%BD%D1%8B%D0%B9%20%D0%BA%D0%B0%D0%B1%D0%B8%D0%BD%D0%B5%D1%82&submit=Search&searchphrase=any&ordering=newest HTTP/1.1" 200 5273 "-" "Mozilla/5.0 (compatible; MJ12bot/v1.4.7; http://mj12bot.com/)"
69.30.211.2 - - [22/Jul/2017:07:58:24 -0400] "GET /en/component/search/?searchword=%D0%BF%D0%BB%D0%B0%D0%BD%D0%B8%D1%80%D0%BE%D0%B2%D1%89%D0%B8%D0%BA%20Tariscope&submit=Search&searchphrase=any&ordering=newest HTTP/1.1" 200 8374 "-" "Mozilla/5.0 (compatible; MJ12bot/v1.4.7; http://mj12bot.com/)"
69.30.211.2 - - [22/Jul/2017:07:58:30 -0400] "GET /en/component/search/?searchword=%D0%BF%D0%BB%D0%B0%D1%82%D0%B5%D0%B6%D0%BD%D1%8B%D0%B5%20%D0%BA%D0%B0%D1%80%D1%82%D0%BE%D1%87%D0%BA%D0%B8&submit=Search&searchphrase=any&ordering=newest HTTP/1.1" 200 5260 "-" "Mozilla/5.0 (compatible; MJ12bot/v1.4.7; http://mj12bot.com/)"
69.30.211.2 - - [22/Jul/2017:07:58:33 -0400] "GET /en/component/search/?searchword=%D0%BF%D0%BB%D0%B0%D1%82%D0%B5%D0%B6%D0%BD%D1%8B%D0%B5%20%D1%81%D0%B8%D1%81%D1%82%D0%B5%D0%BC%D1%8B&submit=Search&searchphrase=any&ordering=newest HTTP/1.1" 200 5253 "-" "Mozilla/5.0 (compatible; MJ12bot/v1.4.7; http://mj12bot.com/)"
69.30.211.2 - - [22/Jul/2017:07:58:37 -0400] "GET /en/component/search/?searchword=%D0%BF%D0%BE%D0%B4%D1%80%D0%BE%D0%B1%D0%BD%D1%8B%D0%B5%20%D0%BE%D1%82%D1%87%D0%B5%D1%82%D1%8B&submit=Search&searchphrase=any&ordering=newest HTTP/1.1" 200 5251 "-" "Mozilla/5.0 (compatible; MJ12bot/v1.4.7; http://mj12bot.com/)"
69.30.211.2 - - [22/Jul/2017:07:58:41 -0400] "GET /en/component/search/?searchword=%D0%BF%D1%80%D0%B5%D0%B4%D0%B0%D1%87%D0%B0%20%D0%B4%D0%B0%D0%BD%D0%BD%D1%8B%D1%85&submit=Search&searchphrase=any&ordering=newest HTTP/1.1" 200 5244 "-" "Mozilla/5.0 (compatible; MJ12bot/v1.4.7; http://mj12bot.com/)"
69.30.211.2 - - [22/Jul/2017:07:58:45 -0400] "GET /en/component/search/?searchword=%D0%BF%D1%80%D0%B5%D0%B4%D1%81%D1%82%D0%B0%D0%B2%D0%BB%D0%B5%D0%BD%D0%B8%D1%8F%20%D1%82%D0%B0%D1%80%D0%B8%D1%84%D0%B8%D0%BA%D0%B0%D1%86%D0%B8%D0%B8&submit=Search&searchphrase=any&ordering=newest HTTP/1.1" 200 5277 "-" "Mozilla/5.0 (compatible; MJ12bot/v1.4.7; http://mj12bot.com/)"
69.30.211.2 - - [22/Jul/2017:07:58:49 -0400] "GET /en/component/search/?searchword=%D0%BF%D1%80%D0%BE%D0%B3%D1%80%D0%B0%D0%BC%D0%BC%D0%B0%20Tariscope&submit=Search&searchphrase=any&ordering=newest HTTP/1.1" 200 8370 "-" "Mozilla/5.0 (compatible; MJ12bot/v1.4.7; http://mj12bot.com/)"
69.30.211.2 - - [22/Jul/2017:07:58:54 -0400] "GET /en/component/search/?searchword=%D0%BF%D1%80%D0%BE%D0%B4%D0%BE%D0%BB%D0%B6%D0%B8%D1%82%D0%B5%D0%BB%D1%8C%D0%BD%D0%BE%D1%81%D1%82%D1%8C%20%D0%B2%D1%8B%D0%B7%D0%BE%D0%B2%D0%B0&submit=Search&searchphrase=any&ordering=newest HTTP/1.1" 200 5289 "-" "Mozilla/5.0 (compatible; MJ12bot/v1.4.7; http://mj12bot.com/)"
69.30.211.2 - - [22/Jul/2017:07:59:01 -0400] "GET /en/component/search/?searchword=%D1%80%D0%B0%D0%B7%D0%BD%D0%BE%D1%81%D1%82%D0%BD%D0%B0%D1%8F%20%D0%BA%D0%BE%D0%BF%D0%B8%D1%8F&submit=Search&searchphrase=any&ordering=newest HTTP/1.1" 200 5252 "-" "Mozilla/5.0 (compatible; MJ12bot/v1.4.7; http://mj12bot.com/)"
69.30.211.2 - - [22/Jul/2017:07:59:19 -0400] "GET /en/component/search/?searchword=%D1%80%D0%B5%D0%B4%D0%B0%D0%BA%D1%82%D0%B8%D1%80%D0%BE%D0%B2%D0%B0%D0%BD%D0%B8%D0%B5%20%D0%BF%D1%80%D0%BE%D1%84%D0%B8%D0%BB%D1%8F&submit=Search&searchphrase=any&ordering=newest HTTP/1.1" 200 5276 "-" "Mozilla/5.0 (compatible; MJ12bot/v1.4.7; http://mj12bot.com/)"
69.30.211.2 - - [22/Jul/2017:07:59:24 -0400] "GET /en/component/search/?searchword=%D1%80%D0%B5%D0%B7%D0%B5%D1%80%D0%B2%D0%BD%D0%B0%D1%8F%20%D0%BA%D0%BE%D0%BF%D0%B8%D1%8F&submit=Search&searchphrase=any&ordering=newest HTTP/1.1" 200 5245 "-" "Mozilla/5.0 (compatible; MJ12bot/v1.4.7; http://mj12bot.com/)"
69.30.211.2 - - [22/Jul/2017:07:59:29 -0400] "GET /en/component/search/?searchword=%D1%80%D0%B5%D0%B7%D0%B5%D1%80%D0%B2%D0%BD%D0%BE%D0%B5%20%D0%BA%D0%BE%D0%BF%D0%B8%D1%80%D0%BE%D0%B2%D0%B0%D0%BD%D0%B8%D0%B5&submit=Search&searchphrase=any&ordering=newest HTTP/1.1" 200 5267 "-" "Mozilla/5.0 (compatible; MJ12bot/v1.4.7; http://mj12bot.com/)"
69.30.211.2 - - [22/Jul/2017:07:59:32 -0400] "GET /en/component/search/?searchword=%D1%81%D0%B1%D0%BE%D1%80%20%D0%B4%D0%B0%D0%BD%D0%BD%D1%8B%D1%85&submit=Search&searchphrase=any&ordering=newest HTTP/1.1" 200 5224 "-" "Mozilla/5.0 (compatible; MJ12bot/v1.4.7; http://mj12bot.com/)"
69.30.211.2 - - [22/Jul/2017:07:59:35 -0400] "GET /en/component/search/?searchword=%D1%81%D0%B5%D1%80%D0%B8%D0%B9%D0%BD%D1%8B%D0%B9%20%D0%BD%D0%BE%D0%BC%D0%B5%D1%80&submit=Search&searchphrase=any&ordering=newest HTTP/1.1" 200 5244 "-" "Mozilla/5.0 (compatible; MJ12bot/v1.4.7; http://mj12bot.com/)"
