77.88.5.45 - - [22/Jul/2017:10:37:04 -0400] "GET /templates/it_zen/assets/less/template_responsive.css HTTP/1.1" 200 5676 "http://new.tariscope.com/ru/support/kb/64-support_ru/administrator-s-guide/424-coral-flexicom.html" "Mozilla/5.0 (iPhone; CPU iPhone OS 8_1 like Mac OS X) AppleWebKit/600.1.4 (KHTML, like Gecko) Version/8.0 Mobile/12B411 Safari/600.1.4 (compatible; YandexMobileBot/3.0; +http://yandex.com/bots)"
77.88.5.45 - - [22/Jul/2017:10:37:08 -0400] "GET /media/jui/js/jquery-noconflict.js?5c3c712deec8f5e07670dabc552ece4f HTTP/1.1" 200 316 "http://new.tariscope.com/ru/support/kb/64-support_ru/administrator-s-guide/424-coral-flexicom.html" "Mozilla/5.0 (iPhone; CPU iPhone OS 8_1 like Mac OS X) AppleWebKit/600.1.4 (KHTML, like Gecko) Version/8.0 Mobile/12B411 Safari/600.1.4 (compatible; YandexMobileBot/3.0; +http://yandex.com/bots)"
77.88.5.45 - - [22/Jul/2017:10:37:12 -0400] "GET /templates/it_zen/assets/less/template.css HTTP/1.1" 200 38471 "http://new.tariscope.com/ru/support/kb/64-support_ru/administrator-s-guide/424-coral-flexicom.html" "Mozilla/5.0 (iPhone; CPU iPhone OS 8_1 like Mac OS X) AppleWebKit/600.1.4 (KHTML, like Gecko) Version/8.0 Mobile/12B411 Safari/600.1.4 (compatible; YandexMobileBot/3.0; +http://yandex.com/bots)"
77.88.5.45 - - [22/Jul/2017:10:37:16 -0400] "GET /media/system/js/html5fallback.js HTTP/1.1" 200 2695 "http://new.tariscope.com/ru/support/kb/64-support_ru/administrator-s-guide/424-coral-flexicom.html" "Mozilla/5.0 (iPhone; CPU iPhone OS 8_1 like Mac OS X) AppleWebKit/600.1.4 (KHTML, like Gecko) Version/8.0 Mobile/12B411 Safari/600.1.4 (compatible; YandexMobileBot/3.0; +http://yandex.com/bots)"
77.88.5.45 - - [22/Jul/2017:10:37:19 -0400] "GET /media/jui/js/jquery-migrate.min.js?5c3c712deec8f5e07670dabc552ece4f HTTP/1.1" 200 4365 "http://new.tariscope.com/ru/support/kb/64-support_ru/administrator-s-guide/424-coral-flexicom.html" "Mozilla/5.0 (iPhone; CPU iPhone OS 8_1 like Mac OS X) AppleWebKit/600.1.4 (KHTML, like Gecko) Version/8.0 Mobile/12B411 Safari/600.1.4 (compatible; YandexMobileBot/3.0; +http://yandex.com/bots)"
77.88.5.45 - - [22/Jul/2017:10:37:23 -0400] "GET /media/mod_languages/css/template.css HTTP/1.1" 200 507 "http://new.tariscope.com/ru/support/kb/64-support_ru/administrator-s-guide/424-coral-flexicom.html" "Mozilla/5.0 (iPhone; CPU iPhone OS 8_1 like Mac OS X) AppleWebKit/600.1.4 (KHTML, like Gecko) Version/8.0 Mobile/12B411 Safari/600.1.4 (compatible; YandexMobileBot/3.0; +http://yandex.com/bots)"
77.88.5.45 - - [22/Jul/2017:10:37:27 -0400] "GET /templates/it_zen/assets/css/custom.css HTTP/1.1" 200 522 "http://new.tariscope.com/ru/support/kb/64-support_ru/administrator-s-guide/424-coral-flexicom.html" "Mozilla/5.0 (iPhone; CPU iPhone OS 8_1 like Mac OS X) AppleWebKit/600.1.4 (KHTML, like Gecko) Version/8.0 Mobile/12B411 Safari/600.1.4 (compatible; YandexMobileBot/3.0; +http://yandex.com/bots)"
77.88.5.45 - - [22/Jul/2017:10:37:30 -0400] "GET /templates/it_zen/assets/js/css3-animate-it.min.js HTTP/1.1" 200 1545 "http://new.tariscope.com/ru/support/kb/64-support_ru/administrator-s-guide/424-coral-flexicom.html" "Mozilla/5.0 (iPhone; CPU iPhone OS 8_1 like Mac OS X) AppleWebKit/600.1.4 (KHTML, like Gecko) Version/8.0 Mobile/12B411 Safari/600.1.4 (compatible; YandexMobileBot/3.0; +http://yandex.com/bots)"
77.88.5.45 - - [22/Jul/2017:10:37:34 -0400] "GET /templates/it_zen/assets/js/jquery.pageslide.min.js HTTP/1.1" 200 1190 "http://new.tariscope.com/ru/support/kb/64-support_ru/administrator-s-guide/424-coral-flexicom.html" "Mozilla/5.0 (iPhone; CPU iPhone OS 8_1 like Mac OS X) AppleWebKit/600.1.4 (KHTML, like Gecko) Version/8.0 Mobile/12B411 Safari/600.1.4 (compatible; YandexMobileBot/3.0; +http://yandex.com/bots)"
77.88.5.45 - - [22/Jul/2017:10:37:38 -0400] "GET /templates/it_zen/assets/js/template.js HTTP/1.1" 200 2981 "http://new.tariscope.com/ru/support/kb/64-support_ru/administrator-s-guide/424-coral-flexicom.html" "Mozilla/5.0 (iPhone; CPU iPhone OS 8_1 like Mac OS X) AppleWebKit/600.1.4 (KHTML, like Gecko) Version/8.0 Mobile/12B411 Safari/600.1.4 (compatible; YandexMobileBot/3.0; +http://yandex.com/bots)"
77.88.5.45 - - [22/Jul/2017:10:37:41 -0400] "GET /templates/it_zen/assets/less/styles/style1.css HTTP/1.1" 200 3298 "http://new.tariscope.com/ru/support/kb/64-support_ru/administrator-s-guide/424-coral-flexicom.html" "Mozilla/5.0 (iPhone; CPU iPhone OS 8_1 like Mac OS X) AppleWebKit/600.1.4 (KHTML, like Gecko) Version/8.0 Mobile/12B411 Safari/600.1.4 (compatible; YandexMobileBot/3.0; +http://yandex.com/bots)"
77.88.5.45 - - [22/Jul/2017:10:37:44 -0400] "GET /media/jui/js/jquery.min.js?5c3c712deec8f5e07670dabc552ece4f HTTP/1.1" 200 34113 "http://new.tariscope.com/ru/support/kb/64-support_ru/administrator-s-guide/424-coral-flexicom.html" "Mozilla/5.0 (iPhone; CPU iPhone OS 8_1 like Mac OS X) AppleWebKit/600.1.4 (KHTML, like Gecko) Version/8.0 Mobile/12B411 Safari/600.1.4 (compatible; YandexMobileBot/3.0; +http://yandex.com/bots)"
77.88.5.45 - - [22/Jul/2017:10:37:48 -0400] "GET /media/jui/js/bootstrap.min.js?5c3c712deec8f5e07670dabc552ece4f HTTP/1.1" 200 8052 "http://new.tariscope.com/ru/support/kb/64-support_ru/administrator-s-guide/424-coral-flexicom.html" "Mozilla/5.0 (iPhone; CPU iPhone OS 8_1 like Mac OS X) AppleWebKit/600.1.4 (KHTML, like Gecko) Version/8.0 Mobile/12B411 Safari/600.1.4 (compatible; YandexMobileBot/3.0; +http://yandex.com/bots)"
164.132.161.29 - - [22/Jul/2017:10:39:49 -0400] "GET /ru/64-support_ru/administrator-s-guide/490-serial-port.html HTTP/1.1" 200 7404 "-" "Mozilla/5.0 (compatible; AhrefsBot/5.2; +http://ahrefs.com/robot/)"
81.1.242.33 - - [22/Jul/2017:10:49:01 -0400] "GET /ru/r-partners-ru.html HTTP/1.1" 200 15666 "-" "Mozilla/5.0 (Windows NT 6.1; Trident/7.0; rv:11.0) like Gecko"
173.252.86.193 - - [22/Jul/2017:10:50:32 -0400] "GET /templates/bright/logo.png HTTP/1.1" 301 631 "-" "facebookexternalhit/1.1 (+http://www.facebook.com/externalhit_uatext.php)"
173.252.86.206 - - [22/Jul/2017:10:50:33 -0400] "GET /en/templates/bright/logo.png HTTP/1.1" 301 532 "-" "facebookexternalhit/1.1 (+http://www.facebook.com/externalhit_uatext.php)"
173.252.86.219 - - [22/Jul/2017:10:50:33 -0400] "GET /en/ HTTP/1.1" 200 7534 "-" "facebookexternalhit/1.1 (+http://www.facebook.com/externalhit_uatext.php)"
164.132.161.67 - - [22/Jul/2017:10:53:49 -0400] "GET /en/products/solutions/261--tariscope-35.html HTTP/1.1" 200 6745 "-" "Mozilla/5.0 (compatible; AhrefsBot/5.2; +http://ahrefs.com/robot/)"
208.80.194.123 - - [22/Jul/2017:10:59:55 -0400] "GET / HTTP/1.0" 301 569 "-" "Mozilla/5.0 (Windows NT 5.1) Gecko/20100101 Firefox/5.0"
208.80.194.125 - - [22/Jul/2017:10:59:58 -0400] "GET /en/ HTTP/1.0" 200 29598 "-" "Mozilla/5.0 (Windows NT 5.1) Gecko/20100101 Firefox/7.0.1"
199.30.24.82 - - [22/Jul/2017:11:00:27 -0400] "GET /media/com_phocadownload/css/main/phocadownload.css HTTP/1.1" 200 3301 "http://www.tariscope.com/en/download/download-tariscope.html" "Mozilla/5.0 (Windows NT 6.1; WOW64) AppleWebKit/534+ (KHTML, like Gecko) BingPreview/1.0b"
199.30.24.82 - - [22/Jul/2017:11:00:27 -0400] "GET /media/system/css/modal.css?5c3c712deec8f5e07670dabc552ece4f HTTP/1.1" 200 1243 "http://www.tariscope.com/en/download/download-tariscope.html" "Mozilla/5.0 (Windows NT 6.1; WOW64) AppleWebKit/534+ (KHTML, like Gecko) BingPreview/1.0b"
199.30.24.82 - - [22/Jul/2017:11:00:27 -0400] "GET /media/com_phocadownload/css/main/rating.css HTTP/1.1" 200 1212 "http://www.tariscope.com/en/download/download-tariscope.html" "Mozilla/5.0 (Windows NT 6.1; WOW64) AppleWebKit/534+ (KHTML, like Gecko) BingPreview/1.0b"
199.30.24.82 - - [22/Jul/2017:11:00:28 -0400] "GET /media/com_phocadownload/css/custom/default.css HTTP/1.1" 200 346 "http://www.tariscope.com/en/download/download-tariscope.html" "Mozilla/5.0 (Windows NT 6.1; WOW64) AppleWebKit/534+ (KHTML, like Gecko) BingPreview/1.0b"
199.30.24.82 - - [22/Jul/2017:11:00:28 -0400] "GET /media/com_phocadownload/css/main/bootstrap.min.css HTTP/1.1" 200 17372 "http://www.tariscope.com/en/download/download-tariscope.html" "Mozilla/5.0 (Windows NT 6.1; WOW64) AppleWebKit/534+ (KHTML, like Gecko) BingPreview/1.0b"
199.30.24.82 - - [22/Jul/2017:11:00:28 -0400] "GET /templates/it_zen/assets/less/template.css HTTP/1.1" 200 38416 "http://www.tariscope.com/en/download/download-tariscope.html" "Mozilla/5.0 (Windows NT 6.1; WOW64) AppleWebKit/534+ (KHTML, like Gecko) BingPreview/1.0b"
199.30.24.82 - - [22/Jul/2017:11:00:28 -0400] "GET /media/system/js/mootools-core.js?5c3c712deec8f5e07670dabc552ece4f HTTP/1.1" 200 27213 "http://www.tariscope.com/en/download/download-tariscope.html" "Mozilla/5.0 (Windows NT 6.1; WOW64) AppleWebKit/534+ (KHTML, like Gecko) BingPreview/1.0b"
199.30.24.82 - - [22/Jul/2017:11:00:28 -0400] "GET /media/mod_languages/css/template.css HTTP/1.1" 200 452 "http://www.tariscope.com/en/download/download-tariscope.html" "Mozilla/5.0 (Windows NT 6.1; WOW64) AppleWebKit/534+ (KHTML, like Gecko) BingPreview/1.0b"
199.30.24.82 - - [22/Jul/2017:11:00:29 -0400] "GET /media/system/js/core.js?5c3c712deec8f5e07670dabc552ece4f HTTP/1.1" 200 3878 "http://www.tariscope.com/en/download/download-tariscope.html" "Mozilla/5.0 (Windows NT 6.1; WOW64) AppleWebKit/534+ (KHTML, like Gecko) BingPreview/1.0b"
199.30.24.82 - - [22/Jul/2017:11:00:30 -0400] "GET /media/system/js/modal.js?5c3c712deec8f5e07670dabc552ece4f HTTP/1.1" 200 3610 "http://www.tariscope.com/en/download/download-tariscope.html" "Mozilla/5.0 (Windows NT 6.1; WOW64) AppleWebKit/534+ (KHTML, like Gecko) BingPreview/1.0b"
199.30.24.82 - - [22/Jul/2017:11:00:36 -0400] "GET /templates/it_zen/assets/js/template.js HTTP/1.1" 200 2926 "http://www.tariscope.com/en/download/download-tariscope.html" "Mozilla/5.0 (Windows NT 6.1; WOW64) AppleWebKit/534+ (KHTML, like Gecko) BingPreview/1.0b"
199.30.24.82 - - [22/Jul/2017:11:00:37 -0400] "GET /components/com_phocadownload/assets/overlib/overlib_mini.js HTTP/1.1" 200 10721 "http://www.tariscope.com/en/download/download-tariscope.html" "Mozilla/5.0 (Windows NT 6.1; WOW64) AppleWebKit/534+ (KHTML, like Gecko) BingPreview/1.0b"
199.30.24.82 - - [22/Jul/2017:11:00:37 -0400] "GET /templates/it_zen/assets/less/styles/style1.css HTTP/1.1" 200 3243 "http://www.tariscope.com/en/download/download-tariscope.html" "Mozilla/5.0 (Windows NT 6.1; WOW64) AppleWebKit/534+ (KHTML, like Gecko) BingPreview/1.0b"
199.30.24.82 - - [22/Jul/2017:11:00:37 -0400] "GET /templates/it_zen/assets/css/custom.css HTTP/1.1" 200 467 "http://www.tariscope.com/en/download/download-tariscope.html" "Mozilla/5.0 (Windows NT 6.1; WOW64) AppleWebKit/534+ (KHTML, like Gecko) BingPreview/1.0b"
199.30.24.82 - - [22/Jul/2017:11:00:38 -0400] "GET /media/mod_languages/images/en.gif HTTP/1.1" 200 1257 "http://www.tariscope.com/en/download/download-tariscope.html" "Mozilla/5.0 (Windows NT 6.1; WOW64) AppleWebKit/534+ (KHTML, like Gecko) BingPreview/1.0b"
199.30.24.82 - - [22/Jul/2017:11:00:38 -0400] "GET /media/mod_languages/images/uk.gif HTTP/1.1" 200 279 "http://www.tariscope.com/en/download/download-tariscope.html" "Mozilla/5.0 (Windows NT 6.1; WOW64) AppleWebKit/534+ (KHTML, like Gecko) BingPreview/1.0b"
199.30.24.82 - - [22/Jul/2017:11:00:38 -0400] "GET /media/mod_languages/images/de.gif HTTP/1.1" 200 289 "http://www.tariscope.com/en/download/download-tariscope.html" "Mozilla/5.0 (Windows NT 6.1; WOW64) AppleWebKit/534+ (KHTML, like Gecko) BingPreview/1.0b"
199.30.24.82 - - [22/Jul/2017:11:00:39 -0400] "GET /images/information/mini_logo.png HTTP/1.1" 200 8030 "http://www.tariscope.com/en/download/download-tariscope.html" "Mozilla/5.0 (Windows NT 6.1; WOW64) AppleWebKit/534+ (KHTML, like Gecko) BingPreview/1.0b"
199.30.24.82 - - [22/Jul/2017:11:00:39 -0400] "GET /media/mod_languages/images/ru.gif HTTP/1.1" 200 321 "http://www.tariscope.com/en/download/download-tariscope.html" "Mozilla/5.0 (Windows NT 6.1; WOW64) AppleWebKit/534+ (KHTML, like Gecko) BingPreview/1.0b"
199.30.24.82 - - [22/Jul/2017:11:00:39 -0400] "GET /media/com_phocadownload/images/up.png HTTP/1.1" 200 1056 "http://www.tariscope.com/en/download/download-tariscope.html" "Mozilla/5.0 (Windows NT 6.1; WOW64) AppleWebKit/534+ (KHTML, like Gecko) BingPreview/1.0b"
199.30.24.82 - - [22/Jul/2017:11:00:39 -0400] "GET /images/information/installation4.jpg HTTP/1.1" 200 5171 "http://www.tariscope.com/en/download/download-tariscope.html" "Mozilla/5.0 (Windows NT 6.1; WOW64) AppleWebKit/534+ (KHTML, like Gecko) BingPreview/1.0b"
199.30.24.82 - - [22/Jul/2017:11:00:40 -0400] "GET /templates/it_zen/assets/images/icon_top.png HTTP/1.1" 200 1523 "http://www.tariscope.com/en/download/download-tariscope.html" "Mozilla/5.0 (Windows NT 6.1; WOW64) AppleWebKit/534+ (KHTML, like Gecko) BingPreview/1.0b"
199.30.24.82 - - [22/Jul/2017:11:00:40 -0400] "GET /media/com_phocadownload/images/mime/16/icon-empty.png HTTP/1.1" 200 540 "http://www.tariscope.com/en/download/download-tariscope.html" "Mozilla/5.0 (Windows NT 6.1; WOW64) AppleWebKit/534+ (KHTML, like Gecko) BingPreview/1.0b"
199.30.24.82 - - [22/Jul/2017:11:00:40 -0400] "GET /images/information/logo.png HTTP/1.1" 200 84131 "http://www.tariscope.com/en/download/download-tariscope.html" "Mozilla/5.0 (Windows NT 6.1; WOW64) AppleWebKit/534+ (KHTML, like Gecko) BingPreview/1.0b"
75.101.162.240 - - [22/Jul/2017:11:04:36 -0400] "GET /robots.txt HTTP/1.1" 200 701 "-" "Mozilla/5.0 (compatible; DotBot/1.1; http://www.opensiteexplorer.org/dotbot, help@moz.com)"
75.101.162.240 - - [22/Jul/2017:11:04:36 -0400] "GET /robots.txt HTTP/1.1" 200 701 "-" "Mozilla/5.0 (compatible; DotBot/1.1; http://www.opensiteexplorer.org/dotbot, help@moz.com)"
164.132.161.47 - - [22/Jul/2017:11:04:57 -0400] "GET /uk/component/content/article/22--tariscope-35/286-138-cdr-cucm.html HTTP/1.1" 302 566 "-" "Mozilla/5.0 (compatible; AhrefsBot/5.2; +http://ahrefs.com/robot/)"
164.132.162.158 - - [22/Jul/2017:11:08:08 -0400] "GET /en/component/content/category/3.html HTTP/1.1" 302 566 "-" "Mozilla/5.0 (compatible; AhrefsBot/5.2; +http://ahrefs.com/robot/)"
51.255.65.65 - - [22/Jul/2017:11:10:55 -0400] "GET /de/unterst%C3%BCtzung.feed?type=atom HTTP/1.1" 200 877 "-" "Mozilla/5.0 (compatible; AhrefsBot/5.2; +http://ahrefs.com/robot/)"
51.255.71.118 - - [22/Jul/2017:11:11:05 -0400] "GET /uk/56-products_uk/features-uk/169-restriction-feature-uk.html HTTP/1.1" 200 10161 "-" "Mozilla/5.0 (compatible; AhrefsBot/5.2; +http://ahrefs.com/robot/)"
68.180.228.244 - - [22/Jul/2017:11:12:08 -0400] "GET /uk/ HTTP/1.1" 200 8445 "-" "Mozilla/5.0 (compatible; Yahoo! Slurp; http://help.yahoo.com/help/us/ysearch/slurp)"
188.187.190.59 - - [22/Jul/2017:11:23:12 -0400] "GET /en/forum/ HTTP/1.0" 301 511 "http://www.tariscope.com/en/forum/" "Mozilla/5.0 (Windows NT 6.3; Win64; x64) AppleWebKit/537.36 (KHTML, like Gecko) Chrome/58.0.3029.96 Safari/537.36"
188.187.190.59 - - [22/Jul/2017:11:23:22 -0400] "GET /en/forum/ HTTP/1.0" 301 420 "http://www.tariscope.com/en/forum/" "Mozilla/5.0 (Windows NT 6.3; Win64; x64) AppleWebKit/537.36 (KHTML, like Gecko) Chrome/58.0.3029.96 Safari/537.36"
51.255.65.94 - - [22/Jul/2017:11:27:24 -0400] "GET /uk/component/content/article/20-reports/160-2012-08-28-08-08-07.html HTTP/1.1" 302 566 "-" "Mozilla/5.0 (compatible; AhrefsBot/5.2; +http://ahrefs.com/robot/)"
75.101.162.240 - - [22/Jul/2017:11:28:38 -0400] "GET /uk/ HTTP/1.1" 200 32267 "-" "Mozilla/5.0 (compatible; DotBot/1.1; http://www.opensiteexplorer.org/dotbot, help@moz.com)"
75.101.162.240 - - [22/Jul/2017:11:30:45 -0400] "GET /en/download/download-tariscope.html HTTP/1.1" 200 30195 "-" "Mozilla/5.0 (compatible; DotBot/1.1; http://www.opensiteexplorer.org/dotbot, help@moz.com)"
217.182.132.181 - - [22/Jul/2017:11:33:23 -0400] "GET /en/59-support_en/admin-guide/289-ms-sql-server.html HTTP/1.1" 200 7484 "-" "Mozilla/5.0 (compatible; AhrefsBot/5.2; +http://ahrefs.com/robot/)"
164.132.161.37 - - [22/Jul/2017:11:33:45 -0400] "GET /uk/component/content/article/20-reports/171-2012-08-30-09-49-04.html HTTP/1.1" 200 6235 "-" "Mozilla/5.0 (compatible; AhrefsBot/5.2; +http://ahrefs.com/robot/)"
180.76.15.138 - - [22/Jul/2017:11:33:59 -0400] "GET /uk/63-support_uk/ts-and-equipment/347-cucm-special-report-forms.html HTTP/1.1" 200 21804 "-" "Mozilla/5.0 (compatible; Baiduspider/2.0; +http://www.baidu.com/search/spider.html)"
89.35.39.45 - - [22/Jul/2017:11:40:12 -0400] "GET /robots.txt HTTP/1.1" 200 757 "-" "Mozilla/5.0 (compatible; MJ12bot/v1.4.7; http://mj12bot.com/)"
89.35.39.45 - - [22/Jul/2017:11:40:15 -0400] "GET /ru/component/content/article/22--tariscope-35/380-r3-.html HTTP/1.1" 301 476 "-" "Mozilla/5.0 (compatible; MJ12bot/v1.4.7; http://mj12bot.com/)"
89.35.39.45 - - [22/Jul/2017:11:40:19 -0400] "GET /ru/ HTTP/1.1" 200 32219 "-" "Mozilla/5.0 (compatible; MJ12bot/v1.4.7; http://mj12bot.com/)"
89.35.39.45 - - [22/Jul/2017:11:40:22 -0400] "GET /ru/component/content/article/22--tariscope-35/381-r4-.html HTTP/1.1" 302 566 "-" "Mozilla/5.0 (compatible; MJ12bot/v1.4.7; http://mj12bot.com/)"
89.35.39.45 - - [22/Jul/2017:11:40:25 -0400] "GET /ru/component/content/article/22--tariscope-35/index.php?option=com_content&view=article&id=165&catid=55&lang=en&Itemid=230 HTTP/1.1" 200 5411 "-" "Mozilla/5.0 (compatible; MJ12bot/v1.4.7; http://mj12bot.com/)"
89.35.39.45 - - [22/Jul/2017:11:40:27 -0400] "GET /ru/component/content/article/22--tariscope-35/382-r5-.html HTTP/1.1" 200 15449 "-" "Mozilla/5.0 (compatible; MJ12bot/v1.4.7; http://mj12bot.com/)"
89.35.39.45 - - [22/Jul/2017:11:40:31 -0400] "GET /ru/component/content/article/22--tariscope-35/400-p2-.html HTTP/1.1" 200 6139 "-" "Mozilla/5.0 (compatible; MJ12bot/v1.4.7; http://mj12bot.com/)"
89.35.39.45 - - [22/Jul/2017:11:40:34 -0400] "GET /ru/component/content/article/22--tariscope-35/400-p2-.html?tmpl=component&print=1 HTTP/1.1" 200 3661 "-" "Mozilla/5.0 (compatible; MJ12bot/v1.4.7; http://mj12bot.com/)"
89.35.39.45 - - [22/Jul/2017:11:40:40 -0400] "GET /ru/component/content/article/22--tariscope-35/401-p3-authentication.html?tmpl=component&print=1 HTTP/1.1" 200 4527 "-" "Mozilla/5.0 (compatible; MJ12bot/v1.4.7; http://mj12bot.com/)"
89.35.39.45 - - [22/Jul/2017:11:40:42 -0400] "GET /ru/component/content/article/22--tariscope-35/402-payment-systems-configuration.html HTTP/1.1" 200 7613 "-" "Mozilla/5.0 (compatible; MJ12bot/v1.4.7; http://mj12bot.com/)"
89.35.39.45 - - [22/Jul/2017:11:40:45 -0400] "GET /ru/component/content/article/22--tariscope-35/402-payment-systems-configuration.html?tmpl=component&print=1 HTTP/1.1" 200 5122 "-" "Mozilla/5.0 (compatible; MJ12bot/v1.4.7; http://mj12bot.com/)"
89.35.39.45 - - [22/Jul/2017:11:40:48 -0400] "GET /ru/component/content/article/22--tariscope-35/403-p5-.html?tmpl=component&print=1 HTTP/1.1" 200 3938 "-" "Mozilla/5.0 (compatible; MJ12bot/v1.4.7; http://mj12bot.com/)"
89.35.39.45 - - [22/Jul/2017:11:40:51 -0400] "GET /ru/component/content/article/22--tariscope-35/404-p6-.html HTTP/1.1" 200 6705 "-" "Mozilla/5.0 (compatible; MJ12bot/v1.4.7; http://mj12bot.com/)"
89.35.39.45 - - [22/Jul/2017:11:40:54 -0400] "GET /ru/component/content/article/22--tariscope-35/404-p6-.html?tmpl=component&print=1 HTTP/1.1" 200 4239 "-" "Mozilla/5.0 (compatible; MJ12bot/v1.4.7; http://mj12bot.com/)"
89.35.39.45 - - [22/Jul/2017:11:40:57 -0400] "GET /ru/component/content/article/22--tariscope-35/405-statistics-configuration.html HTTP/1.1" 200 6523 "-" "Mozilla/5.0 (compatible; MJ12bot/v1.4.7; http://mj12bot.com/)"
89.35.39.45 - - [22/Jul/2017:11:40:59 -0400] "GET /ru/component/content/article/22--tariscope-35/405-statistics-configuration.html?tmpl=component&print=1 HTTP/1.1" 200 4051 "-" "Mozilla/5.0 (compatible; MJ12bot/v1.4.7; http://mj12bot.com/)"
89.35.39.45 - - [22/Jul/2017:11:41:03 -0400] "GET /ru/component/content/article/22--tariscope-35/406-p8----.html HTTP/1.1" 200 8040 "-" "Mozilla/5.0 (compatible; MJ12bot/v1.4.7; http://mj12bot.com/)"
89.35.39.45 - - [22/Jul/2017:11:41:06 -0400] "GET /ru/component/content/article/22--tariscope-35/406-p8----.html?tmpl=component&print=1 HTTP/1.1" 200 5536 "-" "Mozilla/5.0 (compatible; MJ12bot/v1.4.7; http://mj12bot.com/)"
89.35.39.45 - - [22/Jul/2017:11:41:09 -0400] "GET /ru/component/content/article/22-using-tariscope-form-designer.html HTTP/1.1" 302 566 "-" "Mozilla/5.0 (compatible; MJ12bot/v1.4.7; http://mj12bot.com/)"
89.35.39.45 - - [22/Jul/2017:11:41:12 -0400] "GET /ru/component/content/article/index.php?option=com_content&view=article&id=165&catid=55&lang=en&Itemid=230 HTTP/1.1" 200 5341 "-" "Mozilla/5.0 (compatible; MJ12bot/v1.4.7; http://mj12bot.com/)"
89.35.39.45 - - [22/Jul/2017:11:41:15 -0400] "GET /ru/component/content/article/220-2012-10-22-09-38-03.html HTTP/1.1" 302 566 "-" "Mozilla/5.0 (compatible; MJ12bot/v1.4.7; http://mj12bot.com/)"
89.35.39.45 - - [22/Jul/2017:11:41:18 -0400] "GET /ru/component/content/article/index.php?option=com_content&view=article&id=165&catid=55&lang=en&Itemid=230 HTTP/1.1" 200 5341 "-" "Mozilla/5.0 (compatible; MJ12bot/v1.4.7; http://mj12bot.com/)"
82.193.100.107 - - [22/Jul/2017:11:41:21 -0400] "GET /robots.txt HTTP/1.1" 200 757 "-" "Mozilla/5.0 (compatible; MJ12bot/v1.4.7; http://mj12bot.com/)"
89.35.39.45 - - [22/Jul/2017:11:41:21 -0400] "GET /ru/component/content/article/221-2012-10-25-08-46-24.html HTTP/1.1" 302 566 "-" "Mozilla/5.0 (compatible; MJ12bot/v1.4.7; http://mj12bot.com/)"
82.193.100.107 - - [22/Jul/2017:11:41:24 -0400] "GET /ru/support/index.php HTTP/1.1" 302 566 "-" "Mozilla/5.0 (compatible; MJ12bot/v1.4.7; http://mj12bot.com/)"
89.35.39.45 - - [22/Jul/2017:11:41:24 -0400] "GET /ru/component/content/article/index.php?option=com_content&view=article&id=165&catid=55&lang=en&Itemid=230 HTTP/1.1" 200 5341 "-" "Mozilla/5.0 (compatible; MJ12bot/v1.4.7; http://mj12bot.com/)"
82.193.100.107 - - [22/Jul/2017:11:41:26 -0400] "GET /ru/support/index.php?option=com_content&view=article&id=165&catid=55&lang=en&Itemid=230 HTTP/1.1" 200 20117 "-" "Mozilla/5.0 (compatible; MJ12bot/v1.4.7; http://mj12bot.com/)"
82.193.100.107 - - [22/Jul/2017:11:41:28 -0400] "GET /robots.txt HTTP/1.1" 200 757 "-" "Mozilla/5.0 (compatible; MJ12bot/v1.4.7; http://mj12bot.com/)"
89.35.39.45 - - [22/Jul/2017:11:41:29 -0400] "GET /ru/component/content/article/222-2012-10-25-10-11-12.html HTTP/1.1" 302 566 "-" "Mozilla/5.0 (compatible; MJ12bot/v1.4.7; http://mj12bot.com/)"
89.35.39.45 - - [22/Jul/2017:11:41:31 -0400] "GET /ru/component/content/article/index.php?option=com_content&view=article&id=165&catid=55&lang=en&Itemid=230 HTTP/1.1" 200 5341 "-" "Mozilla/5.0 (compatible; MJ12bot/v1.4.7; http://mj12bot.com/)"
82.193.100.107 - - [22/Jul/2017:11:41:31 -0400] "GET /en/forum/4-Tariscope-3x/165-Re-%D0%98%D0%B7%D0%BC%D0%B5%D0%BD%D0%B5%D0%BD%D0%B8%D0%B5-%D1%82%D0%B0%D1%80%D0%B8%D1%84%D0%BE%D0%B2/post.html HTTP/1.1" 302 566 "-" "Mozilla/5.0 (compatible; MJ12bot/v1.4.7; http://mj12bot.com/)"
82.193.100.107 - - [22/Jul/2017:11:41:34 -0400] "GET /en/forum/4-Tariscope-3x/165-Re-%D0%98%D0%B7%D0%BC%D0%B5%D0%BD%D0%B5%D0%BD%D0%B8%D0%B5-%D1%82%D0%B0%D1%80%D0%B8%D1%84%D0%BE%D0%B2/index.php?option=com_content&view=article&id=165&catid=55&lang=en&Itemid=230 HTTP/1.1" 200 20014 "-" "Mozilla/5.0 (compatible; MJ12bot/v1.4.7; http://mj12bot.com/)"
89.35.39.45 - - [22/Jul/2017:11:41:34 -0400] "GET /ru/component/content/article/225-2012-10-28-19-05-15.html HTTP/1.1" 200 6027 "-" "Mozilla/5.0 (compatible; MJ12bot/v1.4.7; http://mj12bot.com/)"
82.193.100.107 - - [22/Jul/2017:11:41:37 -0400] "GET /en/forum/4-Tariscope-3x/209-%D0%9D%D0%B0%D1%81%D1%82%D1%80%D0%BE%D0%B9%D0%BA%D0%B0-%D0%BF%D0%BB%D0%B0%D0%BD%D0%B8%D1%80%D0%BE%D0%B2%D1%89%D0%B8%D0%BA%D0%B0-%D0%BE%D1%82%D1%87%D0%B5%D1%82%D0%BE%D0%B2/post.html HTTP/1.1" 302 566 "-" "Mozilla/5.0 (compatible; MJ12bot/v1.4.7; http://mj12bot.com/)"
89.35.39.45 - - [22/Jul/2017:11:41:37 -0400] "GET /ru/component/content/article/227----on-line-----.html HTTP/1.1" 302 566 "-" "Mozilla/5.0 (compatible; MJ12bot/v1.4.7; http://mj12bot.com/)"
82.193.100.107 - - [22/Jul/2017:11:41:40 -0400] "GET /en/forum/4-Tariscope-3x/209-%D0%9D%D0%B0%D1%81%D1%82%D1%80%D0%BE%D0%B9%D0%BA%D0%B0-%D0%BF%D0%BB%D0%B0%D0%BD%D0%B8%D1%80%D0%BE%D0%B2%D1%89%D0%B8%D0%BA%D0%B0-%D0%BE%D1%82%D1%87%D0%B5%D1%82%D0%BE%D0%B2/index.php?option=com_content&view=article&id=165&catid=55&lang=en&Itemid=230 HTTP/1.1" 200 5432 "-" "Mozilla/5.0 (compatible; MJ12bot/v1.4.7; http://mj12bot.com/)"
89.35.39.45 - - [22/Jul/2017:11:41:40 -0400] "GET /ru/component/content/article/index.php?option=com_content&view=article&id=165&catid=55&lang=en&Itemid=230 HTTP/1.1" 200 5341 "-" "Mozilla/5.0 (compatible; MJ12bot/v1.4.7; http://mj12bot.com/)"
82.193.100.107 - - [22/Jul/2017:11:41:44 -0400] "GET /en/forum/4-Tariscope-3x/210-Re-%D0%9D%D0%B0%D1%81%D1%82%D1%80%D0%BE%D0%B9%D0%BA%D0%B0-%D0%BF%D0%BB%D0%B0%D0%BD%D0%B8%D1%80%D0%BE%D0%B2%D1%89%D0%B8%D0%BA%D0%B0-%D0%BE%D1%82%D1%87%D0%B5%D1%82%D0%BE%D0%B2/post.html HTTP/1.1" 302 566 "-" "Mozilla/5.0 (compatible; MJ12bot/v1.4.7; http://mj12bot.com/)"
89.35.39.45 - - [22/Jul/2017:11:41:45 -0400] "GET /ru/component/content/article/228-2012-10-29-11-06-34.html HTTP/1.1" 302 566 "-" "Mozilla/5.0 (compatible; MJ12bot/v1.4.7; http://mj12bot.com/)"
82.193.100.107 - - [22/Jul/2017:11:41:46 -0400] "GET /en/forum/4-Tariscope-3x/210-Re-%D0%9D%D0%B0%D1%81%D1%82%D1%80%D0%BE%D0%B9%D0%BA%D0%B0-%D0%BF%D0%BB%D0%B0%D0%BD%D0%B8%D1%80%D0%BE%D0%B2%D1%89%D0%B8%D0%BA%D0%B0-%D0%BE%D1%82%D1%87%D0%B5%D1%82%D0%BE%D0%B2/index.php?option=com_content&view=article&id=165&catid=55&lang=en&Itemid=230 HTTP/1.1" 200 5434 "-" "Mozilla/5.0 (compatible; MJ12bot/v1.4.7; http://mj12bot.com/)"
89.35.39.45 - - [22/Jul/2017:11:41:47 -0400] "GET /ru/component/content/article/index.php?option=com_content&view=article&id=165&catid=55&lang=en&Itemid=230 HTTP/1.1" 200 5341 "-" "Mozilla/5.0 (compatible; MJ12bot/v1.4.7; http://mj12bot.com/)"
82.193.100.107 - - [22/Jul/2017:11:41:50 -0400] "GET /en/forum/4-Tariscope-3x/278-Re-%D0%A3%D0%B2%D0%B5%D0%B4%D0%BE%D0%BC%D0%BB%D0%B5%D0%BD%D0%B8%D1%8F-%D0%B8-%D0%BF%D0%BE%D1%87%D1%82%D0%B0-%D0%B2-Tariscope/post.html HTTP/1.1" 302 566 "-" "Mozilla/5.0 (compatible; MJ12bot/v1.4.7; http://mj12bot.com/)"
89.35.39.45 - - [22/Jul/2017:11:41:50 -0400] "GET /ru/component/content/article/229-2012-10-30-08-13-49.html HTTP/1.1" 302 566 "-" "Mozilla/5.0 (compatible; MJ12bot/v1.4.7; http://mj12bot.com/)"
89.35.39.45 - - [22/Jul/2017:11:41:53 -0400] "GET /ru/component/content/article/index.php?option=com_content&view=article&id=165&catid=55&lang=en&Itemid=230 HTTP/1.1" 200 5341 "-" "Mozilla/5.0 (compatible; MJ12bot/v1.4.7; http://mj12bot.com/)"
82.193.100.107 - - [22/Jul/2017:11:41:53 -0400] "GET /en/forum/4-Tariscope-3x/278-Re-%D0%A3%D0%B2%D0%B5%D0%B4%D0%BE%D0%BC%D0%BB%D0%B5%D0%BD%D0%B8%D1%8F-%D0%B8-%D0%BF%D0%BE%D1%87%D1%82%D0%B0-%D0%B2-Tariscope/index.php?option=com_content&view=article&id=165&catid=55&lang=en&Itemid=230 HTTP/1.1" 200 5425 "-" "Mozilla/5.0 (compatible; MJ12bot/v1.4.7; http://mj12bot.com/)"
89.35.39.45 - - [22/Jul/2017:11:41:56 -0400] "GET /ru/component/content/article/230-2012-10-30-09-24-57.html HTTP/1.1" 302 566 "-" "Mozilla/5.0 (compatible; MJ12bot/v1.4.7; http://mj12bot.com/)"
82.193.100.107 - - [22/Jul/2017:11:41:57 -0400] "GET /en/forum/4-Tariscope-3x/279-Re-%D0%A3%D0%B2%D0%B5%D0%B4%D0%BE%D0%BC%D0%BB%D0%B5%D0%BD%D0%B8%D1%8F-%D0%B8-%D0%BF%D0%BE%D1%87%D1%82%D0%B0-%D0%B2-Tariscope/post.html HTTP/1.1" 302 566 "-" "Mozilla/5.0 (compatible; MJ12bot/v1.4.7; http://mj12bot.com/)"
89.35.39.45 - - [22/Jul/2017:11:41:59 -0400] "GET /ru/component/content/article/index.php?option=com_content&view=article&id=165&catid=55&lang=en&Itemid=230 HTTP/1.1" 200 5341 "-" "Mozilla/5.0 (compatible; MJ12bot/v1.4.7; http://mj12bot.com/)"
82.193.100.107 - - [22/Jul/2017:11:42:00 -0400] "GET /en/forum/4-Tariscope-3x/279-Re-%D0%A3%D0%B2%D0%B5%D0%B4%D0%BE%D0%BC%D0%BB%D0%B5%D0%BD%D0%B8%D1%8F-%D0%B8-%D0%BF%D0%BE%D1%87%D1%82%D0%B0-%D0%B2-Tariscope/index.php?option=com_content&view=article&id=165&catid=55&lang=en&Itemid=230 HTTP/1.1" 200 5427 "-" "Mozilla/5.0 (compatible; MJ12bot/v1.4.7; http://mj12bot.com/)"
89.35.39.45 - - [22/Jul/2017:11:42:02 -0400] "GET /ru/component/content/article/231----on-line---.html HTTP/1.1" 302 566 "-" "Mozilla/5.0 (compatible; MJ12bot/v1.4.7; http://mj12bot.com/)"
82.193.100.107 - - [22/Jul/2017:11:42:03 -0400] "GET /en/forum/4-Tariscope-3x/280-Re-%D0%A3%D0%B2%D0%B5%D0%B4%D0%BE%D0%BC%D0%BB%D0%B5%D0%BD%D0%B8%D1%8F-%D0%B8-%D0%BF%D0%BE%D1%87%D1%82%D0%B0-%D0%B2-Tariscope/post.html HTTP/1.1" 302 566 "-" "Mozilla/5.0 (compatible; MJ12bot/v1.4.7; http://mj12bot.com/)"
82.193.100.107 - - [22/Jul/2017:11:42:06 -0400] "GET /en/forum/4-Tariscope-3x/280-Re-%D0%A3%D0%B2%D0%B5%D0%B4%D0%BE%D0%BC%D0%BB%D0%B5%D0%BD%D0%B8%D1%8F-%D0%B8-%D0%BF%D0%BE%D1%87%D1%82%D0%B0-%D0%B2-Tariscope/index.php?option=com_content&view=article&id=165&catid=55&lang=en&Itemid=230 HTTP/1.1" 200 5425 "-" "Mozilla/5.0 (compatible; MJ12bot/v1.4.7; http://mj12bot.com/)"
89.35.39.45 - - [22/Jul/2017:11:42:07 -0400] "GET /ru/component/content/article/index.php?option=com_content&view=article&id=165&catid=55&lang=en&Itemid=230 HTTP/1.1" 200 5341 "-" "Mozilla/5.0 (compatible; MJ12bot/v1.4.7; http://mj12bot.com/)"
82.193.100.107 - - [22/Jul/2017:11:42:09 -0400] "GET /en/forum/4-Tariscope-Enterprise--Provider/230-Re-cme-hunt-group-%D0%B8-%D0%B2%D1%85%D0%BE%D0%B4%D1%8F%D1%89%D0%B8%D0%B5-%D0%B2%D1%8B%D0%B7%D0%BE%D0%B2%D1%8B/index.php HTTP/1.1" 302 566 "-" "Mozilla/5.0 (compatible; MJ12bot/v1.4.7; http://mj12bot.com/)"
89.35.39.45 - - [22/Jul/2017:11:42:10 -0400] "GET /ru/component/content/article/232-connect-to-hipath-6.html HTTP/1.1" 301 476 "-" "Mozilla/5.0 (compatible; MJ12bot/v1.4.7; http://mj12bot.com/)"
82.193.100.107 - - [22/Jul/2017:11:42:13 -0400] "GET /en/forum/4-Tariscope-Enterprise--Provider/230-Re-cme-hunt-group-%D0%B8-%D0%B2%D1%85%D0%BE%D0%B4%D1%8F%D1%89%D0%B8%D0%B5-%D0%B2%D1%8B%D0%B7%D0%BE%D0%B2%D1%8B/index.php?option=com_content&view=article&id=165&catid=55&lang=en&Itemid=230 HTTP/1.1" 200 5427 "-" "Mozilla/5.0 (compatible; MJ12bot/v1.4.7; http://mj12bot.com/)"
89.35.39.45 - - [22/Jul/2017:11:42:13 -0400] "GET /ru/ HTTP/1.1" 200 8273 "-" "Mozilla/5.0 (compatible; MJ12bot/v1.4.7; http://mj12bot.com/)"
89.35.39.45 - - [22/Jul/2017:11:42:16 -0400] "GET /ru/component/content/article/233----on-line-----.html HTTP/1.1" 302 566 "-" "Mozilla/5.0 (compatible; MJ12bot/v1.4.7; http://mj12bot.com/)"
82.193.100.107 - - [22/Jul/2017:11:42:17 -0400] "GET /en/forum/4-Tariscope-Enterprise--Provider/231-Re-cme-hunt-group-%D0%B8-%D0%B2%D1%85%D0%BE%D0%B4%D1%8F%D1%89%D0%B8%D0%B5-%D0%B2%D1%8B%D0%B7%D0%BE%D0%B2%D1%8B/index.php HTTP/1.1" 302 566 "-" "Mozilla/5.0 (compatible; MJ12bot/v1.4.7; http://mj12bot.com/)"
89.35.39.45 - - [22/Jul/2017:11:42:19 -0400] "GET /ru/component/content/article/index.php?option=com_content&view=article&id=165&catid=55&lang=en&Itemid=230 HTTP/1.1" 200 5341 "-" "Mozilla/5.0 (compatible; MJ12bot/v1.4.7; http://mj12bot.com/)"
82.193.100.107 - - [22/Jul/2017:11:42:20 -0400] "GET /en/forum/4-Tariscope-Enterprise--Provider/231-Re-cme-hunt-group-%D0%B8-%D0%B2%D1%85%D0%BE%D0%B4%D1%8F%D1%89%D0%B8%D0%B5-%D0%B2%D1%8B%D0%B7%D0%BE%D0%B2%D1%8B/index.php?option=com_content&view=article&id=165&catid=55&lang=en&Itemid=230 HTTP/1.1" 200 5427 "-" "Mozilla/5.0 (compatible; MJ12bot/v1.4.7; http://mj12bot.com/)"
89.35.39.45 - - [22/Jul/2017:11:42:22 -0400] "GET /ru/component/content/article/234-2012-11-02-14-06-42.html HTTP/1.1" 302 566 "-" "Mozilla/5.0 (compatible; MJ12bot/v1.4.7; http://mj12bot.com/)"
82.193.100.107 - - [22/Jul/2017:11:42:24 -0400] "GET /en/forum/4-Tariscope-Enterprise--Provider/232-Re-cme-hunt-group-%D0%B8-%D0%B2%D1%85%D0%BE%D0%B4%D1%8F%D1%89%D0%B8%D0%B5-%D0%B2%D1%8B%D0%B7%D0%BE%D0%B2%D1%8B/index.php HTTP/1.1" 302 566 "-" "Mozilla/5.0 (compatible; MJ12bot/v1.4.7; http://mj12bot.com/)"
89.35.39.45 - - [22/Jul/2017:11:42:25 -0400] "GET /ru/component/content/article/index.php?option=com_content&view=article&id=165&catid=55&lang=en&Itemid=230 HTTP/1.1" 200 5341 "-" "Mozilla/5.0 (compatible; MJ12bot/v1.4.7; http://mj12bot.com/)"
82.193.100.107 - - [22/Jul/2017:11:42:26 -0400] "GET /en/forum/4-Tariscope-Enterprise--Provider/232-Re-cme-hunt-group-%D0%B8-%D0%B2%D1%85%D0%BE%D0%B4%D1%8F%D1%89%D0%B8%D0%B5-%D0%B2%D1%8B%D0%B7%D0%BE%D0%B2%D1%8B/index.php?option=com_content&view=article&id=165&catid=55&lang=en&Itemid=230 HTTP/1.1" 200 5427 "-" "Mozilla/5.0 (compatible; MJ12bot/v1.4.7; http://mj12bot.com/)"
89.35.39.45 - - [22/Jul/2017:11:42:28 -0400] "GET /ru/component/content/article/236-2012-11-22-09-49-30.html HTTP/1.1" 200 5460 "-" "Mozilla/5.0 (compatible; MJ12bot/v1.4.7; http://mj12bot.com/)"
82.193.100.107 - - [22/Jul/2017:11:42:29 -0400] "GET /en/forum/4-Tariscope-Enterprise--Provider/233-Re-%D0%9D%D0%BE%D0%BC%D0%B5%D1%80%D0%B0-%D0%B8-%D0%BA%D0%BE%D0%B4%D1%8B/index.php HTTP/1.1" 302 566 "-" "Mozilla/5.0 (compatible; MJ12bot/v1.4.7; http://mj12bot.com/)"
89.35.39.45 - - [22/Jul/2017:11:42:30 -0400] "GET /ru/component/content/article/237-2012-11-22-10-49-52.html HTTP/1.1" 302 566 "-" "Mozilla/5.0 (compatible; MJ12bot/v1.4.7; http://mj12bot.com/)"
82.193.100.107 - - [22/Jul/2017:11:42:32 -0400] "GET /en/forum/4-Tariscope-Enterprise--Provider/233-Re-%D0%9D%D0%BE%D0%BC%D0%B5%D1%80%D0%B0-%D0%B8-%D0%BA%D0%BE%D0%B4%D1%8B/index.php?option=com_content&view=article&id=165&catid=55&lang=en&Itemid=230 HTTP/1.1" 200 5414 "-" "Mozilla/5.0 (compatible; MJ12bot/v1.4.7; http://mj12bot.com/)"
89.35.39.45 - - [22/Jul/2017:11:42:34 -0400] "GET /ru/component/content/article/index.php?option=com_content&view=article&id=165&catid=55&lang=en&Itemid=230 HTTP/1.1" 200 5341 "-" "Mozilla/5.0 (compatible; MJ12bot/v1.4.7; http://mj12bot.com/)"
82.193.100.107 - - [22/Jul/2017:11:42:36 -0400] "GET /en/forum/4-Tariscope-Enterprise--Provider/235-Re-cme-hunt-group-%D0%B8-%D0%B2%D1%85%D0%BE%D0%B4%D1%8F%D1%89%D0%B8%D0%B5-%D0%B2%D1%8B%D0%B7%D0%BE%D0%B2%D1%8B/index.php HTTP/1.1" 302 566 "-" "Mozilla/5.0 (compatible; MJ12bot/v1.4.7; http://mj12bot.com/)"
89.35.39.45 - - [22/Jul/2017:11:42:37 -0400] "GET /ru/component/content/article/237-2012-11-22-10-49-52.html?directory=94 HTTP/1.1" 302 566 "-" "Mozilla/5.0 (compatible; MJ12bot/v1.4.7; http://mj12bot.com/)"
82.193.100.107 - - [22/Jul/2017:11:42:39 -0400] "GET /en/forum/4-Tariscope-Enterprise--Provider/235-Re-cme-hunt-group-%D0%B8-%D0%B2%D1%85%D0%BE%D0%B4%D1%8F%D1%89%D0%B8%D0%B5-%D0%B2%D1%8B%D0%B7%D0%BE%D0%B2%D1%8B/index.php?option=com_content&view=article&id=165&catid=55&lang=en&Itemid=230 HTTP/1.1" 200 5427 "-" "Mozilla/5.0 (compatible; MJ12bot/v1.4.7; http://mj12bot.com/)"
89.35.39.45 - - [22/Jul/2017:11:42:40 -0400] "GET /ru/component/content/article/index.php?option=com_content&view=article&id=165&catid=55&lang=en&Itemid=230 HTTP/1.1" 200 5341 "-" "Mozilla/5.0 (compatible; MJ12bot/v1.4.7; http://mj12bot.com/)"
82.193.100.107 - - [22/Jul/2017:11:42:42 -0400] "GET /en/forum/4-Tariscope-Enterprise--Provider/236-Re-Avaya-%D0%B8-Tariscope/index.php HTTP/1.1" 302 566 "-" "Mozilla/5.0 (compatible; MJ12bot/v1.4.7; http://mj12bot.com/)"
69.30.213.138 - - [22/Jul/2017:11:42:43 -0400] "GET /robots.txt HTTP/1.0" 200 720 "-" "Mozilla/5.0 (compatible; MJ12bot/v1.4.7; http://mj12bot.com/)"
89.35.39.45 - - [22/Jul/2017:11:42:43 -0400] "GET /ru/component/content/article/238-2012-11-26-08-30-24.html HTTP/1.1" 302 566 "-" "Mozilla/5.0 (compatible; MJ12bot/v1.4.7; http://mj12bot.com/)"
82.193.100.107 - - [22/Jul/2017:11:42:44 -0400] "GET /en/forum/4-Tariscope-Enterprise--Provider/236-Re-Avaya-%D0%B8-Tariscope/index.php?option=com_content&view=article&id=165&catid=55&lang=en&Itemid=230 HTTP/1.1" 200 5387 "-" "Mozilla/5.0 (compatible; MJ12bot/v1.4.7; http://mj12bot.com/)"
89.35.39.45 - - [22/Jul/2017:11:42:46 -0400] "GET /ru/component/content/article/index.php?option=com_content&view=article&id=165&catid=55&lang=en&Itemid=230 HTTP/1.1" 200 5341 "-" "Mozilla/5.0 (compatible; MJ12bot/v1.4.7; http://mj12bot.com/)"
82.193.100.107 - - [22/Jul/2017:11:42:48 -0400] "GET /en/forum/4-Tariscope-Enterprise--Provider/267-%D0%A3%D0%B2%D0%B5%D0%B4%D0%BE%D0%BC%D0%BB%D0%B5%D0%BD%D0%B8%D1%8F-%D0%B8-%D0%BF%D0%BE%D1%87%D1%82%D0%B0-%D0%B2-Tariscope.html HTTP/1.1" 200 6530 "-" "Mozilla/5.0 (compatible; MJ12bot/v1.4.7; http://mj12bot.com/)"
89.35.39.45 - - [22/Jul/2017:11:42:51 -0400] "GET /ru/component/content/article/238-2012-11-26-08-30-24.html?directory=94 HTTP/1.1" 302 566 "-" "Mozilla/5.0 (compatible; MJ12bot/v1.4.7; http://mj12bot.com/)"
89.35.39.45 - - [22/Jul/2017:11:42:54 -0400] "GET /ru/component/content/article/index.php?option=com_content&view=article&id=165&catid=55&lang=en&Itemid=230 HTTP/1.1" 200 5341 "-" "Mozilla/5.0 (compatible; MJ12bot/v1.4.7; http://mj12bot.com/)"
89.35.39.45 - - [22/Jul/2017:11:42:57 -0400] "GET /ru/component/content/article/239-2012-11-26-15-53-06.html HTTP/1.1" 302 566 "-" "Mozilla/5.0 (compatible; MJ12bot/v1.4.7; http://mj12bot.com/)"
82.193.100.107 - - [22/Jul/2017:11:42:58 -0400] "GET /en/forum/4-Tariscope-Enterprise--Provider/267-%D0%A3%D0%B2%D0%B5%D0%B4%D0%BE%D0%BC%D0%BB%D0%B5%D0%BD%D0%B8%D1%8F-%D0%B8-%D0%BF%D0%BE%D1%87%D1%82%D0%B0-%D0%B2-Tariscope/index.php HTTP/1.1" 302 566 "-" "Mozilla/5.0 (compatible; MJ12bot/v1.4.7; http://mj12bot.com/)"
89.35.39.45 - - [22/Jul/2017:11:43:00 -0400] "GET /ru/component/content/article/index.php?option=com_content&view=article&id=165&catid=55&lang=en&Itemid=230 HTTP/1.1" 200 5341 "-" "Mozilla/5.0 (compatible; MJ12bot/v1.4.7; http://mj12bot.com/)"
89.35.39.45 - - [22/Jul/2017:11:43:03 -0400] "GET /ru/component/content/article/239-2012-11-26-15-53-06.html?directory=94 HTTP/1.1" 302 566 "-" "Mozilla/5.0 (compatible; MJ12bot/v1.4.7; http://mj12bot.com/)"
69.30.213.138 - - [22/Jul/2017:11:43:04 -0400] "GET /ru/component/search/?searchword=statistics%20on%20calls&submit=Search&searchphrase=any&ordering=newest HTTP/1.0" 200 23121 "-" "Mozilla/5.0 (compatible; MJ12bot/v1.4.7; http://mj12bot.com/)"
82.193.100.107 - - [22/Jul/2017:11:43:06 -0400] "GET /en/forum/4-Tariscope-Enterprise--Provider/268-Re-%D0%A3%D0%B2%D0%B5%D0%B4%D0%BE%D0%BC%D0%BB%D0%B5%D0%BD%D0%B8%D1%8F-%D0%B8-%D0%BF%D0%BE%D1%87%D1%82%D0%B0-%D0%B2-Tariscope/index.php HTTP/1.1" 302 566 "-" "Mozilla/5.0 (compatible; MJ12bot/v1.4.7; http://mj12bot.com/)"
89.35.39.45 - - [22/Jul/2017:11:43:06 -0400] "GET /ru/component/content/article/index.php?option=com_content&view=article&id=165&catid=55&lang=en&Itemid=230 HTTP/1.1" 200 5341 "-" "Mozilla/5.0 (compatible; MJ12bot/v1.4.7; http://mj12bot.com/)"
82.193.100.107 - - [22/Jul/2017:11:43:09 -0400] "GET /en/forum/4-Tariscope-Enterprise--Provider/268-Re-%D0%A3%D0%B2%D0%B5%D0%B4%D0%BE%D0%BC%D0%BB%D0%B5%D0%BD%D0%B8%D1%8F-%D0%B8-%D0%BF%D0%BE%D1%87%D1%82%D0%B0-%D0%B2-Tariscope/index.php?option=com_content&view=article&id=165&catid=55&lang=en&Itemid=230 HTTP/1.1" 200 5432 "-" "Mozilla/5.0 (compatible; MJ12bot/v1.4.7; http://mj12bot.com/)"
89.35.39.45 - - [22/Jul/2017:11:43:10 -0400] "GET /ru/component/content/article/240-2012-11-27-13-11-44.html HTTP/1.1" 302 566 "-" "Mozilla/5.0 (compatible; MJ12bot/v1.4.7; http://mj12bot.com/)"
69.30.213.138 - - [22/Jul/2017:11:43:09 -0400] "GET /ru/component/search/?searchword=to%20hide%20field&submit=Search&searchphrase=any&ordering=newest HTTP/1.1" 200 6742 "-" "Mozilla/5.0 (compatible; MJ12bot/v1.4.7; http://mj12bot.com/)"
89.35.39.45 - - [22/Jul/2017:11:43:14 -0400] "GET /ru/component/content/article/index.php?option=com_content&view=article&id=165&catid=55&lang=en&Itemid=230 HTTP/1.1" 200 5341 "-" "Mozilla/5.0 (compatible; MJ12bot/v1.4.7; http://mj12bot.com/)"
82.193.100.107 - - [22/Jul/2017:11:43:15 -0400] "GET /en/forum/4-Tariscope-Enterprise--Provider/269-Re-%D0%A3%D0%B2%D0%B5%D0%B4%D0%BE%D0%BC%D0%BB%D0%B5%D0%BD%D0%B8%D1%8F-%D0%B8-%D0%BF%D0%BE%D1%87%D1%82%D0%B0-%D0%B2-Tariscope/index.php HTTP/1.1" 302 566 "-" "Mozilla/5.0 (compatible; MJ12bot/v1.4.7; http://mj12bot.com/)"
89.35.39.45 - - [22/Jul/2017:11:43:17 -0400] "GET /ru/component/content/article/242-2012-11-27-15-40-33.html HTTP/1.1" 302 566 "-" "Mozilla/5.0 (compatible; MJ12bot/v1.4.7; http://mj12bot.com/)"
69.30.213.138 - - [22/Jul/2017:11:43:17 -0400] "GET /ru/component/search/?searchword=vmWare&submit=Search&searchphrase=any&ordering=newest HTTP/1.1" 200 5463 "-" "Mozilla/5.0 (compatible; MJ12bot/v1.4.7; http://mj12bot.com/)"
82.193.100.107 - - [22/Jul/2017:11:43:18 -0400] "GET /en/forum/4-Tariscope-Enterprise--Provider/269-Re-%D0%A3%D0%B2%D0%B5%D0%B4%D0%BE%D0%BC%D0%BB%D0%B5%D0%BD%D0%B8%D1%8F-%D0%B8-%D0%BF%D0%BE%D1%87%D1%82%D0%B0-%D0%B2-Tariscope/index.php?option=com_content&view=article&id=165&catid=55&lang=en&Itemid=230 HTTP/1.1" 200 5432 "-" "Mozilla/5.0 (compatible; MJ12bot/v1.4.7; http://mj12bot.com/)"
69.30.213.138 - - [22/Jul/2017:11:43:20 -0400] "GET /ru/component/user/login.html?return=aHR0cDovL3d3dy50YXJpc2NvcGUuY29tL2ZvcnVtL3Byb2ZpbGUvdXNlcmlkLTUyMS5odG1sP2Zvcm1hdD1odG1sJmxhbmc9ZW4= HTTP/1.1" 301 584 "-" "Mozilla/5.0 (compatible; MJ12bot/v1.4.7; http://mj12bot.com/)"
82.193.100.107 - - [22/Jul/2017:11:43:21 -0400] "GET /en/forum/4-Tariscope-Enterprise--Provider/270-Re-%D0%A3%D0%B2%D0%B5%D0%B4%D0%BE%D0%BC%D0%BB%D0%B5%D0%BD%D0%B8%D1%8F-%D0%B8-%D0%BF%D0%BE%D1%87%D1%82%D0%B0-%D0%B2-Tariscope/index.php HTTP/1.1" 302 566 "-" "Mozilla/5.0 (compatible; MJ12bot/v1.4.7; http://mj12bot.com/)"
89.35.39.45 - - [22/Jul/2017:11:43:22 -0400] "GET /ru/component/content/article/index.php?option=com_content&view=article&id=165&catid=55&lang=en&Itemid=230 HTTP/1.1" 200 5341 "-" "Mozilla/5.0 (compatible; MJ12bot/v1.4.7; http://mj12bot.com/)"
69.30.213.138 - - [22/Jul/2017:11:43:23 -0400] "GET /ru/?return=aHR0cDovL3d3dy50YXJpc2NvcGUuY29tL2ZvcnVtL3Byb2ZpbGUvdXNlcmlkLTUyMS5odG1sP2Zvcm1hdD1odG1sJmxhbmc9ZW4= HTTP/1.1" 200 8273 "-" "Mozilla/5.0 (compatible; MJ12bot/v1.4.7; http://mj12bot.com/)"
82.193.100.107 - - [22/Jul/2017:11:43:24 -0400] "GET /en/forum/4-Tariscope-Enterprise--Provider/270-Re-%D0%A3%D0%B2%D0%B5%D0%B4%D0%BE%D0%BC%D0%BB%D0%B5%D0%BD%D0%B8%D1%8F-%D0%B8-%D0%BF%D0%BE%D1%87%D1%82%D0%B0-%D0%B2-Tariscope/index.php?option=com_content&view=article&id=165&catid=55&lang=en&Itemid=230 HTTP/1.1" 200 5432 "-" "Mozilla/5.0 (compatible; MJ12bot/v1.4.7; http://mj12bot.com/)"
89.35.39.45 - - [22/Jul/2017:11:43:25 -0400] "GET /ru/component/content/article/248---4---.html HTTP/1.1" 302 566 "-" "Mozilla/5.0 (compatible; MJ12bot/v1.4.7; http://mj12bot.com/)"
89.35.39.45 - - [22/Jul/2017:11:43:28 -0400] "GET /ru/component/content/article/index.php?option=com_content&view=article&id=165&catid=55&lang=en&Itemid=230 HTTP/1.1" 200 5341 "-" "Mozilla/5.0 (compatible; MJ12bot/v1.4.7; http://mj12bot.com/)"
82.193.100.107 - - [22/Jul/2017:11:43:28 -0400] "GET /en/forum/4-Tariscope-Enterprise--Provider/271-Re-%D0%A3%D0%B2%D0%B5%D0%B4%D0%BE%D0%BC%D0%BB%D0%B5%D0%BD%D0%B8%D1%8F-%D0%B8-%D0%BF%D0%BE%D1%87%D1%82%D0%B0-%D0%B2-Tariscope/index.php HTTP/1.1" 302 566 "-" "Mozilla/5.0 (compatible; MJ12bot/v1.4.7; http://mj12bot.com/)"
89.35.39.45 - - [22/Jul/2017:11:43:30 -0400] "GET /ru/component/content/article/248---4---.html?directory=94 HTTP/1.1" 302 566 "-" "Mozilla/5.0 (compatible; MJ12bot/v1.4.7; http://mj12bot.com/)"
82.193.100.107 - - [22/Jul/2017:11:43:31 -0400] "GET /en/forum/4-Tariscope-Enterprise--Provider/271-Re-%D0%A3%D0%B2%D0%B5%D0%B4%D0%BE%D0%BC%D0%BB%D0%B5%D0%BD%D0%B8%D1%8F-%D0%B8-%D0%BF%D0%BE%D1%87%D1%82%D0%B0-%D0%B2-Tariscope/index.php?option=com_content&view=article&id=165&catid=55&lang=en&Itemid=230 HTTP/1.1" 200 5432 "-" "Mozilla/5.0 (compatible; MJ12bot/v1.4.7; http://mj12bot.com/)"
69.30.213.138 - - [22/Jul/2017:11:43:32 -0400] "GET /ru/component/user/login.html?return=aHR0cDovL3d3dy50YXJpc2NvcGUuY29tL2ZvcnVtL3Byb2ZpbGUvdXNlcmlkLTUyOS5odG1sP2Zvcm1hdD1odG1sJmxhbmc9dWs= HTTP/1.1" 301 584 "-" "Mozilla/5.0 (compatible; MJ12bot/v1.4.7; http://mj12bot.com/)"
82.193.100.107 - - [22/Jul/2017:11:43:34 -0400] "GET /en/forum/4-Tariscope-Enterprise--Provider/272-Re-%D0%A3%D0%B2%D0%B5%D0%B4%D0%BE%D0%BC%D0%BB%D0%B5%D0%BD%D0%B8%D1%8F-%D0%B8-%D0%BF%D0%BE%D1%87%D1%82%D0%B0-%D0%B2-Tariscope/index.php HTTP/1.1" 302 566 "-" "Mozilla/5.0 (compatible; MJ12bot/v1.4.7; http://mj12bot.com/)"
89.35.39.45 - - [22/Jul/2017:11:43:35 -0400] "GET /ru/component/content/article/index.php?option=com_content&view=article&id=165&catid=55&lang=en&Itemid=230 HTTP/1.1" 200 5341 "-" "Mozilla/5.0 (compatible; MJ12bot/v1.4.7; http://mj12bot.com/)"
69.30.213.138 - - [22/Jul/2017:11:43:35 -0400] "GET /ru/?return=aHR0cDovL3d3dy50YXJpc2NvcGUuY29tL2ZvcnVtL3Byb2ZpbGUvdXNlcmlkLTUyOS5odG1sP2Zvcm1hdD1odG1sJmxhbmc9dWs= HTTP/1.1" 200 8273 "-" "Mozilla/5.0 (compatible; MJ12bot/v1.4.7; http://mj12bot.com/)"
82.193.100.107 - - [22/Jul/2017:11:43:37 -0400] "GET /en/forum/4-Tariscope-Enterprise--Provider/272-Re-%D0%A3%D0%B2%D0%B5%D0%B4%D0%BE%D0%BC%D0%BB%D0%B5%D0%BD%D0%B8%D1%8F-%D0%B8-%D0%BF%D0%BE%D1%87%D1%82%D0%B0-%D0%B2-Tariscope/index.php?option=com_content&view=article&id=165&catid=55&lang=en&Itemid=230 HTTP/1.1" 200 5432 "-" "Mozilla/5.0 (compatible; MJ12bot/v1.4.7; http://mj12bot.com/)"
89.35.39.45 - - [22/Jul/2017:11:43:39 -0400] "GET /ru/component/content/article/249-2012-12-05-13-39-43.html HTTP/1.1" 302 566 "-" "Mozilla/5.0 (compatible; MJ12bot/v1.4.7; http://mj12bot.com/)"
69.30.213.138 - - [22/Jul/2017:11:43:40 -0400] "GET /ru/component/user/login.html?return=aHR0cDovL3d3dy50YXJpc2NvcGUuY29tL2ZvcnVtL3Byb2ZpbGUvdXNlcmlkLTUzNC5odG1sP2Zvcm1hdD1odG1sJmxhbmc9dWs= HTTP/1.1" 301 584 "-" "Mozilla/5.0 (compatible; MJ12bot/v1.4.7; http://mj12bot.com/)"
82.193.100.107 - - [22/Jul/2017:11:43:41 -0400] "GET /en/forum/4-Tariscope-Enterprise--Provider/273-Re-%D0%A3%D0%B2%D0%B5%D0%B4%D0%BE%D0%BC%D0%BB%D0%B5%D0%BD%D0%B8%D1%8F-%D0%B8-%D0%BF%D0%BE%D1%87%D1%82%D0%B0-%D0%B2-Tariscope/index.php HTTP/1.1" 302 566 "-" "Mozilla/5.0 (compatible; MJ12bot/v1.4.7; http://mj12bot.com/)"
89.35.39.45 - - [22/Jul/2017:11:43:43 -0400] "GET /ru/component/content/article/index.php?option=com_content&view=article&id=165&catid=55&lang=en&Itemid=230 HTTP/1.1" 200 5341 "-" "Mozilla/5.0 (compatible; MJ12bot/v1.4.7; http://mj12bot.com/)"
69.30.213.138 - - [22/Jul/2017:11:43:43 -0400] "GET /ru/?return=aHR0cDovL3d3dy50YXJpc2NvcGUuY29tL2ZvcnVtL3Byb2ZpbGUvdXNlcmlkLTUzNC5odG1sP2Zvcm1hdD1odG1sJmxhbmc9dWs= HTTP/1.1" 200 8273 "-" "Mozilla/5.0 (compatible; MJ12bot/v1.4.7; http://mj12bot.com/)"
82.193.100.107 - - [22/Jul/2017:11:43:45 -0400] "GET /en/forum/4-Tariscope-Enterprise--Provider/273-Re-%D0%A3%D0%B2%D0%B5%D0%B4%D0%BE%D0%BC%D0%BB%D0%B5%D0%BD%D0%B8%D1%8F-%D0%B8-%D0%BF%D0%BE%D1%87%D1%82%D0%B0-%D0%B2-Tariscope/index.php?option=com_content&view=article&id=165&catid=55&lang=en&Itemid=230 HTTP/1.1" 200 5432 "-" "Mozilla/5.0 (compatible; MJ12bot/v1.4.7; http://mj12bot.com/)"
89.35.39.45 - - [22/Jul/2017:11:43:46 -0400] "GET /ru/component/content/article/250-2012-12-05-14-13-08.html HTTP/1.1" 302 566 "-" "Mozilla/5.0 (compatible; MJ12bot/v1.4.7; http://mj12bot.com/)"
69.30.213.138 - - [22/Jul/2017:11:43:46 -0400] "GET /ru/component/user/login.html?return=aHR0cDovL3d3dy50YXJpc2NvcGUuY29tL2ZvcnVtL3Byb2ZpbGUvdXNlcmlkLTUzNS5odG1sP2Zvcm1hdD1odG1sJmxhbmc9dWs= HTTP/1.1" 301 584 "-" "Mozilla/5.0 (compatible; MJ12bot/v1.4.7; http://mj12bot.com/)"
89.35.39.45 - - [22/Jul/2017:11:43:48 -0400] "GET /ru/component/content/article/index.php?option=com_content&view=article&id=165&catid=55&lang=en&Itemid=230 HTTP/1.1" 200 5341 "-" "Mozilla/5.0 (compatible; MJ12bot/v1.4.7; http://mj12bot.com/)"
82.193.100.107 - - [22/Jul/2017:11:43:49 -0400] "GET /en/forum/4-Tariscope-Enterprise--Provider/274-Re-%D0%A3%D0%B2%D0%B5%D0%B4%D0%BE%D0%BC%D0%BB%D0%B5%D0%BD%D0%B8%D1%8F-%D0%B8-%D0%BF%D0%BE%D1%87%D1%82%D0%B0-%D0%B2-Tariscope/index.php HTTP/1.1" 302 566 "-" "Mozilla/5.0 (compatible; MJ12bot/v1.4.7; http://mj12bot.com/)"
69.30.213.138 - - [22/Jul/2017:11:43:50 -0400] "GET /ru/?return=aHR0cDovL3d3dy50YXJpc2NvcGUuY29tL2ZvcnVtL3Byb2ZpbGUvdXNlcmlkLTUzNS5odG1sP2Zvcm1hdD1odG1sJmxhbmc9dWs= HTTP/1.1" 200 8273 "-" "Mozilla/5.0 (compatible; MJ12bot/v1.4.7; http://mj12bot.com/)"
82.193.100.107 - - [22/Jul/2017:11:43:52 -0400] "GET /en/forum/4-Tariscope-Enterprise--Provider/274-Re-%D0%A3%D0%B2%D0%B5%D0%B4%D0%BE%D0%BC%D0%BB%D0%B5%D0%BD%D0%B8%D1%8F-%D0%B8-%D0%BF%D0%BE%D1%87%D1%82%D0%B0-%D0%B2-Tariscope/index.php?option=com_content&view=article&id=165&catid=55&lang=en&Itemid=230 HTTP/1.1" 200 5432 "-" "Mozilla/5.0 (compatible; MJ12bot/v1.4.7; http://mj12bot.com/)"
89.35.39.45 - - [22/Jul/2017:11:43:53 -0400] "GET /ru/component/content/article/251-2012-12-05-15-20-03.html HTTP/1.1" 302 566 "-" "Mozilla/5.0 (compatible; MJ12bot/v1.4.7; http://mj12bot.com/)"
123.125.67.162 - - [22/Jul/2017:11:43:52 -0400] "GET / HTTP/1.1" 301 569 "-" "Mozilla/5.0 (Windows NT 10.0; WOW64) AppleWebKit/537.36 (KHTML, like Gecko) Chrome/45.0.2454.93 Safari/537.36"
123.125.67.160 - - [22/Jul/2017:11:43:53 -0400] "GET /en/ HTTP/1.1" 200 7415 "-" "Mozilla/5.0 (Windows NT 10.0; WOW64) AppleWebKit/537.36 (KHTML, like Gecko) Chrome/45.0.2454.93 Safari/537.36"
69.30.213.138 - - [22/Jul/2017:11:43:54 -0400] "GET /ru/component/user/login.html?return=aHR0cDovL3d3dy50YXJpc2NvcGUuY29tL2ZvcnVtL3Byb2ZpbGUvdXNlcmlkLTY0Lmh0bWw/Zm9ybWF0PWh0bWwmbGFuZz1ydQ== HTTP/1.1" 301 584 "-" "Mozilla/5.0 (compatible; MJ12bot/v1.4.7; http://mj12bot.com/)"
123.125.67.166 - - [22/Jul/2017:11:43:55 -0400] "GET / HTTP/1.1" 301 569 "-" "Mozilla/5.0 (Windows NT 10.0; WOW64) AppleWebKit/537.36 (KHTML, like Gecko) Chrome/45.0.2454.93 Safari/537.36"
89.35.39.45 - - [22/Jul/2017:11:43:55 -0400] "GET /ru/component/content/article/index.php?option=com_content&view=article&id=165&catid=55&lang=en&Itemid=230 HTTP/1.1" 200 5341 "-" "Mozilla/5.0 (compatible; MJ12bot/v1.4.7; http://mj12bot.com/)"
82.193.100.107 - - [22/Jul/2017:11:43:56 -0400] "GET /en/forum/4-Tariscope-Enterprise--Provider/275-Re-%D0%A3%D0%B2%D0%B5%D0%B4%D0%BE%D0%BC%D0%BB%D0%B5%D0%BD%D0%B8%D1%8F-%D0%B8-%D0%BF%D0%BE%D1%87%D1%82%D0%B0-%D0%B2-Tariscope/index.php HTTP/1.1" 302 566 "-" "Mozilla/5.0 (compatible; MJ12bot/v1.4.7; http://mj12bot.com/)"
