89.35.39.45 - - [22/Jul/2017:12:07:27 -0400] "GET /ru/component/search/?searchword=Report%20Form%20Designer&submit=Search&searchphrase=any&ordering=newest HTTP/1.1" 200 8576 "-" "Mozilla/5.0 (compatible; MJ12bot/v1.4.7; http://mj12bot.com/)"
82.193.100.107 - - [22/Jul/2017:12:07:30 -0400] "GET /ru/component/content/article/20-reports/180-2012-09-03-13-20-23.html?tmpl=component&print=1 HTTP/1.1" 302 566 "-" "Mozilla/5.0 (compatible; MJ12bot/v1.4.7; http://mj12bot.com/)"
91.209.51.22 - - [22/Jul/2017:12:07:32 -0400] "GET /en/forum/4-Tariscope-3x/208-Re-%D0%9F%D0%B5%D1%80%D0%B5%D0%BF%D0%BE%D0%B4%D0%BA%D0%BB%D1%8E%D1%87%D0%B5%D0%BD%D0%B8%D0%B5-%D0%BA-%D0%90%D0%A2%D0%A1/index.php?option=com_content&view=article&id=165&catid=55&lang=en&Itemid=230 HTTP/1.1" 200 5427 "-" "Mozilla/5.0 (compatible; MJ12bot/v1.4.7; http://mj12bot.com/)"
89.35.39.45 - - [22/Jul/2017:12:07:31 -0400] "GET /ru/component/search/?searchword=Restore%20database&submit=Search&searchphrase=any&ordering=newest HTTP/1.1" 200 6374 "-" "Mozilla/5.0 (compatible; MJ12bot/v1.4.7; http://mj12bot.com/)"
82.193.100.107 - - [22/Jul/2017:12:07:34 -0400] "GET /ru/component/content/article/20-reports/index.php?option=com_content&view=article&id=165&catid=55&lang=en&Itemid=230 HTTP/1.1" 200 5347 "-" "Mozilla/5.0 (compatible; MJ12bot/v1.4.7; http://mj12bot.com/)"
89.35.39.45 - - [22/Jul/2017:12:07:34 -0400] "GET /ru/component/search/?searchword=Restore%20database&submit=Search&searchphrase=any&ordering=newest HTTP/1.1" 200 6374 "-" "Mozilla/5.0 (compatible; MJ12bot/v1.4.7; http://mj12bot.com/)"
91.209.51.22 - - [22/Jul/2017:12:07:36 -0400] "GET /en/forum/4-Tariscope-3x/209-%D0%9D%D0%B0%D1%81%D1%82%D1%80%D0%BE%D0%B9%D0%BA%D0%B0-%D0%BF%D0%BB%D0%B0%D0%BD%D0%B8%D1%80%D0%BE%D0%B2%D1%89%D0%B8%D0%BA%D0%B0-%D0%BE%D1%82%D1%87%D0%B5%D1%82%D0%BE%D0%B2.html HTTP/1.1" 200 7423 "-" "Mozilla/5.0 (compatible; MJ12bot/v1.4.7; http://mj12bot.com/)"
82.193.100.107 - - [22/Jul/2017:12:07:38 -0400] "GET /ru/component/content/article/20-reports/182-2012-09-04-07-46-45.html HTTP/1.1" 302 566 "-" "Mozilla/5.0 (compatible; MJ12bot/v1.4.7; http://mj12bot.com/)"
89.35.39.45 - - [22/Jul/2017:12:07:38 -0400] "GET /ru/component/search/?searchword=S8300&submit=Search&searchphrase=any&ordering=newest HTTP/1.1" 200 6521 "-" "Mozilla/5.0 (compatible; MJ12bot/v1.4.7; http://mj12bot.com/)"
91.209.51.22 - - [22/Jul/2017:12:07:40 -0400] "GET /en/forum/4-Tariscope-3x/211-Re-%D0%92%D0%BD%D0%B5%D1%81%D0%B5%D0%BD%D0%B8%D0%B5-%D0%B8%D0%B7%D0%BC%D0%B5%D0%BD%D0%B5%D0%BD%D0%B8%D0%B9-%D0%B2-%D0%BF%D0%B0%D1%80%D1%81%D0%B8%D0%BD%D0%B3/post.html HTTP/1.1" 302 566 "-" "Mozilla/5.0 (compatible; MJ12bot/v1.4.7; http://mj12bot.com/)"
82.193.100.107 - - [22/Jul/2017:12:07:41 -0400] "GET /ru/component/content/article/20-reports/index.php?option=com_content&view=article&id=165&catid=55&lang=en&Itemid=230 HTTP/1.1" 200 5347 "-" "Mozilla/5.0 (compatible; MJ12bot/v1.4.7; http://mj12bot.com/)"
89.35.39.45 - - [22/Jul/2017:12:07:40 -0400] "GET /ru/component/search/?searchword=S8400&submit=Search&searchphrase=any&ordering=newest HTTP/1.1" 200 6521 "-" "Mozilla/5.0 (compatible; MJ12bot/v1.4.7; http://mj12bot.com/)"
89.35.39.45 - - [22/Jul/2017:12:07:42 -0400] "GET /ru/component/search/?searchword=S8400&submit=Search&searchphrase=any&ordering=newest HTTP/1.1" 200 6521 "-" "Mozilla/5.0 (compatible; MJ12bot/v1.4.7; http://mj12bot.com/)"
91.209.51.22 - - [22/Jul/2017:12:07:43 -0400] "GET /en/forum/4-Tariscope-3x/211-Re-%D0%92%D0%BD%D0%B5%D1%81%D0%B5%D0%BD%D0%B8%D0%B5-%D0%B8%D0%B7%D0%BC%D0%B5%D0%BD%D0%B5%D0%BD%D0%B8%D0%B9-%D0%B2-%D0%BF%D0%B0%D1%80%D1%81%D0%B8%D0%BD%D0%B3/index.php?option=com_content&view=article&id=165&catid=55&lang=en&Itemid=230 HTTP/1.1" 200 5425 "-" "Mozilla/5.0 (compatible; MJ12bot/v1.4.7; http://mj12bot.com/)"
82.193.100.107 - - [22/Jul/2017:12:07:44 -0400] "GET /ru/component/content/article/20-reports/187-2012-09-06-08-30-07.html HTTP/1.1" 302 566 "-" "Mozilla/5.0 (compatible; MJ12bot/v1.4.7; http://mj12bot.com/)"
89.35.39.45 - - [22/Jul/2017:12:07:45 -0400] "GET /ru/component/search/?searchword=S8500&submit=Search&searchphrase=any&ordering=newest HTTP/1.1" 200 6521 "-" "Mozilla/5.0 (compatible; MJ12bot/v1.4.7; http://mj12bot.com/)"
91.209.51.22 - - [22/Jul/2017:12:07:46 -0400] "GET /en/forum/4-Tariscope-3x/212-Re-%D0%92%D0%BD%D0%B5%D1%81%D0%B5%D0%BD%D0%B8%D0%B5-%D0%B8%D0%B7%D0%BC%D0%B5%D0%BD%D0%B5%D0%BD%D0%B8%D0%B9-%D0%B2-%D0%BF%D0%B0%D1%80%D1%81%D0%B8%D0%BD%D0%B3/post.html HTTP/1.1" 302 566 "-" "Mozilla/5.0 (compatible; MJ12bot/v1.4.7; http://mj12bot.com/)"
89.35.39.45 - - [22/Jul/2017:12:07:46 -0400] "GET /ru/component/search/?searchword=S8500&submit=Search&searchphrase=any&ordering=newest HTTP/1.1" 200 6521 "-" "Mozilla/5.0 (compatible; MJ12bot/v1.4.7; http://mj12bot.com/)"
82.193.100.107 - - [22/Jul/2017:12:07:47 -0400] "GET /ru/component/content/article/20-reports/index.php?option=com_content&view=article&id=165&catid=55&lang=en&Itemid=230 HTTP/1.1" 200 5347 "-" "Mozilla/5.0 (compatible; MJ12bot/v1.4.7; http://mj12bot.com/)"
89.35.39.45 - - [22/Jul/2017:12:07:48 -0400] "GET /ru/component/search/?searchword=S8700&submit=Search&searchphrase=any&ordering=newest HTTP/1.1" 200 6568 "-" "Mozilla/5.0 (compatible; MJ12bot/v1.4.7; http://mj12bot.com/)"
91.209.51.22 - - [22/Jul/2017:12:07:48 -0400] "GET /en/forum/4-Tariscope-3x/212-Re-%D0%92%D0%BD%D0%B5%D1%81%D0%B5%D0%BD%D0%B8%D0%B5-%D0%B8%D0%B7%D0%BC%D0%B5%D0%BD%D0%B5%D0%BD%D0%B8%D0%B9-%D0%B2-%D0%BF%D0%B0%D1%80%D1%81%D0%B8%D0%BD%D0%B3/index.php?option=com_content&view=article&id=165&catid=55&lang=en&Itemid=230 HTTP/1.1" 200 5425 "-" "Mozilla/5.0 (compatible; MJ12bot/v1.4.7; http://mj12bot.com/)"
89.35.39.45 - - [22/Jul/2017:12:07:50 -0400] "GET /ru/component/search/?searchword=S8700&submit=Search&searchphrase=any&ordering=newest HTTP/1.1" 200 6568 "-" "Mozilla/5.0 (compatible; MJ12bot/v1.4.7; http://mj12bot.com/)"
82.193.100.107 - - [22/Jul/2017:12:07:50 -0400] "GET /ru/component/content/article/20-reports/187-2012-09-06-08-30-07.html?tmpl=component&print=1 HTTP/1.1" 302 566 "-" "Mozilla/5.0 (compatible; MJ12bot/v1.4.7; http://mj12bot.com/)"
91.209.51.22 - - [22/Jul/2017:12:07:51 -0400] "GET /en/forum/4-Tariscope-3x/213-%D0%9D%D0%B0%D1%81%D1%82%D1%80%D0%BE%D0%B9%D0%BA%D0%B0-%D0%BA%D0%BE%D0%BB%D0%BB%D0%B5%D0%BA%D1%82%D0%BE%D1%80%D0%B0-Netflow/post.html HTTP/1.1" 302 566 "-" "Mozilla/5.0 (compatible; MJ12bot/v1.4.7; http://mj12bot.com/)"
89.35.39.45 - - [22/Jul/2017:12:07:52 -0400] "GET /ru/component/search/?searchword=S8710&submit=Search&searchphrase=any&ordering=newest HTTP/1.1" 200 6111 "-" "Mozilla/5.0 (compatible; MJ12bot/v1.4.7; http://mj12bot.com/)"
89.35.39.45 - - [22/Jul/2017:12:07:53 -0400] "GET /ru/component/search/?searchword=S8710&submit=Search&searchphrase=any&ordering=newest HTTP/1.1" 200 6111 "-" "Mozilla/5.0 (compatible; MJ12bot/v1.4.7; http://mj12bot.com/)"
82.193.100.107 - - [22/Jul/2017:12:07:54 -0400] "GET /ru/component/content/article/20-reports/index.php?option=com_content&view=article&id=165&catid=55&lang=en&Itemid=230 HTTP/1.1" 200 5347 "-" "Mozilla/5.0 (compatible; MJ12bot/v1.4.7; http://mj12bot.com/)"
91.209.51.22 - - [22/Jul/2017:12:07:54 -0400] "GET /en/forum/4-Tariscope-3x/213-%D0%9D%D0%B0%D1%81%D1%82%D1%80%D0%BE%D0%B9%D0%BA%D0%B0-%D0%BA%D0%BE%D0%BB%D0%BB%D0%B5%D0%BA%D1%82%D0%BE%D1%80%D0%B0-Netflow/index.php?option=com_content&view=article&id=165&catid=55&lang=en&Itemid=230 HTTP/1.1" 200 5423 "-" "Mozilla/5.0 (compatible; MJ12bot/v1.4.7; http://mj12bot.com/)"
89.35.39.45 - - [22/Jul/2017:12:07:56 -0400] "GET /ru/component/search/?searchword=S8730&submit=Search&searchphrase=any&ordering=newest HTTP/1.1" 200 6114 "-" "Mozilla/5.0 (compatible; MJ12bot/v1.4.7; http://mj12bot.com/)"
89.35.39.45 - - [22/Jul/2017:12:07:57 -0400] "GET /ru/component/search/?searchword=S8730&submit=Search&searchphrase=any&ordering=newest HTTP/1.1" 200 6114 "-" "Mozilla/5.0 (compatible; MJ12bot/v1.4.7; http://mj12bot.com/)"
82.193.100.107 - - [22/Jul/2017:12:07:58 -0400] "GET /ru/component/content/article/20-reports/189-2012-09-08-15-14-26.html HTTP/1.1" 302 566 "-" "Mozilla/5.0 (compatible; MJ12bot/v1.4.7; http://mj12bot.com/)"
82.193.100.107 - - [22/Jul/2017:12:08:01 -0400] "GET /ru/component/content/article/20-reports/index.php?option=com_content&view=article&id=165&catid=55&lang=en&Itemid=230 HTTP/1.1" 200 5347 "-" "Mozilla/5.0 (compatible; MJ12bot/v1.4.7; http://mj12bot.com/)"
91.209.51.22 - - [22/Jul/2017:12:08:02 -0400] "GET /en/forum/4-Tariscope-3x/214-Re-%D0%9D%D0%B0%D1%81%D1%82%D1%80%D0%BE%D0%B9%D0%BA%D0%B0-%D0%BA%D0%BE%D0%BB%D0%BB%D0%B5%D0%BA%D1%82%D0%BE%D1%80%D0%B0-Netflow/post.html HTTP/1.1" 302 566 "-" "Mozilla/5.0 (compatible; MJ12bot/v1.4.7; http://mj12bot.com/)"
89.35.39.45 - - [22/Jul/2017:12:08:00 -0400] "GET /ru/component/search/?searchword=S8800&submit=Search&searchphrase=any&ordering=newest HTTP/1.1" 200 6540 "-" "Mozilla/5.0 (compatible; MJ12bot/v1.4.7; http://mj12bot.com/)"
89.35.39.45 - - [22/Jul/2017:12:08:00 -0400] "GET /ru/component/search/?searchword=S8800&submit=Search&searchphrase=any&ordering=newest HTTP/1.1" 200 6540 "-" "Mozilla/5.0 (compatible; MJ12bot/v1.4.7; http://mj12bot.com/)"
89.35.39.45 - - [22/Jul/2017:12:08:05 -0400] "GET /ru/component/search/?searchword=SI2000&submit=Search&searchphrase=any&ordering=newest HTTP/1.1" 200 6731 "-" "Mozilla/5.0 (compatible; MJ12bot/v1.4.7; http://mj12bot.com/)"
89.35.39.45 - - [22/Jul/2017:12:08:06 -0400] "GET /ru/component/search/?searchword=SI2000&submit=Search&searchphrase=any&ordering=newest HTTP/1.1" 200 6731 "-" "Mozilla/5.0 (compatible; MJ12bot/v1.4.7; http://mj12bot.com/)"
82.193.100.107 - - [22/Jul/2017:12:08:07 -0400] "GET /ru/component/content/article/20-reports/189-2012-09-08-15-14-26.html?tmpl=component&print=1 HTTP/1.1" 302 566 "-" "Mozilla/5.0 (compatible; MJ12bot/v1.4.7; http://mj12bot.com/)"
89.35.39.45 - - [22/Jul/2017:12:08:09 -0400] "GET /ru/component/search/?searchword=SI3000&submit=Search&searchphrase=any&ordering=newest HTTP/1.1" 200 6878 "-" "Mozilla/5.0 (compatible; MJ12bot/v1.4.7; http://mj12bot.com/)"
91.209.51.22 - - [22/Jul/2017:12:08:10 -0400] "GET /en/forum/4-Tariscope-3x/214-Re-%D0%9D%D0%B0%D1%81%D1%82%D1%80%D0%BE%D0%B9%D0%BA%D0%B0-%D0%BA%D0%BE%D0%BB%D0%BB%D0%B5%D0%BA%D1%82%D0%BE%D1%80%D0%B0-Netflow/index.php?option=com_content&view=article&id=165&catid=55&lang=en&Itemid=230 HTTP/1.1" 200 5426 "-" "Mozilla/5.0 (compatible; MJ12bot/v1.4.7; http://mj12bot.com/)"
82.193.100.107 - - [22/Jul/2017:12:08:10 -0400] "GET /ru/component/content/article/20-reports/index.php?option=com_content&view=article&id=165&catid=55&lang=en&Itemid=230 HTTP/1.1" 200 5347 "-" "Mozilla/5.0 (compatible; MJ12bot/v1.4.7; http://mj12bot.com/)"
89.35.39.45 - - [22/Jul/2017:12:08:10 -0400] "GET /ru/component/search/?searchword=SI3000&submit=Search&searchphrase=any&ordering=newest HTTP/1.1" 200 6878 "-" "Mozilla/5.0 (compatible; MJ12bot/v1.4.7; http://mj12bot.com/)"
91.209.51.22 - - [22/Jul/2017:12:08:13 -0400] "GET /en/forum/4-Tariscope-3x/215-%D0%9F%D0%BE%D0%BB%D1%8F-%D0%BF%D1%80%D0%B5%D0%B4%D1%81%D1%82%D0%B0%D0%B2%D0%BB%D0%B5%D0%BD%D0%B8%D1%8F-%D0%B8-flow-version5.html HTTP/1.1" 200 7491 "-" "Mozilla/5.0 (compatible; MJ12bot/v1.4.7; http://mj12bot.com/)"
89.35.39.45 - - [22/Jul/2017:12:08:12 -0400] "GET /ru/component/search/?searchword=SMDR&submit=Search&searchphrase=any&ordering=newest HTTP/1.1" 200 8021 "-" "Mozilla/5.0 (compatible; MJ12bot/v1.4.7; http://mj12bot.com/)"
82.193.100.107 - - [22/Jul/2017:12:08:14 -0400] "GET /ru/component/content/article/20-reports/190-2012-09-08-15-37-56.html HTTP/1.1" 301 476 "-" "Mozilla/5.0 (compatible; MJ12bot/v1.4.7; http://mj12bot.com/)"
89.35.39.45 - - [22/Jul/2017:12:08:14 -0400] "GET /ru/component/search/?searchword=SMDR&submit=Search&searchphrase=any&ordering=newest HTTP/1.1" 200 8021 "-" "Mozilla/5.0 (compatible; MJ12bot/v1.4.7; http://mj12bot.com/)"
91.209.51.22 - - [22/Jul/2017:12:08:16 -0400] "GET /en/forum/4-Tariscope-3x/215-%D0%9F%D0%BE%D0%BB%D1%8F-%D0%BF%D1%80%D0%B5%D0%B4%D1%81%D1%82%D0%B0%D0%B2%D0%BB%D0%B5%D0%BD%D0%B8%D1%8F-%D0%B8-flow-version5.html?format=html HTTP/1.1" 200 7500 "-" "Mozilla/5.0 (compatible; MJ12bot/v1.4.7; http://mj12bot.com/)"
82.193.100.107 - - [22/Jul/2017:12:08:16 -0400] "GET /ru/ HTTP/1.1" 200 8273 "-" "Mozilla/5.0 (compatible; MJ12bot/v1.4.7; http://mj12bot.com/)"
89.35.39.45 - - [22/Jul/2017:12:08:16 -0400] "GET /ru/component/search/?searchword=SQL%20Server&submit=Search&searchphrase=any&ordering=newest HTTP/1.1" 200 9119 "-" "Mozilla/5.0 (compatible; MJ12bot/v1.4.7; http://mj12bot.com/)"
91.209.51.22 - - [22/Jul/2017:12:08:20 -0400] "GET /en/forum/4-Tariscope-3x/215-%D0%9F%D0%BE%D0%BB%D1%8F-%D0%BF%D1%80%D0%B5%D0%B4%D1%81%D1%82%D0%B0%D0%B2%D0%BB%D0%B5%D0%BD%D0%B8%D1%8F-%D0%B8-flow-version5/post.html HTTP/1.1" 302 566 "-" "Mozilla/5.0 (compatible; MJ12bot/v1.4.7; http://mj12bot.com/)"
82.193.100.107 - - [22/Jul/2017:12:08:23 -0400] "GET /ru/component/content/article/20-reports/191-2012-09-08-16-15-25.html HTTP/1.1" 302 566 "-" "Mozilla/5.0 (compatible; MJ12bot/v1.4.7; http://mj12bot.com/)"
91.209.51.22 - - [22/Jul/2017:12:08:23 -0400] "GET /en/forum/4-Tariscope-3x/215-%D0%9F%D0%BE%D0%BB%D1%8F-%D0%BF%D1%80%D0%B5%D0%B4%D1%81%D1%82%D0%B0%D0%B2%D0%BB%D0%B5%D0%BD%D0%B8%D1%8F-%D0%B8-flow-version5/index.php?option=com_content&view=article&id=165&catid=55&lang=en&Itemid=230 HTTP/1.1" 200 5430 "-" "Mozilla/5.0 (compatible; MJ12bot/v1.4.7; http://mj12bot.com/)"
89.35.39.45 - - [22/Jul/2017:12:08:22 -0400] "GET /ru/component/search/?searchword=SQL%20Server&submit=Search&searchphrase=any&ordering=newest HTTP/1.1" 200 9119 "-" "Mozilla/5.0 (compatible; MJ12bot/v1.4.7; http://mj12bot.com/)"
89.35.39.45 - - [22/Jul/2017:12:08:24 -0400] "GET /ru/component/search/?searchword=SSH%20client&submit=Search&searchphrase=any&ordering=newest HTTP/1.1" 200 7003 "-" "Mozilla/5.0 (compatible; MJ12bot/v1.4.7; http://mj12bot.com/)"
91.209.51.22 - - [22/Jul/2017:12:08:27 -0400] "GET /en/forum/4-Tariscope-3x/216-cme-hunt-group-%D0%B8-%D0%B2%D1%85%D0%BE%D0%B4%D1%8F%D1%89%D0%B8%D0%B5-%D0%B2%D1%8B%D0%B7%D0%BE%D0%B2%D1%8B.html?format=html HTTP/1.1" 200 8262 "-" "Mozilla/5.0 (compatible; MJ12bot/v1.4.7; http://mj12bot.com/)"
82.193.100.107 - - [22/Jul/2017:12:08:27 -0400] "GET /ru/component/content/article/20-reports/index.php?option=com_content&view=article&id=165&catid=55&lang=en&Itemid=230 HTTP/1.1" 200 5347 "-" "Mozilla/5.0 (compatible; MJ12bot/v1.4.7; http://mj12bot.com/)"
89.35.39.45 - - [22/Jul/2017:12:08:29 -0400] "GET /ru/component/search/?searchword=SSH%20client&submit=Search&searchphrase=any&ordering=newest HTTP/1.1" 200 7003 "-" "Mozilla/5.0 (compatible; MJ12bot/v1.4.7; http://mj12bot.com/)"
82.193.100.107 - - [22/Jul/2017:12:08:31 -0400] "GET /ru/component/content/article/20-reports/191-2012-09-08-16-15-25.html?tmpl=component&print=1 HTTP/1.1" 302 566 "-" "Mozilla/5.0 (compatible; MJ12bot/v1.4.7; http://mj12bot.com/)"
91.209.51.22 - - [22/Jul/2017:12:08:32 -0400] "GET /en/forum/4-Tariscope-3x/216-cme-hunt-group-%D0%B8-%D0%B2%D1%85%D0%BE%D0%B4%D1%8F%D1%89%D0%B8%D0%B5-%D0%B2%D1%8B%D0%B7%D0%BE%D0%B2%D1%8B/post.html HTTP/1.1" 302 566 "-" "Mozilla/5.0 (compatible; MJ12bot/v1.4.7; http://mj12bot.com/)"
89.35.39.45 - - [22/Jul/2017:12:08:31 -0400] "GET /ru/component/search/?searchword=Samsung&submit=Search&searchphrase=any&ordering=newest HTTP/1.1" 200 6643 "-" "Mozilla/5.0 (compatible; MJ12bot/v1.4.7; http://mj12bot.com/)"
89.35.39.45 - - [22/Jul/2017:12:08:34 -0400] "GET /ru/component/search/?searchword=Samsung&submit=Search&searchphrase=any&ordering=newest HTTP/1.1" 200 6643 "-" "Mozilla/5.0 (compatible; MJ12bot/v1.4.7; http://mj12bot.com/)"
82.193.100.107 - - [22/Jul/2017:12:08:35 -0400] "GET /ru/component/content/article/20-reports/index.php?option=com_content&view=article&id=165&catid=55&lang=en&Itemid=230 HTTP/1.1" 200 5347 "-" "Mozilla/5.0 (compatible; MJ12bot/v1.4.7; http://mj12bot.com/)"
91.209.51.22 - - [22/Jul/2017:12:08:35 -0400] "GET /en/forum/4-Tariscope-3x/216-cme-hunt-group-%D0%B8-%D0%B2%D1%85%D0%BE%D0%B4%D1%8F%D1%89%D0%B8%D0%B5-%D0%B2%D1%8B%D0%B7%D0%BE%D0%B2%D1%8B/index.php?option=com_content&view=article&id=165&catid=55&lang=en&Itemid=230 HTTP/1.1" 200 5418 "-" "Mozilla/5.0 (compatible; MJ12bot/v1.4.7; http://mj12bot.com/)"
89.35.39.45 - - [22/Jul/2017:12:08:36 -0400] "GET /ru/component/search/?searchword=Site%20preferences&submit=Search&searchphrase=any&ordering=newest HTTP/1.1" 200 8535 "-" "Mozilla/5.0 (compatible; MJ12bot/v1.4.7; http://mj12bot.com/)"
82.193.100.107 - - [22/Jul/2017:12:08:38 -0400] "GET /ru/component/content/article/20-reports/192-2012-09-10-06-55-05.html HTTP/1.1" 302 566 "-" "Mozilla/5.0 (compatible; MJ12bot/v1.4.7; http://mj12bot.com/)"
89.35.39.45 - - [22/Jul/2017:12:08:37 -0400] "GET /ru/component/search/?searchword=Site%20preferences&submit=Search&searchphrase=any&ordering=newest HTTP/1.1" 200 8535 "-" "Mozilla/5.0 (compatible; MJ12bot/v1.4.7; http://mj12bot.com/)"
91.209.51.22 - - [22/Jul/2017:12:08:39 -0400] "GET /en/forum/4-Tariscope-3x/217-%D0%9F%D0%BE%D0%BB%D1%8F-%D0%BF%D1%80%D0%B5%D0%B4%D1%81%D1%82%D0%B0%D0%B2%D0%BB%D0%B5%D0%BD%D0%B8%D1%8F-%D0%B2%D1%8B%D0%B7%D0%BE%D0%B2%D0%BE%D0%B2.html HTTP/1.1" 200 8499 "-" "Mozilla/5.0 (compatible; MJ12bot/v1.4.7; http://mj12bot.com/)"
82.193.100.107 - - [22/Jul/2017:12:08:42 -0400] "GET /ru/component/content/article/20-reports/index.php?option=com_content&view=article&id=165&catid=55&lang=en&Itemid=230 HTTP/1.1" 200 5347 "-" "Mozilla/5.0 (compatible; MJ12bot/v1.4.7; http://mj12bot.com/)"
91.209.51.22 - - [22/Jul/2017:12:08:42 -0400] "GET /en/forum/4-Tariscope-3x/217-%D0%9F%D0%BE%D0%BB%D1%8F-%D0%BF%D1%80%D0%B5%D0%B4%D1%81%D1%82%D0%B0%D0%B2%D0%BB%D0%B5%D0%BD%D0%B8%D1%8F-%D0%B2%D1%8B%D0%B7%D0%BE%D0%B2%D0%BE%D0%B2.html?format=html HTTP/1.1" 200 8508 "-" "Mozilla/5.0 (compatible; MJ12bot/v1.4.7; http://mj12bot.com/)"
89.35.39.45 - - [22/Jul/2017:12:08:42 -0400] "GET /ru/component/search/?searchword=Subscribers&submit=Search&searchphrase=any&ordering=newest HTTP/1.1" 200 6169 "-" "Mozilla/5.0 (compatible; MJ12bot/v1.4.7; http://mj12bot.com/)"
89.35.39.45 - - [22/Jul/2017:12:08:42 -0400] "GET /ru/component/search/?searchword=Subscribers&submit=Search&searchphrase=any&ordering=newest HTTP/1.1" 200 6169 "-" "Mozilla/5.0 (compatible; MJ12bot/v1.4.7; http://mj12bot.com/)"
91.209.51.22 - - [22/Jul/2017:12:08:46 -0400] "GET /en/forum/4-Tariscope-3x/221-Re-%D0%96%D0%B5%D0%BB%D0%B0%D0%B5%D0%BC%D1%8B%D0%B5-%D0%B4%D0%BE%D1%80%D0%B0%D0%B1%D0%BE%D1%82%D0%BA%D0%B8/post.html HTTP/1.1" 302 566 "-" "Mozilla/5.0 (compatible; MJ12bot/v1.4.7; http://mj12bot.com/)"
82.193.100.107 - - [22/Jul/2017:12:08:47 -0400] "GET /ru/component/content/article/20-reports/192-2012-09-10-06-55-05.html?tmpl=component&print=1 HTTP/1.1" 302 566 "-" "Mozilla/5.0 (compatible; MJ12bot/v1.4.7; http://mj12bot.com/)"
89.35.39.45 - - [22/Jul/2017:12:08:47 -0400] "GET /ru/component/search/?searchword=TCP%20client&submit=Search&searchphrase=any&ordering=newest HTTP/1.1" 200 8709 "-" "Mozilla/5.0 (compatible; MJ12bot/v1.4.7; http://mj12bot.com/)"
89.35.39.45 - - [22/Jul/2017:12:08:47 -0400] "GET /ru/component/search/?searchword=TCP%20client&submit=Search&searchphrase=any&ordering=newest HTTP/1.1" 200 8709 "-" "Mozilla/5.0 (compatible; MJ12bot/v1.4.7; http://mj12bot.com/)"
91.209.51.22 - - [22/Jul/2017:12:08:51 -0400] "GET /en/forum/4-Tariscope-3x/221-Re-%D0%96%D0%B5%D0%BB%D0%B0%D0%B5%D0%BC%D1%8B%D0%B5-%D0%B4%D0%BE%D1%80%D0%B0%D0%B1%D0%BE%D1%82%D0%BA%D0%B8/index.php?option=com_content&view=article&id=165&catid=55&lang=en&Itemid=230 HTTP/1.1" 200 5420 "-" "Mozilla/5.0 (compatible; MJ12bot/v1.4.7; http://mj12bot.com/)"
82.193.100.107 - - [22/Jul/2017:12:08:53 -0400] "GET /ru/component/content/article/20-reports/index.php?option=com_content&view=article&id=165&catid=55&lang=en&Itemid=230 HTTP/1.1" 200 5347 "-" "Mozilla/5.0 (compatible; MJ12bot/v1.4.7; http://mj12bot.com/)"
91.209.51.22 - - [22/Jul/2017:12:08:55 -0400] "GET /en/forum/4-Tariscope-3x/222-Re-Avaya-%D0%B8-Tariscope/post.html HTTP/1.1" 302 566 "-" "Mozilla/5.0 (compatible; MJ12bot/v1.4.7; http://mj12bot.com/)"
89.35.39.45 - - [22/Jul/2017:12:08:53 -0400] "GET /ru/component/search/?searchword=TCP%20server&submit=Search&searchphrase=any&ordering=newest HTTP/1.1" 200 8747 "-" "Mozilla/5.0 (compatible; MJ12bot/v1.4.7; http://mj12bot.com/)"
82.193.100.107 - - [22/Jul/2017:12:08:57 -0400] "GET /ru/component/content/article/20-reports/193-2012-09-10-07-53-14.html HTTP/1.1" 302 566 "-" "Mozilla/5.0 (compatible; MJ12bot/v1.4.7; http://mj12bot.com/)"
89.35.39.45 - - [22/Jul/2017:12:08:55 -0400] "GET /ru/component/search/?searchword=TCP%20server&submit=Search&searchphrase=any&ordering=newest HTTP/1.1" 200 8747 "-" "Mozilla/5.0 (compatible; MJ12bot/v1.4.7; http://mj12bot.com/)"
91.209.51.22 - - [22/Jul/2017:12:08:58 -0400] "GET /en/forum/4-Tariscope-3x/222-Re-Avaya-%D0%B8-Tariscope/index.php?option=com_content&view=article&id=165&catid=55&lang=en&Itemid=230 HTTP/1.1" 200 5382 "-" "Mozilla/5.0 (compatible; MJ12bot/v1.4.7; http://mj12bot.com/)"
89.35.39.45 - - [22/Jul/2017:12:08:58 -0400] "GET /ru/component/search/?searchword=TLS&submit=Search&searchphrase=any&ordering=newest HTTP/1.1" 200 6010 "-" "Mozilla/5.0 (compatible; MJ12bot/v1.4.7; http://mj12bot.com/)"
82.193.100.107 - - [22/Jul/2017:12:09:00 -0400] "GET /ru/component/content/article/20-reports/index.php?option=com_content&view=article&id=165&catid=55&lang=en&Itemid=230 HTTP/1.1" 200 5347 "-" "Mozilla/5.0 (compatible; MJ12bot/v1.4.7; http://mj12bot.com/)"
89.35.39.45 - - [22/Jul/2017:12:09:00 -0400] "GET /ru/component/search/?searchword=TLS&submit=Search&searchphrase=any&ordering=newest HTTP/1.1" 200 6010 "-" "Mozilla/5.0 (compatible; MJ12bot/v1.4.7; http://mj12bot.com/)"
91.209.51.22 - - [22/Jul/2017:12:09:02 -0400] "GET /en/forum/4-Tariscope-3x/224-Re-%D0%9F%D0%BE%D0%BB%D1%8F-%D0%BF%D1%80%D0%B5%D0%B4%D1%81%D1%82%D0%B0%D0%B2%D0%BB%D0%B5%D0%BD%D0%B8%D1%8F-%D0%B2%D1%8B%D0%B7%D0%BE%D0%B2%D0%BE%D0%B2/post.html HTTP/1.1" 302 566 "-" "Mozilla/5.0 (compatible; MJ12bot/v1.4.7; http://mj12bot.com/)"
89.35.39.45 - - [22/Jul/2017:12:09:01 -0400] "GET /ru/component/search/?searchword=Tariscope%203.4&submit=Search&searchphrase=any&ordering=newest HTTP/1.1" 200 7902 "-" "Mozilla/5.0 (compatible; MJ12bot/v1.4.7; http://mj12bot.com/)"
82.193.100.107 - - [22/Jul/2017:12:09:05 -0400] "GET /ru/component/content/article/20-reports/194-2012-09-10-08-20-25.html HTTP/1.1" 302 566 "-" "Mozilla/5.0 (compatible; MJ12bot/v1.4.7; http://mj12bot.com/)"
91.209.51.22 - - [22/Jul/2017:12:09:05 -0400] "GET /en/forum/4-Tariscope-3x/224-Re-%D0%9F%D0%BE%D0%BB%D1%8F-%D0%BF%D1%80%D0%B5%D0%B4%D1%81%D1%82%D0%B0%D0%B2%D0%BB%D0%B5%D0%BD%D0%B8%D1%8F-%D0%B2%D1%8B%D0%B7%D0%BE%D0%B2%D0%BE%D0%B2/index.php?option=com_content&view=article&id=165&catid=55&lang=en&Itemid=230 HTTP/1.1" 200 5431 "-" "Mozilla/5.0 (compatible; MJ12bot/v1.4.7; http://mj12bot.com/)"
91.209.51.22 - - [22/Jul/2017:12:09:08 -0400] "GET /en/forum/4-Tariscope-3x/226-Re-%D0%9F%D0%BE%D0%BB%D1%8F-%D0%BF%D1%80%D0%B5%D0%B4%D1%81%D1%82%D0%B0%D0%B2%D0%BB%D0%B5%D0%BD%D0%B8%D1%8F-%D0%B8-flow-version5/post.html HTTP/1.1" 302 566 "-" "Mozilla/5.0 (compatible; MJ12bot/v1.4.7; http://mj12bot.com/)"
89.35.39.45 - - [22/Jul/2017:12:09:08 -0400] "GET /ru/component/search/?searchword=Tariscope%203.4&submit=Search&searchphrase=any&ordering=newest HTTP/1.1" 200 7902 "-" "Mozilla/5.0 (compatible; MJ12bot/v1.4.7; http://mj12bot.com/)"
82.193.100.107 - - [22/Jul/2017:12:09:10 -0400] "GET /ru/component/content/article/20-reports/index.php?option=com_content&view=article&id=165&catid=55&lang=en&Itemid=230 HTTP/1.1" 200 5347 "-" "Mozilla/5.0 (compatible; MJ12bot/v1.4.7; http://mj12bot.com/)"
89.35.39.45 - - [22/Jul/2017:12:09:10 -0400] "GET /ru/component/search/?searchword=Tariscope%20Jobs&submit=Search&searchphrase=any&ordering=newest HTTP/1.1" 200 7902 "-" "Mozilla/5.0 (compatible; MJ12bot/v1.4.7; http://mj12bot.com/)"
91.209.51.22 - - [22/Jul/2017:12:09:11 -0400] "GET /en/forum/4-Tariscope-3x/226-Re-%D0%9F%D0%BE%D0%BB%D1%8F-%D0%BF%D1%80%D0%B5%D0%B4%D1%81%D1%82%D0%B0%D0%B2%D0%BB%D0%B5%D0%BD%D0%B8%D1%8F-%D0%B8-flow-version5/index.php?option=com_content&view=article&id=165&catid=55&lang=en&Itemid=230 HTTP/1.1" 200 5433 "-" "Mozilla/5.0 (compatible; MJ12bot/v1.4.7; http://mj12bot.com/)"
91.209.51.22 - - [22/Jul/2017:12:09:15 -0400] "GET /en/forum/4-Tariscope-3x/228-Re-%D0%9F%D0%BE%D0%BB%D1%8F-%D0%BF%D1%80%D0%B5%D0%B4%D1%81%D1%82%D0%B0%D0%B2%D0%BB%D0%B5%D0%BD%D0%B8%D1%8F-%D0%B8-flow-version5/post.html HTTP/1.1" 302 566 "-" "Mozilla/5.0 (compatible; MJ12bot/v1.4.7; http://mj12bot.com/)"
89.35.39.45 - - [22/Jul/2017:12:09:15 -0400] "GET /ru/component/search/?searchword=Tariscope%20Jobs&submit=Search&searchphrase=any&ordering=newest HTTP/1.1" 200 7902 "-" "Mozilla/5.0 (compatible; MJ12bot/v1.4.7; http://mj12bot.com/)"
89.35.39.45 - - [22/Jul/2017:12:09:15 -0400] "GET /ru/component/search/?searchword=Tariscope%20Management&submit=Search&searchphrase=any&ordering=newest HTTP/1.1" 200 7905 "-" "Mozilla/5.0 (compatible; MJ12bot/v1.4.7; http://mj12bot.com/)"
91.209.51.22 - - [22/Jul/2017:12:09:18 -0400] "GET /en/forum/4-Tariscope-3x/228-Re-%D0%9F%D0%BE%D0%BB%D1%8F-%D0%BF%D1%80%D0%B5%D0%B4%D1%81%D1%82%D0%B0%D0%B2%D0%BB%D0%B5%D0%BD%D0%B8%D1%8F-%D0%B8-flow-version5/index.php?option=com_content&view=article&id=165&catid=55&lang=en&Itemid=230 HTTP/1.1" 200 5433 "-" "Mozilla/5.0 (compatible; MJ12bot/v1.4.7; http://mj12bot.com/)"
82.193.100.107 - - [22/Jul/2017:12:09:18 -0400] "GET /ru/component/content/article/20-reports/194-2012-09-10-08-20-25.html?tmpl=component&print=1 HTTP/1.1" 302 566 "-" "Mozilla/5.0 (compatible; MJ12bot/v1.4.7; http://mj12bot.com/)"
89.35.39.45 - - [22/Jul/2017:12:09:19 -0400] "GET /ru/component/search/?searchword=Tariscope%20Management&submit=Search&searchphrase=any&ordering=newest HTTP/1.1" 200 7905 "-" "Mozilla/5.0 (compatible; MJ12bot/v1.4.7; http://mj12bot.com/)"
82.193.100.107 - - [22/Jul/2017:12:09:21 -0400] "GET /ru/component/content/article/20-reports/index.php?option=com_content&view=article&id=165&catid=55&lang=en&Itemid=230 HTTP/1.1" 200 5347 "-" "Mozilla/5.0 (compatible; MJ12bot/v1.4.7; http://mj12bot.com/)"
89.35.39.45 - - [22/Jul/2017:12:09:19 -0400] "GET /ru/component/search/?searchword=Tariscope%20Monitoring&submit=Search&searchphrase=any&ordering=newest HTTP/1.1" 200 7912 "-" "Mozilla/5.0 (compatible; MJ12bot/v1.4.7; http://mj12bot.com/)"
89.35.39.45 - - [22/Jul/2017:12:09:25 -0400] "GET /ru/component/search/?searchword=Tariscope%20Monitoring&submit=Search&searchphrase=any&ordering=newest HTTP/1.1" 200 7912 "-" "Mozilla/5.0 (compatible; MJ12bot/v1.4.7; http://mj12bot.com/)"
89.35.39.45 - - [22/Jul/2017:12:09:25 -0400] "GET /ru/component/search/?searchword=Tariscope%20Observer&submit=Search&searchphrase=any&ordering=newest HTTP/1.1" 200 7900 "-" "Mozilla/5.0 (compatible; MJ12bot/v1.4.7; http://mj12bot.com/)"
89.35.39.45 - - [22/Jul/2017:12:09:30 -0400] "GET /ru/component/search/?searchword=Tariscope%20Observer&submit=Search&searchphrase=any&ordering=newest HTTP/1.1" 200 7900 "-" "Mozilla/5.0 (compatible; MJ12bot/v1.4.7; http://mj12bot.com/)"
89.35.39.45 - - [22/Jul/2017:12:09:31 -0400] "GET /ru/component/search/?searchword=Tariscope%20Personal%20Area&submit=Search&searchphrase=any&ordering=newest HTTP/1.1" 200 7909 "-" "Mozilla/5.0 (compatible; MJ12bot/v1.4.7; http://mj12bot.com/)"
180.76.15.22 - - [22/Jul/2017:12:09:33 -0400] "GET /en/support/kb/59-support_en/admin-guide/227-providers.html HTTP/1.1" 200 14089 "-" "Mozilla/5.0 (compatible; Baiduspider/2.0; +http://www.baidu.com/search/spider.html)"
89.35.39.45 - - [22/Jul/2017:12:09:35 -0400] "GET /ru/component/search/?searchword=Tariscope%20Personal%20Area&submit=Search&searchphrase=any&ordering=newest HTTP/1.1" 200 7909 "-" "Mozilla/5.0 (compatible; MJ12bot/v1.4.7; http://mj12bot.com/)"
89.35.39.45 - - [22/Jul/2017:12:09:37 -0400] "GET /ru/component/search/?searchword=authentication&submit=Search&searchphrase=any&ordering=newest HTTP/1.1" 200 6255 "-" "Mozilla/5.0 (compatible; MJ12bot/v1.4.7; http://mj12bot.com/)"
82.193.100.107 - - [22/Jul/2017:12:09:39 -0400] "GET /ru/component/content/article/20-reports/195-2012-09-10-09-17-35.html HTTP/1.1" 302 566 "-" "Mozilla/5.0 (compatible; MJ12bot/v1.4.7; http://mj12bot.com/)"
91.209.51.22 - - [22/Jul/2017:12:09:39 -0400] "GET /en/forum/4-Tariscope-3x/229-Re-%D0%9F%D0%BE%D0%BB%D1%8F-%D0%BF%D1%80%D0%B5%D0%B4%D1%81%D1%82%D0%B0%D0%B2%D0%BB%D0%B5%D0%BD%D0%B8%D1%8F-%D0%B8-flow-version5/post.html HTTP/1.1" 302 566 "-" "Mozilla/5.0 (compatible; MJ12bot/v1.4.7; http://mj12bot.com/)"
89.35.39.45 - - [22/Jul/2017:12:09:39 -0400] "GET /ru/component/search/?searchword=authentication&submit=Search&searchphrase=any&ordering=newest HTTP/1.1" 200 6255 "-" "Mozilla/5.0 (compatible; MJ12bot/v1.4.7; http://mj12bot.com/)"
89.35.39.45 - - [22/Jul/2017:12:09:40 -0400] "GET /ru/component/search/?searchword=backup&submit=Search&searchphrase=any&ordering=newest HTTP/1.1" 200 6179 "-" "Mozilla/5.0 (compatible; MJ12bot/v1.4.7; http://mj12bot.com/)"
82.193.100.107 - - [22/Jul/2017:12:09:42 -0400] "GET /ru/component/content/article/20-reports/index.php?option=com_content&view=article&id=165&catid=55&lang=en&Itemid=230 HTTP/1.1" 200 5347 "-" "Mozilla/5.0 (compatible; MJ12bot/v1.4.7; http://mj12bot.com/)"
91.209.51.22 - - [22/Jul/2017:12:09:43 -0400] "GET /en/forum/4-Tariscope-3x/229-Re-%D0%9F%D0%BE%D0%BB%D1%8F-%D0%BF%D1%80%D0%B5%D0%B4%D1%81%D1%82%D0%B0%D0%B2%D0%BB%D0%B5%D0%BD%D0%B8%D1%8F-%D0%B8-flow-version5/index.php?option=com_content&view=article&id=165&catid=55&lang=en&Itemid=230 HTTP/1.1" 200 5433 "-" "Mozilla/5.0 (compatible; MJ12bot/v1.4.7; http://mj12bot.com/)"
89.35.39.45 - - [22/Jul/2017:12:09:43 -0400] "GET /ru/component/search/?searchword=backup&submit=Search&searchphrase=any&ordering=newest HTTP/1.1" 200 6179 "-" "Mozilla/5.0 (compatible; MJ12bot/v1.4.7; http://mj12bot.com/)"
89.35.39.45 - - [22/Jul/2017:12:09:44 -0400] "GET /ru/component/search/?searchword=balance&submit=Search&searchphrase=any&ordering=newest HTTP/1.1" 200 6166 "-" "Mozilla/5.0 (compatible; MJ12bot/v1.4.7; http://mj12bot.com/)"
91.209.51.22 - - [22/Jul/2017:12:09:46 -0400] "GET /en/forum/4-Tariscope-3x/230-Re-cme-hunt-group-%D0%B8-%D0%B2%D1%85%D0%BE%D0%B4%D1%8F%D1%89%D0%B8%D0%B5-%D0%B2%D1%8B%D0%B7%D0%BE%D0%B2%D1%8B/post.html HTTP/1.1" 302 566 "-" "Mozilla/5.0 (compatible; MJ12bot/v1.4.7; http://mj12bot.com/)"
82.193.100.107 - - [22/Jul/2017:12:09:46 -0400] "GET /ru/component/content/article/20-reports/195-2012-09-10-09-17-35.html?tmpl=component&print=1 HTTP/1.1" 302 566 "-" "Mozilla/5.0 (compatible; MJ12bot/v1.4.7; http://mj12bot.com/)"
89.35.39.45 - - [22/Jul/2017:12:09:47 -0400] "GET /ru/component/search/?searchword=balance&submit=Search&searchphrase=any&ordering=newest HTTP/1.1" 200 6166 "-" "Mozilla/5.0 (compatible; MJ12bot/v1.4.7; http://mj12bot.com/)"
89.35.39.45 - - [22/Jul/2017:12:09:47 -0400] "GET /ru/component/search/?searchword=billing%20monitoring&submit=Search&searchphrase=any&ordering=newest HTTP/1.1" 200 6062 "-" "Mozilla/5.0 (compatible; MJ12bot/v1.4.7; http://mj12bot.com/)"
82.193.100.107 - - [22/Jul/2017:12:09:49 -0400] "GET /ru/component/content/article/20-reports/index.php?option=com_content&view=article&id=165&catid=55&lang=en&Itemid=230 HTTP/1.1" 200 5347 "-" "Mozilla/5.0 (compatible; MJ12bot/v1.4.7; http://mj12bot.com/)"
91.209.51.22 - - [22/Jul/2017:12:09:49 -0400] "GET /en/forum/4-Tariscope-3x/230-Re-cme-hunt-group-%D0%B8-%D0%B2%D1%85%D0%BE%D0%B4%D1%8F%D1%89%D0%B8%D0%B5-%D0%B2%D1%8B%D0%B7%D0%BE%D0%B2%D1%8B/index.php?option=com_content&view=article&id=165&catid=55&lang=en&Itemid=230 HTTP/1.1" 200 5421 "-" "Mozilla/5.0 (compatible; MJ12bot/v1.4.7; http://mj12bot.com/)"
82.193.100.107 - - [22/Jul/2017:12:09:52 -0400] "GET /ru/component/content/article/20-reports/196-2012-09-10-09-33-07.html HTTP/1.1" 302 566 "-" "Mozilla/5.0 (compatible; MJ12bot/v1.4.7; http://mj12bot.com/)"
91.209.51.22 - - [22/Jul/2017:12:09:52 -0400] "GET /en/forum/4-Tariscope-3x/231-Re-cme-hunt-group-%D0%B8-%D0%B2%D1%85%D0%BE%D0%B4%D1%8F%D1%89%D0%B8%D0%B5-%D0%B2%D1%8B%D0%B7%D0%BE%D0%B2%D1%8B/post.html HTTP/1.1" 302 566 "-" "Mozilla/5.0 (compatible; MJ12bot/v1.4.7; http://mj12bot.com/)"
89.35.39.45 - - [22/Jul/2017:12:09:51 -0400] "GET /ru/component/search/?searchword=billing%20system&submit=Search&searchphrase=any&ordering=newest HTTP/1.1" 200 8480 "-" "Mozilla/5.0 (compatible; MJ12bot/v1.4.7; http://mj12bot.com/)"
89.35.39.45 - - [22/Jul/2017:12:09:54 -0400] "GET /ru/component/search/?searchword=billing%20monitoring&submit=Search&searchphrase=any&ordering=newest HTTP/1.1" 200 6062 "-" "Mozilla/5.0 (compatible; MJ12bot/v1.4.7; http://mj12bot.com/)"
82.193.100.107 - - [22/Jul/2017:12:09:55 -0400] "GET /ru/component/content/article/20-reports/index.php?option=com_content&view=article&id=165&catid=55&lang=en&Itemid=230 HTTP/1.1" 200 5347 "-" "Mozilla/5.0 (compatible; MJ12bot/v1.4.7; http://mj12bot.com/)"
91.209.51.22 - - [22/Jul/2017:12:09:55 -0400] "GET /en/forum/4-Tariscope-3x/231-Re-cme-hunt-group-%D0%B8-%D0%B2%D1%85%D0%BE%D0%B4%D1%8F%D1%89%D0%B8%D0%B5-%D0%B2%D1%8B%D0%B7%D0%BE%D0%B2%D1%8B/index.php?option=com_content&view=article&id=165&catid=55&lang=en&Itemid=230 HTTP/1.1" 200 5421 "-" "Mozilla/5.0 (compatible; MJ12bot/v1.4.7; http://mj12bot.com/)"
89.35.39.45 - - [22/Jul/2017:12:09:57 -0400] "GET /ru/component/search/?searchword=bloking&submit=Search&searchphrase=any&ordering=newest HTTP/1.1" 200 5463 "-" "Mozilla/5.0 (compatible; MJ12bot/v1.4.7; http://mj12bot.com/)"
91.209.51.22 - - [22/Jul/2017:12:09:58 -0400] "GET /en/forum/4-Tariscope-3x/232-Re-cme-hunt-group-%D0%B8-%D0%B2%D1%85%D0%BE%D0%B4%D1%8F%D1%89%D0%B8%D0%B5-%D0%B2%D1%8B%D0%B7%D0%BE%D0%B2%D1%8B/post.html HTTP/1.1" 302 566 "-" "Mozilla/5.0 (compatible; MJ12bot/v1.4.7; http://mj12bot.com/)"
82.193.100.107 - - [22/Jul/2017:12:09:58 -0400] "GET /ru/component/content/article/20-reports/196-2012-09-10-09-33-07.html?tmpl=component&print=1 HTTP/1.1" 302 566 "-" "Mozilla/5.0 (compatible; MJ12bot/v1.4.7; http://mj12bot.com/)"
91.209.51.22 - - [22/Jul/2017:12:10:01 -0400] "GET /en/forum/4-Tariscope-3x/232-Re-cme-hunt-group-%D0%B8-%D0%B2%D1%85%D0%BE%D0%B4%D1%8F%D1%89%D0%B8%D0%B5-%D0%B2%D1%8B%D0%B7%D0%BE%D0%B2%D1%8B/index.php?option=com_content&view=article&id=165&catid=55&lang=en&Itemid=230 HTTP/1.1" 200 5421 "-" "Mozilla/5.0 (compatible; MJ12bot/v1.4.7; http://mj12bot.com/)"
82.193.100.107 - - [22/Jul/2017:12:10:02 -0400] "GET /ru/component/content/article/20-reports/index.php?option=com_content&view=article&id=165&catid=55&lang=en&Itemid=230 HTTP/1.1" 200 5347 "-" "Mozilla/5.0 (compatible; MJ12bot/v1.4.7; http://mj12bot.com/)"
89.35.39.45 - - [22/Jul/2017:12:09:58 -0400] "GET /ru/component/search/?searchword=billing%20system&submit=Search&searchphrase=any&ordering=newest HTTP/1.1" 200 8480 "-" "Mozilla/5.0 (compatible; MJ12bot/v1.4.7; http://mj12bot.com/)"
82.193.100.107 - - [22/Jul/2017:12:10:06 -0400] "GET /ru/component/content/article/20-reports/197--3-.html HTTP/1.1" 302 566 "-" "Mozilla/5.0 (compatible; MJ12bot/v1.4.7; http://mj12bot.com/)"
91.209.51.22 - - [22/Jul/2017:12:10:07 -0400] "GET /en/forum/4-Tariscope-3x/233-Re-%D0%9D%D0%BE%D0%BC%D0%B5%D1%80%D0%B0-%D0%B8-%D0%BA%D0%BE%D0%B4%D1%8B/post.html HTTP/1.1" 302 566 "-" "Mozilla/5.0 (compatible; MJ12bot/v1.4.7; http://mj12bot.com/)"
89.35.39.45 - - [22/Jul/2017:12:10:01 -0400] "GET /ru/component/search/?searchword=business%20calls&submit=Search&searchphrase=any&ordering=newest HTTP/1.1" 200 7496 "-" "Mozilla/5.0 (compatible; MJ12bot/v1.4.7; http://mj12bot.com/)"
89.35.39.45 - - [22/Jul/2017:12:10:07 -0400] "GET /ru/component/search/?searchword=bloking&submit=Search&searchphrase=any&ordering=newest HTTP/1.1" 200 5463 "-" "Mozilla/5.0 (compatible; MJ12bot/v1.4.7; http://mj12bot.com/)"
91.209.51.22 - - [22/Jul/2017:12:10:10 -0400] "GET /en/forum/4-Tariscope-3x/233-Re-%D0%9D%D0%BE%D0%BC%D0%B5%D1%80%D0%B0-%D0%B8-%D0%BA%D0%BE%D0%B4%D1%8B/index.php?option=com_content&view=article&id=165&catid=55&lang=en&Itemid=230 HTTP/1.1" 200 5408 "-" "Mozilla/5.0 (compatible; MJ12bot/v1.4.7; http://mj12bot.com/)"
82.193.100.107 - - [22/Jul/2017:12:10:11 -0400] "GET /ru/component/content/article/20-reports/index.php?option=com_content&view=article&id=165&catid=55&lang=en&Itemid=230 HTTP/1.1" 200 5347 "-" "Mozilla/5.0 (compatible; MJ12bot/v1.4.7; http://mj12bot.com/)"
91.209.51.22 - - [22/Jul/2017:12:10:14 -0400] "GET /en/forum/4-Tariscope-3x/234-Re-%D0%9F%D0%BE%D0%BB%D1%8F-%D0%BF%D1%80%D0%B5%D0%B4%D1%81%D1%82%D0%B0%D0%B2%D0%BB%D0%B5%D0%BD%D0%B8%D1%8F-%D0%B8-flow-version5/post.html HTTP/1.1" 302 566 "-" "Mozilla/5.0 (compatible; MJ12bot/v1.4.7; http://mj12bot.com/)"
89.35.39.45 - - [22/Jul/2017:12:10:11 -0400] "GET /ru/component/search/?searchword=business%20calls&submit=Search&searchphrase=any&ordering=newest HTTP/1.1" 200 7496 "-" "Mozilla/5.0 (compatible; MJ12bot/v1.4.7; http://mj12bot.com/)"
89.35.39.45 - - [22/Jul/2017:12:10:10 -0400] "GET /ru/component/search/?searchword=call%20fields&submit=Search&searchphrase=any&ordering=newest HTTP/1.1" 200 9433 "-" "Mozilla/5.0 (compatible; MJ12bot/v1.4.7; http://mj12bot.com/)"
82.193.100.107 - - [22/Jul/2017:12:10:15 -0400] "GET /ru/component/content/article/20-reports/197--3-.html?tmpl=component&print=1 HTTP/1.1" 302 566 "-" "Mozilla/5.0 (compatible; MJ12bot/v1.4.7; http://mj12bot.com/)"
91.209.51.22 - - [22/Jul/2017:12:10:17 -0400] "GET /en/forum/4-Tariscope-3x/234-Re-%D0%9F%D0%BE%D0%BB%D1%8F-%D0%BF%D1%80%D0%B5%D0%B4%D1%81%D1%82%D0%B0%D0%B2%D0%BB%D0%B5%D0%BD%D0%B8%D1%8F-%D0%B8-flow-version5/index.php?option=com_content&view=article&id=165&catid=55&lang=en&Itemid=230 HTTP/1.1" 200 5433 "-" "Mozilla/5.0 (compatible; MJ12bot/v1.4.7; http://mj12bot.com/)"
89.35.39.45 - - [22/Jul/2017:12:10:18 -0400] "GET /ru/component/search/?searchword=filter&submit=Search&searchphrase=any&ordering=newest HTTP/1.1" 200 5462 "-" "Mozilla/5.0 (compatible; MJ12bot/v1.4.7; http://mj12bot.com/)"
82.193.100.107 - - [22/Jul/2017:12:10:19 -0400] "GET /ru/component/content/article/20-reports/index.php?option=com_content&view=article&id=165&catid=55&lang=en&Itemid=230 HTTP/1.1" 200 5347 "-" "Mozilla/5.0 (compatible; MJ12bot/v1.4.7; http://mj12bot.com/)"
89.35.39.45 - - [22/Jul/2017:12:10:18 -0400] "GET /ru/component/search/?searchword=call%20fields&submit=Search&searchphrase=any&ordering=newest HTTP/1.1" 200 9433 "-" "Mozilla/5.0 (compatible; MJ12bot/v1.4.7; http://mj12bot.com/)"
91.209.51.22 - - [22/Jul/2017:12:10:21 -0400] "GET /en/forum/4-Tariscope-3x/235-Re-cme-hunt-group-%D0%B8-%D0%B2%D1%85%D0%BE%D0%B4%D1%8F%D1%89%D0%B8%D0%B5-%D0%B2%D1%8B%D0%B7%D0%BE%D0%B2%D1%8B/post.html HTTP/1.1" 302 566 "-" "Mozilla/5.0 (compatible; MJ12bot/v1.4.7; http://mj12bot.com/)"
82.193.100.107 - - [22/Jul/2017:12:10:23 -0400] "GET /ru/component/content/article/20-reports/198-2012-09-11-08-21-21.html HTTP/1.1" 301 476 "-" "Mozilla/5.0 (compatible; MJ12bot/v1.4.7; http://mj12bot.com/)"
89.35.39.45 - - [22/Jul/2017:12:10:22 -0400] "GET /ru/component/search/?searchword=profile&submit=Search&searchphrase=any&ordering=newest HTTP/1.1" 200 6452 "-" "Mozilla/5.0 (compatible; MJ12bot/v1.4.7; http://mj12bot.com/)"
89.35.39.45 - - [22/Jul/2017:12:10:23 -0400] "GET /ru/component/search/?searchword=filter&submit=Search&searchphrase=any&ordering=newest HTTP/1.1" 200 5462 "-" "Mozilla/5.0 (compatible; MJ12bot/v1.4.7; http://mj12bot.com/)"
91.209.51.22 - - [22/Jul/2017:12:10:25 -0400] "GET /en/forum/4-Tariscope-3x/235-Re-cme-hunt-group-%D0%B8-%D0%B2%D1%85%D0%BE%D0%B4%D1%8F%D1%89%D0%B8%D0%B5-%D0%B2%D1%8B%D0%B7%D0%BE%D0%B2%D1%8B/index.php?option=com_content&view=article&id=165&catid=55&lang=en&Itemid=230 HTTP/1.1" 200 5421 "-" "Mozilla/5.0 (compatible; MJ12bot/v1.4.7; http://mj12bot.com/)"
82.193.100.107 - - [22/Jul/2017:12:10:27 -0400] "GET /ru/ HTTP/1.1" 200 8273 "-" "Mozilla/5.0 (compatible; MJ12bot/v1.4.7; http://mj12bot.com/)"
91.209.51.22 - - [22/Jul/2017:12:10:28 -0400] "GET /en/forum/4-Tariscope-3x/236-Re-Avaya-%D0%B8-Tariscope/post.html HTTP/1.1" 302 566 "-" "Mozilla/5.0 (compatible; MJ12bot/v1.4.7; http://mj12bot.com/)"
89.35.39.45 - - [22/Jul/2017:12:10:27 -0400] "GET /ru/component/search/?searchword=rFlow&submit=Search&searchphrase=any&ordering=newest HTTP/1.1" 200 7161 "-" "Mozilla/5.0 (compatible; MJ12bot/v1.4.7; http://mj12bot.com/)"
89.35.39.45 - - [22/Jul/2017:12:10:28 -0400] "GET /ru/component/search/?searchword=profile&submit=Search&searchphrase=any&ordering=newest HTTP/1.1" 200 6452 "-" "Mozilla/5.0 (compatible; MJ12bot/v1.4.7; http://mj12bot.com/)"
91.209.51.22 - - [22/Jul/2017:12:10:31 -0400] "GET /en/forum/4-Tariscope-3x/236-Re-Avaya-%D0%B8-Tariscope/index.php?option=com_content&view=article&id=165&catid=55&lang=en&Itemid=230 HTTP/1.1" 200 5444 "-" "Mozilla/5.0 (compatible; MJ12bot/v1.4.7; http://mj12bot.com/)"
82.193.100.107 - - [22/Jul/2017:12:10:32 -0400] "GET /ru/component/content/article/20-reports/198-2012-09-11-08-21-21.html?tmpl=component&print=1 HTTP/1.1" 301 499 "-" "Mozilla/5.0 (compatible; MJ12bot/v1.4.7; http://mj12bot.com/)"
89.35.39.45 - - [22/Jul/2017:12:10:32 -0400] "GET /ru/component/search/?searchword=rFlow&submit=Search&searchphrase=any&ordering=newest HTTP/1.1" 200 7209 "-" "Mozilla/5.0 (compatible; MJ12bot/v1.4.7; http://mj12bot.com/)"
89.35.39.45 - - [22/Jul/2017:12:10:32 -0400] "GET /ru/component/search/?searchword=rate%20plan&submit=Search&searchphrase=any&ordering=newest HTTP/1.1" 200 7767 "-" "Mozilla/5.0 (compatible; MJ12bot/v1.4.7; http://mj12bot.com/)"
91.209.51.22 - - [22/Jul/2017:12:10:34 -0400] "GET /en/forum/4-Tariscope-3x/267-%D0%A3%D0%B2%D0%B5%D0%B4%D0%BE%D0%BC%D0%BB%D0%B5%D0%BD%D0%B8%D1%8F-%D0%B8-%D0%BF%D0%BE%D1%87%D1%82%D0%B0-%D0%B2-Tariscope.html HTTP/1.1" 200 6520 "-" "Mozilla/5.0 (compatible; MJ12bot/v1.4.7; http://mj12bot.com/)"
82.193.100.107 - - [22/Jul/2017:12:10:35 -0400] "GET /ru/?tmpl=component&print=1 HTTP/1.1" 200 3672 "-" "Mozilla/5.0 (compatible; MJ12bot/v1.4.7; http://mj12bot.com/)"
82.193.100.107 - - [22/Jul/2017:12:10:38 -0400] "GET /ru/component/content/article/20-reports/199-2012-09-11-08-58-06.html HTTP/1.1" 302 566 "-" "Mozilla/5.0 (compatible; MJ12bot/v1.4.7; http://mj12bot.com/)"
89.35.39.45 - - [22/Jul/2017:12:10:36 -0400] "GET /ru/component/search/?searchword=report%20form&submit=Search&searchphrase=any&ordering=newest HTTP/1.1" 200 8557 "-" "Mozilla/5.0 (compatible; MJ12bot/v1.4.7; http://mj12bot.com/)"
91.209.51.22 - - [22/Jul/2017:12:10:38 -0400] "GET /en/forum/4-Tariscope-3x/267-%D0%A3%D0%B2%D0%B5%D0%B4%D0%BE%D0%BC%D0%BB%D0%B5%D0%BD%D0%B8%D1%8F-%D0%B8-%D0%BF%D0%BE%D1%87%D1%82%D0%B0-%D0%B2-Tariscope.html?format=html HTTP/1.1" 200 6526 "-" "Mozilla/5.0 (compatible; MJ12bot/v1.4.7; http://mj12bot.com/)"
89.35.39.45 - - [22/Jul/2017:12:10:39 -0400] "GET /ru/component/search/?searchword=rate%20plan&submit=Search&searchphrase=any&ordering=newest HTTP/1.1" 200 7767 "-" "Mozilla/5.0 (compatible; MJ12bot/v1.4.7; http://mj12bot.com/)"
82.193.100.107 - - [22/Jul/2017:12:10:40 -0400] "GET /ru/component/content/article/20-reports/index.php?option=com_content&view=article&id=165&catid=55&lang=en&Itemid=230 HTTP/1.1" 200 5346 "-" "Mozilla/5.0 (compatible; MJ12bot/v1.4.7; http://mj12bot.com/)"
91.209.51.22 - - [22/Jul/2017:12:10:41 -0400] "GET /en/forum/4-Tariscope-3x/281-Re-%D0%A3%D0%B2%D0%B5%D0%B4%D0%BE%D0%BC%D0%BB%D0%B5%D0%BD%D0%B8%D1%8F-%D0%B8-%D0%BF%D0%BE%D1%87%D1%82%D0%B0-%D0%B2-Tariscope/post.html HTTP/1.1" 302 566 "-" "Mozilla/5.0 (compatible; MJ12bot/v1.4.7; http://mj12bot.com/)"
82.193.100.107 - - [22/Jul/2017:12:10:44 -0400] "GET /ru/component/content/article/20-reports/199-2012-09-11-08-58-06.html?tmpl=component&print=1 HTTP/1.1" 302 566 "-" "Mozilla/5.0 (compatible; MJ12bot/v1.4.7; http://mj12bot.com/)"
91.209.51.22 - - [22/Jul/2017:12:10:44 -0400] "GET /en/forum/4-Tariscope-3x/281-Re-%D0%A3%D0%B2%D0%B5%D0%B4%D0%BE%D0%BC%D0%BB%D0%B5%D0%BD%D0%B8%D1%8F-%D0%B8-%D0%BF%D0%BE%D1%87%D1%82%D0%B0-%D0%B2-Tariscope/index.php?option=com_content&view=article&id=165&catid=55&lang=en&Itemid=230 HTTP/1.1" 200 5424 "-" "Mozilla/5.0 (compatible; MJ12bot/v1.4.7; http://mj12bot.com/)"
89.35.39.45 - - [22/Jul/2017:12:10:44 -0400] "GET /ru/component/search/?searchword=report%20form&submit=Search&searchphrase=any&ordering=newest HTTP/1.1" 200 8557 "-" "Mozilla/5.0 (compatible; MJ12bot/v1.4.7; http://mj12bot.com/)"
82.193.100.107 - - [22/Jul/2017:12:10:48 -0400] "GET /ru/component/content/article/20-reports/index.php?option=com_content&view=article&id=165&catid=55&lang=en&Itemid=230 HTTP/1.1" 200 5346 "-" "Mozilla/5.0 (compatible; MJ12bot/v1.4.7; http://mj12bot.com/)"
91.209.51.22 - - [22/Jul/2017:12:10:48 -0400] "GET /en/forum/4-Tariscope-3x/285-Re-%D0%90%D0%A2%D0%A1-3CX-ver-125---%D0%BA%D0%B0%D0%BA-%D0%B8%D1%81%D0%BF%D1%80%D0%B0%D0%B2%D0%B8%D1%82%D1%8C-%D0%B2%D1%80%D0%B5%D0%BC%D1%8F-%D0%B7%D0%B2%D0%BE%D0%BD%D0%BA%D0%B0.html HTTP/1.1" 200 7344 "-" "Mozilla/5.0 (compatible; MJ12bot/v1.4.7; http://mj12bot.com/)"
89.35.39.45 - - [22/Jul/2017:12:10:47 -0400] "GET /ru/component/search/?searchword=restriction%20classes&submit=Search&searchphrase=any&ordering=newest HTTP/1.1" 200 5465 "-" "Mozilla/5.0 (compatible; MJ12bot/v1.4.7; http://mj12bot.com/)"
82.193.100.107 - - [22/Jul/2017:12:10:52 -0400] "GET /ru/component/content/article/20-reports/200-2012-09-11-09-54-22.html HTTP/1.1" 302 566 "-" "Mozilla/5.0 (compatible; MJ12bot/v1.4.7; http://mj12bot.com/)"
89.35.39.45 - - [22/Jul/2017:12:10:51 -0400] "GET /ru/component/search/?searchword=restriction%20classes&submit=Search&searchphrase=any&ordering=newest HTTP/1.1" 200 5465 "-" "Mozilla/5.0 (compatible; MJ12bot/v1.4.7; http://mj12bot.com/)"
89.35.39.45 - - [22/Jul/2017:12:10:53 -0400] "GET /ru/component/search/?searchword=site%20name&submit=Search&searchphrase=any&ordering=newest HTTP/1.1" 200 9464 "-" "Mozilla/5.0 (compatible; MJ12bot/v1.4.7; http://mj12bot.com/)"
91.209.51.22 - - [22/Jul/2017:12:10:56 -0400] "GET /en/forum/4-Tariscope-3x/285-Re-%D0%90%D0%A2%D0%A1-3CX-ver-125---%D0%BA%D0%B0%D0%BA-%D0%B8%D1%81%D0%BF%D1%80%D0%B0%D0%B2%D0%B8%D1%82%D1%8C-%D0%B2%D1%80%D0%B5%D0%BC%D1%8F-%D0%B7%D0%B2%D0%BE%D0%BD%D0%BA%D0%B0.html?format=html HTTP/1.1" 200 7353 "-" "Mozilla/5.0 (compatible; MJ12bot/v1.4.7; http://mj12bot.com/)"
82.193.100.107 - - [22/Jul/2017:12:10:57 -0400] "GET /ru/component/content/article/20-reports/index.php?option=com_content&view=article&id=165&catid=55&lang=en&Itemid=230 HTTP/1.1" 200 5346 "-" "Mozilla/5.0 (compatible; MJ12bot/v1.4.7; http://mj12bot.com/)"
89.35.39.45 - - [22/Jul/2017:12:10:55 -0400] "GET /ru/component/search/?searchword=site%20name&submit=Search&searchphrase=any&ordering=newest HTTP/1.1" 200 9459 "-" "Mozilla/5.0 (compatible; MJ12bot/v1.4.7; http://mj12bot.com/)"
89.35.39.45 - - [22/Jul/2017:12:10:57 -0400] "GET /ru/component/search/?searchword=site&submit=Search&searchphrase=any&ordering=newest HTTP/1.1" 200 8520 "-" "Mozilla/5.0 (compatible; MJ12bot/v1.4.7; http://mj12bot.com/)"
91.209.51.22 - - [22/Jul/2017:12:11:00 -0400] "GET /en/forum/4-Tariscope-Enterprise--Provider/187-%D0%A1%D0%BE%D0%B2%D0%BC%D0%B5%D1%81%D1%82%D0%B8%D0%BC%D0%BE%D1%81%D1%82%D1%8C-%D1%81-%D0%9A%D0%B2%D0%B0%D0%BD%D1%82-%D0%95/post.html HTTP/1.1" 302 566 "-" "Mozilla/5.0 (compatible; MJ12bot/v1.4.7; http://mj12bot.com/)"
82.193.100.107 - - [22/Jul/2017:12:11:01 -0400] "GET /ru/component/content/article/20-reports/200-2012-09-11-09-54-22.html?tmpl=component&print=1 HTTP/1.1" 302 566 "-" "Mozilla/5.0 (compatible; MJ12bot/v1.4.7; http://mj12bot.com/)"
89.35.39.45 - - [22/Jul/2017:12:11:02 -0400] "GET /ru/component/search/?searchword=sort&submit=Search&searchphrase=any&ordering=newest HTTP/1.1" 200 5456 "-" "Mozilla/5.0 (compatible; MJ12bot/v1.4.7; http://mj12bot.com/)"
89.35.39.45 - - [22/Jul/2017:12:11:02 -0400] "GET /ru/component/search/?searchword=site&submit=Search&searchphrase=any&ordering=newest HTTP/1.1" 200 8520 "-" "Mozilla/5.0 (compatible; MJ12bot/v1.4.7; http://mj12bot.com/)"
82.193.100.107 - - [22/Jul/2017:12:11:04 -0400] "GET /ru/component/content/article/20-reports/index.php?option=com_content&view=article&id=165&catid=55&lang=en&Itemid=230 HTTP/1.1" 200 5346 "-" "Mozilla/5.0 (compatible; MJ12bot/v1.4.7; http://mj12bot.com/)"
91.209.51.22 - - [22/Jul/2017:12:11:04 -0400] "GET /en/forum/4-Tariscope-Enterprise--Provider/187-%D0%A1%D0%BE%D0%B2%D0%BC%D0%B5%D1%81%D1%82%D0%B8%D0%BC%D0%BE%D1%81%D1%82%D1%8C-%D1%81-%D0%9A%D0%B2%D0%B0%D0%BD%D1%82-%D0%95/index.php?option=com_content&view=article&id=165&catid=55&lang=en&Itemid=230 HTTP/1.1" 200 5424 "-" "Mozilla/5.0 (compatible; MJ12bot/v1.4.7; http://mj12bot.com/)"
91.209.51.22 - - [22/Jul/2017:12:11:08 -0400] "GET /en/forum/4-Tariscope-Enterprise--Provider/188-Re-%D0%A1%D0%BE%D0%B2%D0%BC%D0%B5%D1%81%D1%82%D0%B8%D0%BC%D0%BE%D1%81%D1%82%D1%8C-%D1%81-%D0%9A%D0%B2%D0%B0%D0%BD%D1%82-%D0%95/post.html HTTP/1.1" 302 566 "-" "Mozilla/5.0 (compatible; MJ12bot/v1.4.7; http://mj12bot.com/)"
89.35.39.45 - - [22/Jul/2017:12:11:07 -0400] "GET /ru/component/search/?searchword=sort&submit=Search&searchphrase=any&ordering=newest HTTP/1.1" 200 5456 "-" "Mozilla/5.0 (compatible; MJ12bot/v1.4.7; http://mj12bot.com/)"
82.193.100.107 - - [22/Jul/2017:12:11:08 -0400] "GET /ru/component/content/article/20-reports/201-2012-09-11-13-53-09.html HTTP/1.1" 301 476 "-" "Mozilla/5.0 (compatible; MJ12bot/v1.4.7; http://mj12bot.com/)"
89.35.39.45 - - [22/Jul/2017:12:11:08 -0400] "GET /ru/component/search/?searchword=start&submit=Search&searchphrase=any&ordering=newest HTTP/1.1" 200 6481 "-" "Mozilla/5.0 (compatible; MJ12bot/v1.4.7; http://mj12bot.com/)"
91.209.51.22 - - [22/Jul/2017:12:11:11 -0400] "GET /en/forum/4-Tariscope-Enterprise--Provider/188-Re-%D0%A1%D0%BE%D0%B2%D0%BC%D0%B5%D1%81%D1%82%D0%B8%D0%BC%D0%BE%D1%81%D1%82%D1%8C-%D1%81-%D0%9A%D0%B2%D0%B0%D0%BD%D1%82-%D0%95/index.php?option=com_content&view=article&id=165&catid=55&lang=en&Itemid=230 HTTP/1.1" 200 5429 "-" "Mozilla/5.0 (compatible; MJ12bot/v1.4.7; http://mj12bot.com/)"
